Component: ARM Compiler 6.16 Tool: armlink [5dfeaa00]

==============================================================================

Section Cross References

    startup_stm32f103xb.o(STACK) refers (Special) to heapauxi.o(.text) for __use_two_region_memory
    startup_stm32f103xb.o(HEAP) refers (Special) to heapauxi.o(.text) for __use_two_region_memory
    startup_stm32f103xb.o(RESET) refers (Special) to heapauxi.o(.text) for __use_two_region_memory
    startup_stm32f103xb.o(RESET) refers to startup_stm32f103xb.o(STACK) for __initial_sp
    startup_stm32f103xb.o(RESET) refers to startup_stm32f103xb.o(.text) for Reset_Handler
    startup_stm32f103xb.o(RESET) refers to stm32f1xx_it.o(.text.NMI_Handler) for NMI_Handler
    startup_stm32f103xb.o(RESET) refers to stm32f1xx_it.o(.text.HardFault_Handler) for HardFault_Handler
    startup_stm32f103xb.o(RESET) refers to stm32f1xx_it.o(.text.MemManage_Handler) for MemManage_Handler
    startup_stm32f103xb.o(RESET) refers to stm32f1xx_it.o(.text.BusFault_Handler) for BusFault_Handler
    startup_stm32f103xb.o(RESET) refers to stm32f1xx_it.o(.text.UsageFault_Handler) for UsageFault_Handler
    startup_stm32f103xb.o(RESET) refers to stm32f1xx_it.o(.text.SVC_Handler) for SVC_Handler
    startup_stm32f103xb.o(RESET) refers to stm32f1xx_it.o(.text.DebugMon_Handler) for DebugMon_Handler
    startup_stm32f103xb.o(RESET) refers to stm32f1xx_it.o(.text.PendSV_Handler) for PendSV_Handler
    startup_stm32f103xb.o(RESET) refers to stm32f1xx_it.o(.text.SysTick_Handler) for SysTick_Handler
    startup_stm32f103xb.o(RESET) refers to stm32f1xx_it.o(.text.USB_LP_CAN1_RX0_IRQHandler) for USB_LP_CAN1_RX0_IRQHandler
    startup_stm32f103xb.o(RESET) refers to stm32f1xx_it.o(.text.CAN1_SCE_IRQHandler) for CAN1_SCE_IRQHandler
    startup_stm32f103xb.o(RESET) refers to stm32f1xx_it.o(.text.USART1_IRQHandler) for USART1_IRQHandler
    startup_stm32f103xb.o(.text) refers (Special) to heapauxi.o(.text) for __use_two_region_memory
    startup_stm32f103xb.o(.text) refers to system_stm32f1xx.o(.text.SystemInit) for SystemInit
    startup_stm32f103xb.o(.text) refers to __main.o(!!!main) for __main
    startup_stm32f103xb.o(.text) refers to startup_stm32f103xb.o(HEAP) for Heap_Mem
    startup_stm32f103xb.o(.text) refers to startup_stm32f103xb.o(STACK) for Stack_Mem
    lcd1602.o(.ARM.exidx.text.WriteByte_I2C_LCD) refers to lcd1602.o(.text.WriteByte_I2C_LCD) for [Anonymous Symbol]
    lcd1602.o(.text.sendhalfbyte) refers to lcd1602.o(.bss.portlcd) for portlcd
    lcd1602.o(.text.sendhalfbyte) refers to lib_delay.o(.text.delay_us) for delay_us
    lcd1602.o(.ARM.exidx.text.sendhalfbyte) refers to lcd1602.o(.text.sendhalfbyte) for [Anonymous Symbol]
    lcd1602.o(.text.sendbyte) refers to lcd1602.o(.bss.portlcd) for portlcd
    lcd1602.o(.text.sendbyte) refers to lcd1602.o(.text.sendhalfbyte) for sendhalfbyte
    lcd1602.o(.ARM.exidx.text.sendbyte) refers to lcd1602.o(.text.sendbyte) for [Anonymous Symbol]
    lcd1602.o(.text.LCD_SetPos) refers to lcd1602.o(.text.sendbyte) for sendbyte
    lcd1602.o(.ARM.exidx.text.LCD_SetPos) refers to lcd1602.o(.text.LCD_SetPos) for [Anonymous Symbol]
    lcd1602.o(.text.LCD_String) refers to lcd1602.o(.text.sendbyte) for sendbyte
    lcd1602.o(.ARM.exidx.text.LCD_String) refers to lcd1602.o(.text.LCD_String) for [Anonymous Symbol]
    lcd1602.o(.text.LCD_ini) refers to lcd1602.o(.bss.portlcd) for portlcd
    lcd1602.o(.text.LCD_ini) refers to lib_delay.o(.text.delay_us) for delay_us
    lcd1602.o(.text.LCD_ini) refers to lcd1602.o(.text.sendhalfbyte) for sendhalfbyte
    lcd1602.o(.text.LCD_ini) refers to lcd1602.o(.text.sendbyte) for sendbyte
    lcd1602.o(.ARM.exidx.text.LCD_ini) refers to lcd1602.o(.text.LCD_ini) for [Anonymous Symbol]
    lcd1602.o(.text.clear_LCD1602) refers to lcd1602.o(.text.LCD_SetPos) for LCD_SetPos
    lcd1602.o(.text.clear_LCD1602) refers to lcd1602.o(.text.LCD_String) for LCD_String
    lcd1602.o(.ARM.exidx.text.clear_LCD1602) refers to lcd1602.o(.text.clear_LCD1602) for [Anonymous Symbol]
    lib_delay.o(.text.GetClocksFreq) refers to stm32f1xx_ll_rcc.o(.text.LL_RCC_GetSystemClocksFreq) for LL_RCC_GetSystemClocksFreq
    lib_delay.o(.ARM.exidx.text.GetClocksFreq) refers to lib_delay.o(.text.GetClocksFreq) for [Anonymous Symbol]
    lib_delay.o(.ARM.exidx.text.delay_ms) refers to lib_delay.o(.text.delay_ms) for [Anonymous Symbol]
    lib_delay.o(.ARM.exidx.text.delay_us) refers to lib_delay.o(.text.delay_us) for [Anonymous Symbol]
    lib_delay.o(.text.SysTick_Init) refers to lib_delay.o(.text.__NVIC_SetPriority) for __NVIC_SetPriority
    lib_delay.o(.ARM.exidx.text.SysTick_Init) refers to lib_delay.o(.text.SysTick_Init) for [Anonymous Symbol]
    lib_delay.o(.ARM.exidx.text.__NVIC_SetPriority) refers to lib_delay.o(.text.__NVIC_SetPriority) for [Anonymous Symbol]
    lib_delay.o(.text.SysTick_Handler) refers to lib_delay.o(.bss.InternalTicks) for InternalTicks
[...]
    [Anonymous Symbol]                       0x08000e90   Section        0  stm32f1xx_hal_can.o(.text.HAL_CAN_Start)
    [Anonymous Symbol]                       0x08000eec   Section        0  stm32f1xx_hal_can.o(.text.HAL_CAN_TxMailbox0AbortCallback)
    [Anonymous Symbol]                       0x08000ef0   Section        0  stm32f1xx_hal_can.o(.text.HAL_CAN_TxMailbox0CompleteCallback)
    [Anonymous Symbol]                       0x08000ef4   Section        0  stm32f1xx_hal_can.o(.text.HAL_CAN_TxMailbox1AbortCallback)
    [Anonymous Symbol]                       0x08000ef8   Section        0  stm32f1xx_hal_can.o(.text.HAL_CAN_TxMailbox1CompleteCallback)
    [Anonymous Symbol]                       0x08000efc   Section        0  stm32f1xx_hal_can.o(.text.HAL_CAN_TxMailbox2AbortCallback)
    [Anonymous Symbol]                       0x08000f00   Section        0  stm32f1xx_hal_can.o(.text.HAL_CAN_TxMailbox2CompleteCallback)
    [Anonymous Symbol]                       0x08000f04   Section        0  stm32f1xx_hal_can.o(.text.HAL_CAN_WakeUpFromRxMsgCallback)
    [Anonymous Symbol]                       0x08000f08   Section        0  stm32f1xx_hal.o(.text.HAL_Delay)
    [Anonymous Symbol]                       0x08000f30   Section        0  stm32f1xx_hal_gpio.o(.text.HAL_GPIO_Init)
    [Anonymous Symbol]                       0x0800112c   Section        0  stm32f1xx_hal.o(.text.HAL_GetTick)
    [Anonymous Symbol]                       0x08001138   Section        0  stm32f1xx_hal.o(.text.HAL_GetTickFreq)
    [Anonymous Symbol]                       0x08001144   Section        0  stm32f1xx_hal.o(.text.HAL_IncTick)
    [Anonymous Symbol]                       0x08001160   Section        0  stm32f1xx_hal.o(.text.HAL_Init)
    [Anonymous Symbol]                       0x08001188   Section        0  stm32f1xx_hal.o(.text.HAL_InitTick)
    [Anonymous Symbol]                       0x080011d8   Section        0  stm32f1xx_hal_msp.o(.text.HAL_MspInit)
    [Anonymous Symbol]                       0x0800121c   Section        0  stm32f1xx_hal_cortex.o(.text.HAL_NVIC_EnableIRQ)
    [Anonymous Symbol]                       0x08001224   Section        0  stm32f1xx_hal_cortex.o(.text.HAL_NVIC_SetPriority)
    [Anonymous Symbol]                       0x08001244   Section        0  stm32f1xx_hal_cortex.o(.text.HAL_NVIC_SetPriorityGrouping)
    [Anonymous Symbol]                       0x0800124c   Section        0  stm32f1xx_hal_cortex.o(.text.HAL_SYSTICK_Config)
    [Anonymous Symbol]                       0x08001254   Section        0  stm32f1xx_it.o(.text.HardFault_Handler)
    LL_APB1_GRP1_EnableClock                 0x08001259   Thumb Code    32  usart.o(.text.LL_APB1_GRP1_EnableClock)
    [Anonymous Symbol]                       0x08001258   Section        0  usart.o(.text.LL_APB1_GRP1_EnableClock)
    LL_APB2_GRP1_EnableClock                 0x08001279   Thumb Code    28  pins.o(.text.LL_APB2_GRP1_EnableClock)
    [Anonymous Symbol]                       0x08001278   Section        0  pins.o(.text.LL_APB2_GRP1_EnableClock)
    LL_APB2_GRP1_EnableClock                 0x08001295   Thumb Code    28  gpio.o(.text.LL_APB2_GRP1_EnableClock)
    [Anonymous Symbol]                       0x08001294   Section        0  gpio.o(.text.LL_APB2_GRP1_EnableClock)
    LL_APB2_GRP1_EnableClock                 0x080012b1   Thumb Code    28  usart.o(.text.LL_APB2_GRP1_EnableClock)
    [Anonymous Symbol]                       0x080012b0   Section        0  usart.o(.text.LL_APB2_GRP1_EnableClock)
    LL_FLASH_GetLatency                      0x080012cd   Thumb Code    16  main.o(.text.LL_FLASH_GetLatency)
    [Anonymous Symbol]                       0x080012cc   Section        0  main.o(.text.LL_FLASH_GetLatency)
    LL_FLASH_SetLatency                      0x080012dd   Thumb Code    20  main.o(.text.LL_FLASH_SetLatency)
    [Anonymous Symbol]                       0x080012dc   Section        0  main.o(.text.LL_FLASH_SetLatency)
    [Anonymous Symbol]                       0x080012f0   Section        0  stm32f1xx_ll_gpio.o(.text.LL_GPIO_Init)
    LL_GPIO_IsInputPinSet                    0x08001379   Thumb Code    18  pins.o(.text.LL_GPIO_IsInputPinSet)
    [Anonymous Symbol]                       0x08001378   Section        0  pins.o(.text.LL_GPIO_IsInputPinSet)
    LL_GPIO_ResetOutputPin                   0x0800138d   Thumb Code    16  pins.o(.text.LL_GPIO_ResetOutputPin)
    [Anonymous Symbol]                       0x0800138c   Section        0  pins.o(.text.LL_GPIO_ResetOutputPin)
    LL_GPIO_SetOutputPin                     0x0800139d   Thumb Code    16  pins.o(.text.LL_GPIO_SetOutputPin)
    [Anonymous Symbol]                       0x0800139c   Section        0  pins.o(.text.LL_GPIO_SetOutputPin)
    LL_GPIO_SetPinMode                       0x080013ad   Thumb Code    40  stm32f1xx_ll_gpio.o(.text.LL_GPIO_SetPinMode)
    [Anonymous Symbol]                       0x080013ac   Section        0  stm32f1xx_ll_gpio.o(.text.LL_GPIO_SetPinMode)
    LL_GPIO_SetPinOutputType                 0x080013d5   Thumb Code    40  stm32f1xx_ll_gpio.o(.text.LL_GPIO_SetPinOutputType)
    [Anonymous Symbol]                       0x080013d4   Section        0  stm32f1xx_ll_gpio.o(.text.LL_GPIO_SetPinOutputType)
    LL_GPIO_SetPinPull                       0x080013fd   Thumb Code    26  stm32f1xx_ll_gpio.o(.text.LL_GPIO_SetPinPull)
    [Anonymous Symbol]                       0x080013fc   Section        0  stm32f1xx_ll_gpio.o(.text.LL_GPIO_SetPinPull)
    LL_GPIO_SetPinSpeed                      0x08001419   Thumb Code    40  stm32f1xx_ll_gpio.o(.text.LL_GPIO_SetPinSpeed)
    [Anonymous Symbol]                       0x08001418   Section        0  stm32f1xx_ll_gpio.o(.text.LL_GPIO_SetPinSpeed)
    LL_IWDG_Enable                           0x08001441   Thumb Code    16  iwdg.o(.text.LL_IWDG_Enable)
    [Anonymous Symbol]                       0x08001440   Section        0  iwdg.o(.text.LL_IWDG_Enable)
    LL_IWDG_EnableWriteAccess                0x08001451   Thumb Code    16  iwdg.o(.text.LL_IWDG_EnableWriteAccess)
    [Anonymous Symbol]                       0x08001450   Section        0  iwdg.o(.text.LL_IWDG_EnableWriteAccess)
    LL_IWDG_IsReady                          0x08001461   Thumb Code    22  iwdg.o(.text.LL_IWDG_IsReady)
    [Anonymous Symbol]                       0x08001460   Section        0  iwdg.o(.text.LL_IWDG_IsReady)
    LL_IWDG_ReloadCounter                    0x08001479   Thumb Code    16  main.o(.text.LL_IWDG_ReloadCounter)
    [Anonymous Symbol]                       0x08001478   Section        0  main.o(.text.LL_IWDG_ReloadCounter)
    LL_IWDG_ReloadCounter                    0x08001489   Thumb Code    16  iwdg.o(.text.LL_IWDG_ReloadCounter)
    [Anonymous Symbol]                       0x08001488   Section        0  iwdg.o(.text.LL_IWDG_ReloadCounter)
    LL_IWDG_SetPrescaler                     0x08001499   Thumb Code    14  iwdg.o(.text.LL_IWDG_SetPrescaler)
    [Anonymous Symbol]                       0x08001498   Section        0  iwdg.o(.text.LL_IWDG_SetPrescaler)
    LL_IWDG_SetReloadCounter                 0x080014a9   Thumb Code    16  iwdg.o(.text.LL_IWDG_SetReloadCounter)
    [Anonymous Symbol]                       0x080014a8   Section        0  iwdg.o(.text.LL_IWDG_SetReloadCounter)
    LL_RCC_GetAHBPrescaler                   0x080014b9   Thumb Code    16  stm32f1xx_ll_rcc.o(.text.LL_RCC_GetAHBPrescaler)
    [Anonymous Symbol]                       0x080014b8   Section        0  stm32f1xx_ll_rcc.o(.text.LL_RCC_GetAHBPrescaler)
    LL_RCC_GetAPB1Prescaler                  0x080014c9   Thumb Code    16  stm32f1xx_ll_rcc.o(.text.LL_RCC_GetAPB1Prescaler)
    [Anonymous Symbol]                       0x080014c8   Section        0  stm32f1xx_ll_rcc.o(.text.LL_RCC_GetAPB1Prescaler)
    LL_RCC_GetAPB2Prescaler                  0x080014d9   Thumb Code    16  stm32f1xx_ll_rcc.o(.text.LL_RCC_GetAPB2Prescaler)
    [Anonymous Symbol]                       0x080014d8   Section        0  stm32f1xx_ll_rcc.o(.text.LL_RCC_GetAPB2Prescaler)
    LL_RCC_GetSysClkSource                   0x080014e9   Thumb Code    16  main.o(.text.LL_RCC_GetSysClkSource)
    [Anonymous Symbol]                       0x080014e8   Section        0  main.o(.text.LL_RCC_GetSysClkSource)
    LL_RCC_GetSysClkSource                   0x080014f9   Thumb Code    16  stm32f1xx_ll_rcc.o(.text.LL_RCC_GetSysClkSource)
    [Anonymous Symbol]                       0x080014f8   Section        0  stm32f1xx_ll_rcc.o(.text.LL_RCC_GetSysClkSource)
    [Anonymous Symbol]                       0x08001508   Section        0  stm32f1xx_ll_rcc.o(.text.LL_RCC_GetSystemClocksFreq)
    LL_RCC_HSE_Enable                        0x0800152d   Thumb Code    18  main.o(.text.LL_RCC_HSE_Enable)
    [Anonymous Symbol]                       0x0800152c   Section        0  main.o(.text.LL_RCC_HSE_Enable)
    LL_RCC_HSE_IsReady                       0x08001541   Thumb Code    16  main.o(.text.LL_RCC_HSE_IsReady)
    [Anonymous Symbol]                       0x08001540   Section        0  main.o(.text.LL_RCC_HSE_IsReady)
    LL_RCC_LSI_Enable                        0x08001551   Thumb Code    18  main.o(.text.LL_RCC_LSI_Enable)
    [Anonymous Symbol]                       0x08001550   Section        0  main.o(.text.LL_RCC_LSI_Enable)
    LL_RCC_LSI_IsReady                       0x08001565   Thumb Code    16  main.o(.text.LL_RCC_LSI_IsReady)
    [Anonymous Symbol]                       0x08001564   Section        0  main.o(.text.LL_RCC_LSI_IsReady)
    LL_RCC_PLL_ConfigDomain_SYS              0x08001575   Thumb Code    20  main.o(.text.LL_RCC_PLL_ConfigDomain_SYS)
    [Anonymous Symbol]                       0x08001574   Section        0  main.o(.text.LL_RCC_PLL_ConfigDomain_SYS)
    LL_RCC_PLL_Enable                        0x08001589   Thumb Code    18  main.o(.text.LL_RCC_PLL_Enable)
    [Anonymous Symbol]                       0x08001588   Section        0  main.o(.text.LL_RCC_PLL_Enable)
    LL_RCC_PLL_GetMainSource                 0x0800159d   Thumb Code    16  stm32f1xx_ll_rcc.o(.text.LL_RCC_PLL_GetMainSource)
    [Anonymous Symbol]                       0x0800159c   Section        0  stm32f1xx_ll_rcc.o(.text.LL_RCC_PLL_GetMainSource)
    LL_RCC_PLL_GetMultiplicator              0x080015ad   Thumb Code    16  stm32f1xx_ll_rcc.o(.text.LL_RCC_PLL_GetMultiplicator)
    [Anonymous Symbol]                       0x080015ac   Section        0  stm32f1xx_ll_rcc.o(.text.LL_RCC_PLL_GetMultiplicator)
    LL_RCC_PLL_GetPrediv                     0x080015bd   Thumb Code    16  stm32f1xx_ll_rcc.o(.text.LL_RCC_PLL_GetPrediv)
    [Anonymous Symbol]                       0x080015bc   Section        0  stm32f1xx_ll_rcc.o(.text.LL_RCC_PLL_GetPrediv)
    LL_RCC_PLL_IsReady                       0x080015cd   Thumb Code    16  main.o(.text.LL_RCC_PLL_IsReady)
    [Anonymous Symbol]                       0x080015cc   Section        0  main.o(.text.LL_RCC_PLL_IsReady)
    LL_RCC_SetAHBPrescaler                   0x080015dd   Thumb Code    18  main.o(.text.LL_RCC_SetAHBPrescaler)
    [Anonymous Symbol]                       0x080015dc   Section        0  main.o(.text.LL_RCC_SetAHBPrescaler)
    LL_RCC_SetAPB1Prescaler                  0x080015f1   Thumb Code    20  main.o(.text.LL_RCC_SetAPB1Prescaler)
    [Anonymous Symbol]                       0x080015f0   Section        0  main.o(.text.LL_RCC_SetAPB1Prescaler)
    LL_RCC_SetAPB2Prescaler                  0x08001605   Thumb Code    18  main.o(.text.LL_RCC_SetAPB2Prescaler)
    [Anonymous Symbol]                       0x08001604   Section        0  main.o(.text.LL_RCC_SetAPB2Prescaler)
    LL_RCC_SetSysClkSource                   0x08001619   Thumb Code    20  main.o(.text.LL_RCC_SetSysClkSource)
    [Anonymous Symbol]                       0x08001618   Section        0  main.o(.text.LL_RCC_SetSysClkSource)
    [Anonymous Symbol]                       0x0800162c   Section        0  stm32f1xx_ll_utils.o(.text.LL_SetSystemCoreClock)
    LL_USART_ClearFlag_RXNE                  0x08001639   Thumb Code    16  usart.o(.text.LL_USART_ClearFlag_RXNE)
    [Anonymous Symbol]                       0x08001638   Section        0  usart.o(.text.LL_USART_ClearFlag_RXNE)
    LL_USART_ConfigAsyncMode                 0x08001649   Thumb Code    18  usart.o(.text.LL_USART_ConfigAsyncMode)
    [Anonymous Symbol]                       0x08001648   Section        0  usart.o(.text.LL_USART_ConfigAsyncMode)
    LL_USART_DisableIT_RXNE                  0x0800165d   Thumb Code    18  usart.o(.text.LL_USART_DisableIT_RXNE)
    [Anonymous Symbol]                       0x0800165c   Section        0  usart.o(.text.LL_USART_DisableIT_RXNE)
    LL_USART_Enable                          0x08001671   Thumb Code    10  usart.o(.text.LL_USART_Enable)
    [Anonymous Symbol]                       0x08001670   Section        0  usart.o(.text.LL_USART_Enable)
    LL_USART_EnableIT_ERROR                  0x0800167d   Thumb Code    18  usart.o(.text.LL_USART_EnableIT_ERROR)
    [Anonymous Symbol]                       0x0800167c   Section        0  usart.o(.text.LL_USART_EnableIT_ERROR)
    LL_USART_EnableIT_RXNE                   0x08001691   Thumb Code    18  usart.o(.text.LL_USART_EnableIT_RXNE)
    [Anonymous Symbol]                       0x08001690   Section        0  usart.o(.text.LL_USART_EnableIT_RXNE)
    [Anonymous Symbol]                       0x080016a4   Section        0  stm32f1xx_ll_usart.o(.text.LL_USART_Init)
    LL_USART_IsActiveFlag_RXNE               0x0800172d   Thumb Code    16  stm32f1xx_it.o(.text.LL_USART_IsActiveFlag_RXNE)
    [Anonymous Symbol]                       0x0800172c   Section        0  stm32f1xx_it.o(.text.LL_USART_IsActiveFlag_RXNE)
    LL_USART_IsEnabled                       0x0800173d   Thumb Code     8  stm32f1xx_ll_usart.o(.text.LL_USART_IsEnabled)
    [Anonymous Symbol]                       0x0800173c   Section        0  stm32f1xx_ll_usart.o(.text.LL_USART_IsEnabled)
    LL_USART_IsEnabledIT_RXNE                0x08001745   Thumb Code    16  stm32f1xx_it.o(.text.LL_USART_IsEnabledIT_RXNE)
    [Anonymous Symbol]                       0x08001744   Section        0  stm32f1xx_it.o(.text.LL_USART_IsEnabledIT_RXNE)
    LL_USART_ReceiveData8                    0x08001755   Thumb Code    14  usart.o(.text.LL_USART_ReceiveData8)
    [Anonymous Symbol]                       0x08001754   Section        0  usart.o(.text.LL_USART_ReceiveData8)
    LL_USART_SetBaudRate                     0x08001765   Thumb Code    64  stm32f1xx_ll_usart.o(.text.LL_USART_SetBaudRate)
    [Anonymous Symbol]                       0x08001764   Section        0  stm32f1xx_ll_usart.o(.text.LL_USART_SetBaudRate)
    LL_USART_SetHWFlowCtrl                   0x080017a5   Thumb Code    12  stm32f1xx_ll_usart.o(.text.LL_USART_SetHWFlowCtrl)
    [Anonymous Symbol]                       0x080017a4   Section        0  stm32f1xx_ll_usart.o(.text.LL_USART_SetHWFlowCtrl)
    LL_USART_SetStopBitsLength               0x080017b1   Thumb Code    12  stm32f1xx_ll_usart.o(.text.LL_USART_SetStopBitsLength)
    [Anonymous Symbol]                       0x080017b0   Section        0  stm32f1xx_ll_usart.o(.text.LL_USART_SetStopBitsLength)
    [Anonymous Symbol]                       0x080017bc   Section        0  can.o(.text.MX_CAN_Init)
    [Anonymous Symbol]                       0x08001870   Section        0  gpio.o(.text.MX_GPIO_Init)
    [Anonymous Symbol]                       0x08001888   Section        0  iwdg.o(.text.MX_IWDG_Init)
    [Anonymous Symbol]                       0x080018ac   Section        0  usart.o(.text.MX_USART3_UART_Init)
    [Anonymous Symbol]                       0x08001944   Section        0  stm32f1xx_it.o(.text.MemManage_Handler)
    [Anonymous Symbol]                       0x08001948   Section        0  stm32f1xx_it.o(.text.NMI_Handler)
    NVIC_EncodePriority                      0x0800194d   Thumb Code     4  usart.o(.text.NVIC_EncodePriority)
    [Anonymous Symbol]                       0x0800194c   Section        0  usart.o(.text.NVIC_EncodePriority)
    NVIC_EncodePriority                      0x08001951   Thumb Code    44  stm32f1xx_hal_cortex.o(.text.NVIC_EncodePriority)
    [Anonymous Symbol]                       0x08001950   Section        0  stm32f1xx_hal_cortex.o(.text.NVIC_EncodePriority)
    [Anonymous Symbol]                       0x0800197c   Section        0  stm32f1xx_it.o(.text.PendSV_Handler)
    [Anonymous Symbol]                       0x08001980   Section        0  pins.o(.text.Pins_Address_Init)
    [Anonymous Symbol]                       0x080019dc   Section        0  pins.o(.text.Pins_LEDs_Init)
    [Anonymous Symbol]                       0x08001a30   Section        0  stm32f1xx_ll_rcc.o(.text.RCC_GetHCLKClockFreq)
    [Anonymous Symbol]                       0x08001a4c   Section        0  stm32f1xx_ll_rcc.o(.text.RCC_GetPCLK1ClockFreq)
    [Anonymous Symbol]                       0x08001a68   Section        0  stm32f1xx_ll_rcc.o(.text.RCC_GetPCLK2ClockFreq)
    [Anonymous Symbol]                       0x08001a84   Section        0  stm32f1xx_ll_rcc.o(.text.RCC_GetSystemClockFreq)
    [Anonymous Symbol]                       0x08001a9c   Section        0  stm32f1xx_ll_rcc.o(.text.RCC_PLL_GetFreqDomain_SYS)
    [Anonymous Symbol]                       0x08001ad4   Section        0  usart.o(.text.RS232_CharReception_Callback)
    [Anonymous Symbol]                       0x08001b10   Section        0  usart.o(.text.RS232_Init)
    [Anonymous Symbol]                       0x08001bc8   Section        0  usart.o(.text.RS232_PutByte)
    [Anonymous Symbol]                       0x08001bdc   Section        0  usart.o(.text.RS232_PutString)
    ReadMsgCAN                               0x08001bf9   Thumb Code    60  can.o(.text.ReadMsgCAN)
    [Anonymous Symbol]                       0x08001bf8   Section        0  can.o(.text.ReadMsgCAN)
    [Anonymous Symbol]                       0x08001c34   Section        0  stm32f1xx_it.o(.text.SVC_Handler)
    [Anonymous Symbol]                       0x08001c38   Section        0  can.o(.text.Send_Message_C2)
    SysTick_Config                           0x08001cbd   Thumb Code    46  stm32f1xx_hal_cortex.o(.text.SysTick_Config)
    [Anonymous Symbol]                       0x08001cbc   Section        0  stm32f1xx_hal_cortex.o(.text.SysTick_Config)
    [Anonymous Symbol]                       0x08001cec   Section        0  stm32f1xx_it.o(.text.SysTick_Handler)
    [Anonymous Symbol]                       0x08001cf4   Section        0  main.o(.text.SystemClock_Config)
    [Anonymous Symbol]                       0x08001d60   Section        0  system_stm32f1xx.o(.text.SystemInit)
    [Anonymous Symbol]                       0x08001d64   Section        0  can.o(.text.TaskCAN)
    [Anonymous Symbol]                       0x08001d6c   Section        0  megatec.o(.text.TaskCommUPS)
    [Anonymous Symbol]                       0x08001efc   Section        0  pins.o(.text.Task_Control_LEDs)
    Task_ProcCANRequests_And_CheckCANCondition 0x08001f2d   Thumb Code   146  can.o(.text.Task_ProcCANRequests_And_CheckCANCondition)
    [Anonymous Symbol]                       0x08001f2c   Section        0  can.o(.text.Task_ProcCANRequests_And_CheckCANCondition)
    [Anonymous Symbol]                       0x08001fc0   Section        0  usart.o(.text.UART3_PutByte)
    [Anonymous Symbol]                       0x08001fd4   Section        0  usart.o(.text.UART3_PutString)
    [Anonymous Symbol]                       0x08001ff0   Section        0  megatec.o(.text.UPS_PROTOCOL_Create)
    [Anonymous Symbol]                       0x08002034   Section        0  megatec.o(.text.UPS_PROTOCOL_Process)
    [Anonymous Symbol]                       0x080020f0   Section        0  megatec.o(.text.UPS_PROTOCOL_Reset)
    [Anonymous Symbol]                       0x080020fc   Section        0  stm32f1xx_it.o(.text.USART1_IRQHandler)
    [Anonymous Symbol]                       0x08002118   Section        0  stm32f1xx_it.o(.text.USB_LP_CAN1_RX0_IRQHandler)
    [Anonymous Symbol]                       0x08002128   Section        0  usart.o(.text.UartGetc)
    [Anonymous Symbol]                       0x08002160   Section        0  usart.o(.text.UartRxClear)
    [Anonymous Symbol]                       0x0800217c   Section        0  stm32f1xx_it.o(.text.UsageFault_Handler)
    __NVIC_EnableIRQ                         0x08002181   Thumb Code    14  usart.o(.text.__NVIC_EnableIRQ)
    [Anonymous Symbol]                       0x08002180   Section        0  usart.o(.text.__NVIC_EnableIRQ)
    __NVIC_EnableIRQ                         0x08002191   Thumb Code    32  stm32f1xx_hal_cortex.o(.text.__NVIC_EnableIRQ)
    [Anonymous Symbol]                       0x08002190   Section        0  stm32f1xx_hal_cortex.o(.text.__NVIC_EnableIRQ)
    __NVIC_GetPriorityGrouping               0x080021b1   Thumb Code    16  usart.o(.text.__NVIC_GetPriorityGrouping)
    [Anonymous Symbol]                       0x080021b0   Section        0  usart.o(.text.__NVIC_GetPriorityGrouping)
    __NVIC_GetPriorityGrouping               0x080021c1   Thumb Code    16  stm32f1xx_hal_cortex.o(.text.__NVIC_GetPriorityGrouping)
    [Anonymous Symbol]                       0x080021c0   Section        0  stm32f1xx_hal_cortex.o(.text.__NVIC_GetPriorityGrouping)
    __NVIC_SetPriority                       0x080021d1   Thumb Code    14  usart.o(.text.__NVIC_SetPriority)
    [Anonymous Symbol]                       0x080021d0   Section        0  usart.o(.text.__NVIC_SetPriority)
    __NVIC_SetPriority                       0x080021e1   Thumb Code    34  stm32f1xx_hal_cortex.o(.text.__NVIC_SetPriority)
    [Anonymous Symbol]                       0x080021e0   Section        0  stm32f1xx_hal_cortex.o(.text.__NVIC_SetPriority)
    __NVIC_SetPriorityGrouping               0x08002205   Thumb Code    32  stm32f1xx_hal_cortex.o(.text.__NVIC_SetPriorityGrouping)
    [Anonymous Symbol]                       0x08002204   Section        0  stm32f1xx_hal_cortex.o(.text.__NVIC_SetPriorityGrouping)
    [Anonymous Symbol]                       0x08002224   Section        0  lib_delay.o(.text.delay_ms)
    [Anonymous Symbol]                       0x08002288   Section        0  main.o(.text.main)
    uc_hextab                                0x080022f2   Data          20  _printf_hex_int.o(.constdata)
    .constdata                               0x080022f2   Section       40  _printf_hex_int.o(.constdata)
    lc_hextab                                0x08002306   Data          20  _printf_hex_int.o(.constdata)
    .L__const.Get_Module_Address.pins        0x0800231c   Data          40  pins.o(.rodata..L__const.Get_Module_Address.pins)
    .L__const.Pins_Address_Init.pins         0x08002344   Data          40  pins.o(.rodata..L__const.Pins_Address_Init.pins)
    .L__const.Pins_LEDs_Init.pins            0x08002384   Data          16  pins.o(.rodata.cst16)
    state                                    0x20000008   Data           1  megatec.o(.data.state)
    [Anonymous Symbol]                       0x20000008   Section        0  megatec.o(.data.state)
    .bss                                     0x20000010   Section       96  libspace.o(.bss)
    CAN1_RX                                  0x20000070   Data           9  can.o(.bss.CAN1_RX)
    [Anonymous Symbol]                       0x20000070   Section        0  can.o(.bss.CAN1_RX)
    CAN_RxHeader                             0x2000007c   Data          28  can.o(.bss.CAN_RxHeader)
    [Anonymous Symbol]                       0x2000007c   Section        0  can.o(.bss.CAN_RxHeader)
    CAN_TxHeader                             0x20000098   Data          24  can.o(.bss.CAN_TxHeader)
    [Anonymous Symbol]                       0x20000098   Section        0  can.o(.bss.CAN_TxHeader)
    ID_C2                                    0x200000b0   Data           4  can.o(.bss.ID_C2)
    [Anonymous Symbol]                       0x200000b0   Section        0  can.o(.bss.ID_C2)
    TaskCommUPS.ticks                        0x200000b8   Data           4  megatec.o(.bss.TaskCommUPS.ticks)
    [Anonymous Symbol]                       0x200000b8   Section        0  megatec.o(.bss.TaskCommUPS.ticks)
    TaskCommUPS.ups_h                        0x200000bc   Data           4  megatec.o(.bss.TaskCommUPS.ups_h)
    [Anonymous Symbol]                       0x200000bc   Section        0  megatec.o(.bss.TaskCommUPS.ups_h)
    TaskCommUPS.ups_msg_items                0x200000c0   Data         104  megatec.o(.bss.TaskCommUPS.ups_msg_items)
    [Anonymous Symbol]                       0x200000c0   Section        0  megatec.o(.bss.TaskCommUPS.ups_msg_items)
    Task_ProcCANRequests_And_CheckCANCondition.last_c2_tx_ticks 0x20000128   Data           4  can.o(.bss.Task_ProcCANRequests_And_CheckCANCondition.last_c2_tx_ticks)
    [Anonymous Symbol]                       0x20000128   Section        0  can.o(.bss.Task_ProcCANRequests_And_CheckCANCondition.last_c2_tx_ticks)
    Task_ProcCANRequests_And_CheckCANCondition.need_init 0x2000012c   Data           1  can.o(.bss.Task_ProcCANRequests_And_CheckCANCondition.need_init)
    [Anonymous Symbol]                       0x2000012c   Section        0  can.o(.bss.Task_ProcCANRequests_And_CheckCANCondition.need_init)
    TxMailbox                                0x20000130   Data           4  can.o(.bss.TxMailbox)
    [Anonymous Symbol]                       0x20000130   Section        0  can.o(.bss.TxMailbox)
    UPS_PROTOCOL_Create.need_init            0x20000134   Data           1  megatec.o(.bss.UPS_PROTOCOL_Create.need_init)
    [Anonymous Symbol]                       0x20000134   Section        0  megatec.o(.bss.UPS_PROTOCOL_Create.need_init)
    UPS_rx_data                              0x20000135   Data         102  usart.o(.bss.UPS_rx_data)
    [Anonymous Symbol]                       0x20000135   Section        0  usart.o(.bss.UPS_rx_data)
    m_Handle_In_Use.0                        0x200001e8   Data           1  megatec.o(.bss.m_Handle_In_Use.0)
    [Anonymous Symbol]                       0x200001e8   Section        0  megatec.o(.bss.m_Handle_In_Use.0)
    m_UPS_PROTOCOL_Instances                 0x200001ec   Data         316  megatec.o(.bss.m_UPS_PROTOCOL_Instances)
    [Anonymous Symbol]                       0x200001ec   Section        0  megatec.o(.bss.m_UPS_PROTOCOL_Instances)
    result                                   0x2000032c   Data           1  megatec.o(.bss.result)
    [Anonymous Symbol]                       0x2000032c   Section        0  megatec.o(.bss.result)
    Heap_Mem                                 0x20000338   Data         512  startup_stm32f103xb.o(HEAP)
    HEAP                                     0x20000338   Section      512  startup_stm32f103xb.o(HEAP)
    Stack_Mem                                0x20000538   Data        1024  startup_stm32f103xb.o(STACK)
    STACK                                    0x20000538   Section     1024  startup_stm32f103xb.o(STACK)
    __initial_sp                             0x20000938   Data           0  startup_stm32f103xb.o(STACK)

    Global Symbols

    Symbol Name                              Value     Ov Type        Size  Object(Section)

    BuildAttributes$$THM_ISAv4$P$D$K$B$S$PE$A:L22UL41UL21$X:L11$S22US41US21$IEEE1$IW$~IW$USESV6$~STKCKD$USESV7$~SHL$OTIME$ROPI$EBA8$UX$STANDARDLIB$REQ8$PRES8$EABIv2 0x00000000   Number         0  anon$$obj.o ABSOLUTE
    __fp_init_empty                          0x00000000   Number         0  fpinit_empty.o ABSOLUTE
    __ARM_exceptions_init                     - Undefined Weak Reference
    __alloca_initialize                       - Undefined Weak Reference
    __arm_preinit_                            - Undefined Weak Reference
    __cpp_initialize__aeabi_                  - Undefined Weak Reference
    __cxa_finalize                            - Undefined Weak Reference
    __rt_locale                               - Undefined Weak Reference
    __sigvec_lookup                           - Undefined Weak Reference
    _atexit_init                              - Undefined Weak Reference
    _call_atexit_fns                          - Undefined Weak Reference
    _clock_init                               - Undefined Weak Reference
    _fp_trap_init                             - Undefined Weak Reference
    _fp_trap_shutdown                         - Undefined Weak Reference
    _get_lc_collate                           - Undefined Weak Reference
    _get_lc_ctype                             - Undefined Weak Reference
    _get_lc_monetary                          - Undefined Weak Reference
    _get_lc_numeric                           - Undefined Weak Reference
    _get_lc_time                              - Undefined Weak Reference
    _getenv_init                              - Undefined Weak Reference
    _handle_redirection                       - Undefined Weak Reference
    _init_alloc                               - Undefined Weak Reference
    _init_user_alloc                          - Undefined Weak Reference
    _initio                                   - Undefined Weak Reference
    _printf_post_padding                      - Undefined Weak Reference
    _printf_pre_padding                       - Undefined Weak Reference
    _printf_truncate_signed                   - Undefined Weak Reference
    _printf_truncate_unsigned                 - Undefined Weak Reference
    _rand_init                                - Undefined Weak Reference
    _signal_finish                            - Undefined Weak Reference
    _signal_init                              - Undefined Weak Reference
    _terminate_alloc                          - Undefined Weak Reference
    _terminate_user_alloc                     - Undefined Weak Reference
    _terminateio                              - Undefined Weak Reference
    __Vectors_Size                           0x000000ec   Number         0  startup_stm32f103xb.o ABSOLUTE
    __Vectors                                0x08000000   Data           4  startup_stm32f103xb.o(RESET)
    __Vectors_End                            0x080000ec   Data           0  startup_stm32f103xb.o(RESET)
    __main                                   0x080000ed   Thumb Code     8  __main.o(!!!main)
    __scatterload                            0x080000f5   Thumb Code     0  __scatter.o(!!!scatter)
    __scatterload_rt2                        0x080000f5   Thumb Code    44  __scatter.o(!!!scatter)
    __scatterload_rt2_thumb_only             0x080000f5   Thumb Code     0  __scatter.o(!!!scatter)
    __scatterload_null                       0x08000103   Thumb Code     0  __scatter.o(!!!scatter)
    __scatterload_copy                       0x08000129   Thumb Code    26  __scatter_copy.o(!!handler_copy)
    __scatterload_zeroinit                   0x08000145   Thumb Code    28  __scatter_zi.o(!!handler_zi)
    _printf_percent                          0x08000161   Thumb Code     0  _printf_percent.o(.ARM.Collect$$_printf_percent$$00000000)
    _printf_u                                0x08000161   Thumb Code     0  _printf_u.o(.ARM.Collect$$_printf_percent$$0000000A)
    _printf_x                                0x08000167   Thumb Code     0  _printf_x.o(.ARM.Collect$$_printf_percent$$0000000C)
    _printf_percent_end                      0x0800016d   Thumb Code     0  _printf_percent_end.o(.ARM.Collect$$_printf_percent$$00000017)
    __rt_lib_init                            0x08000171   Thumb Code     0  libinit.o(.ARM.Collect$$libinit$$00000000)
    __rt_lib_init_alloca_1                   0x08000173   Thumb Code     0  libinit2.o(.ARM.Collect$$libinit$$0000002E)
    __rt_lib_init_argv_1                     0x08000173   Thumb Code     0  libinit2.o(.ARM.Collect$$libinit$$0000002C)
    __rt_lib_init_atexit_1                   0x08000173   Thumb Code     0  libinit2.o(.ARM.Collect$$libinit$$0000001B)
    __rt_lib_init_clock_1                    0x08000173   Thumb Code     0  libinit2.o(.ARM.Collect$$libinit$$00000021)
    __rt_lib_init_cpp_1                      0x08000173   Thumb Code     0  libinit2.o(.ARM.Collect$$libinit$$00000032)
    __rt_lib_init_exceptions_1               0x08000173   Thumb Code     0  libinit2.o(.ARM.Collect$$libinit$$00000030)
    __rt_lib_init_fp_1                       0x08000173   Thumb Code     0  libinit2.o(.ARM.Collect$$libinit$$00000002)
    __rt_lib_init_fp_trap_1                  0x08000173   Thumb Code     0  libinit2.o(.ARM.Collect$$libinit$$0000001F)
    __rt_lib_init_getenv_1                   0x08000173   Thumb Code     0  libinit2.o(.ARM.Collect$$libinit$$00000023)
    __rt_lib_init_heap_1                     0x08000173   Thumb Code     0  libinit2.o(.ARM.Collect$$libinit$$0000000A)
    __rt_lib_init_lc_collate_1               0x08000173   Thumb Code     0  libinit2.o(.ARM.Collect$$libinit$$00000011)
    __rt_lib_init_lc_ctype_1                 0x08000173   Thumb Code     0  libinit2.o(.ARM.Collect$$libinit$$00000013)
    __rt_lib_init_lc_monetary_1              0x08000173   Thumb Code     0  libinit2.o(.ARM.Collect$$libinit$$00000015)
    __rt_lib_init_lc_numeric_1               0x08000173   Thumb Code     0  libinit2.o(.ARM.Collect$$libinit$$00000017)
    __rt_lib_init_lc_time_1                  0x08000173   Thumb Code     0  libinit2.o(.ARM.Collect$$libinit$$00000019)
    __rt_lib_init_preinit_1                  0x08000173   Thumb Code     0  libinit2.o(.ARM.Collect$$libinit$$00000004)
    __rt_lib_init_rand_1                     0x08000173   Thumb Code     0  libinit2.o(.ARM.Collect$$libinit$$0000000E)
    __rt_lib_init_return                     0x08000173   Thumb Code     0  libinit2.o(.ARM.Collect$$libinit$$00000033)
    __rt_lib_init_signal_1                   0x08000173   Thumb Code     0  libinit2.o(.ARM.Collect$$libinit$$0000001D)
    __rt_lib_init_stdio_1                    0x08000173   Thumb Code     0  libinit2.o(.ARM.Collect$$libinit$$00000025)
    __rt_lib_init_user_alloc_1               0x08000173   Thumb Code     0  libinit2.o(.ARM.Collect$$libinit$$0000000C)
    __rt_lib_shutdown                        0x08000175   Thumb Code     0  libshutdown.o(.ARM.Collect$$libshutdown$$00000000)
    __rt_lib_shutdown_cpp_1                  0x08000177   Thumb Code     0  libshutdown2.o(.ARM.Collect$$libshutdown$$00000002)
    __rt_lib_shutdown_fp_trap_1              0x08000177   Thumb Code     0  libshutdown2.o(.ARM.Collect$$libshutdown$$00000007)
    __rt_lib_shutdown_heap_1                 0x08000177   Thumb Code     0  libshutdown2.o(.ARM.Collect$$libshutdown$$0000000F)
    __rt_lib_shutdown_return                 0x08000177   Thumb Code     0  libshutdown2.o(.ARM.Collect$$libshutdown$$00000010)
    __rt_lib_shutdown_signal_1               0x08000177   Thumb Code     0  libshutdown2.o(.ARM.Collect$$libshutdown$$0000000A)
    __rt_lib_shutdown_stdio_1                0x08000177   Thumb Code     0  libshutdown2.o(.ARM.Collect$$libshutdown$$00000004)
    __rt_lib_shutdown_user_alloc_1           0x08000177   Thumb Code     0  libshutdown2.o(.ARM.Collect$$libshutdown$$0000000C)
    __rt_entry                               0x08000179   Thumb Code     0  __rtentry.o(.ARM.Collect$$rtentry$$00000000)
    __rt_entry_presh_1                       0x08000179   Thumb Code     0  __rtentry2.o(.ARM.Collect$$rtentry$$00000002)
    __rt_entry_sh                            0x08000179   Thumb Code     0  __rtentry4.o(.ARM.Collect$$rtentry$$00000004)
    __rt_entry_li                            0x0800017f   Thumb Code     0  __rtentry2.o(.ARM.Collect$$rtentry$$0000000A)
    __rt_entry_postsh_1                      0x0800017f   Thumb Code     0  __rtentry2.o(.ARM.Collect$$rtentry$$00000009)
    __rt_entry_main                          0x08000183   Thumb Code     0  __rtentry2.o(.ARM.Collect$$rtentry$$0000000D)
    __rt_entry_postli_1                      0x08000183   Thumb Code     0  __rtentry2.o(.ARM.Collect$$rtentry$$0000000C)
    __rt_exit                                0x0800018b   Thumb Code     0  rtexit.o(.ARM.Collect$$rtexit$$00000000)
    __rt_exit_ls                             0x0800018d   Thumb Code     0  rtexit2.o(.ARM.Collect$$rtexit$$00000003)
    __rt_exit_prels_1                        0x0800018d   Thumb Code     0  rtexit2.o(.ARM.Collect$$rtexit$$00000002)
    __rt_exit_exit                           0x08000191   Thumb Code     0  rtexit2.o(.ARM.Collect$$rtexit$$00000004)
    Reset_Handler                            0x08000199   Thumb Code     8  startup_stm32f103xb.o(.text)
    ADC1_2_IRQHandler                        0x080001b3   Thumb Code     0  startup_stm32f103xb.o(.text)
    CAN1_RX1_IRQHandler                      0x080001b3   Thumb Code     0  startup_stm32f103xb.o(.text)
    DMA1_Channel1_IRQHandler                 0x080001b3   Thumb Code     0  startup_stm32f103xb.o(.text)
    DMA1_Channel2_IRQHandler                 0x080001b3   Thumb Code     0  startup_stm32f103xb.o(.text)
    DMA1_Channel3_IRQHandler                 0x080001b3   Thumb Code     0  startup_stm32f103xb.o(.text)
    DMA1_Channel4_IRQHandler                 0x080001b3   Thumb Code     0  startup_stm32f103xb.o(.text)
    DMA1_Channel5_IRQHandler                 0x080001b3   Thumb Code     0  startup_stm32f103xb.o(.text)
    DMA1_Channel6_IRQHandler                 0x080001b3   Thumb Code     0  startup_stm32f103xb.o(.text)
    DMA1_Channel7_IRQHandler                 0x080001b3   Thumb Code     0  startup_stm32f103xb.o(.text)
    EXTI0_IRQHandler                         0x080001b3   Thumb Code     0  startup_stm32f103xb.o(.text)
    EXTI15_10_IRQHandler                     0x080001b3   Thumb Code     0  startup_stm32f103xb.o(.text)
    EXTI1_IRQHandler                         0x080001b3   Thumb Code     0  startup_stm32f103xb.o(.text)
    EXTI2_IRQHandler                         0x080001b3   Thumb Code     0  startup_stm32f103xb.o(.text)
    EXTI3_IRQHandler                         0x080001b3   Thumb Code     0  startup_stm32f103xb.o(.text)
    EXTI4_IRQHandler                         0x080001b3   Thumb Code     0  startup_stm32f103xb.o(.text)
    EXTI9_5_IRQHandler                       0x080001b3   Thumb Code     0  startup_stm32f103xb.o(.text)
    FLASH_IRQHandler                         0x080001b3   Thumb Code     0  startup_stm32f103xb.o(.text)
    I2C1_ER_IRQHandler                       0x080001b3   Thumb Code     0  startup_stm32f103xb.o(.text)
    I2C1_EV_IRQHandler                       0x080001b3   Thumb Code     0  startup_stm32f103xb.o(.text)
    I2C2_ER_IRQHandler                       0x080001b3   Thumb Code     0  startup_stm32f103xb.o(.text)
    I2C2_EV_IRQHandler                       0x080001b3   Thumb Code     0  startup_stm32f103xb.o(.text)
    PVD_IRQHandler                           0x080001b3   Thumb Code     0  startup_stm32f103xb.o(.text)
    RCC_IRQHandler                           0x080001b3   Thumb Code     0  startup_stm32f103xb.o(.text)
    RTC_Alarm_IRQHandler                     0x080001b3   Thumb Code     0  startup_stm32f103xb.o(.text)
    RTC_IRQHandler                           0x080001b3   Thumb Code     0  startup_stm32f103xb.o(.text)
    SPI1_IRQHandler                          0x080001b3   Thumb Code     0  startup_stm32f103xb.o(.text)
    SPI2_IRQHandler                          0x080001b3   Thumb Code     0  startup_stm32f103xb.o(.text)
    TAMPER_IRQHandler                        0x080001b3   Thumb Code     0  startup_stm32f103xb.o(.text)
    TIM1_BRK_IRQHandler                      0x080001b3   Thumb Code     0  startup_stm32f103xb.o(.text)
    TIM1_CC_IRQHandler                       0x080001b3   Thumb Code     0  startup_stm32f103xb.o(.text)
    TIM1_TRG_COM_IRQHandler                  0x080001b3   Thumb Code     0  startup_stm32f103xb.o(.text)
    TIM1_UP_IRQHandler                       0x080001b3   Thumb Code     0  startup_stm32f103xb.o(.text)
    TIM2_IRQHandler                          0x080001b3   Thumb Code     0  startup_stm32f103xb.o(.text)
    TIM3_IRQHandler                          0x080001b3   Thumb Code     0  startup_stm32f103xb.o(.text)
    TIM4_IRQHandler                          0x080001b3   Thumb Code     0  startup_stm32f103xb.o(.text)
    USART2_IRQHandler                        0x080001b3   Thumb Code     0  startup_stm32f103xb.o(.text)
    USART3_IRQHandler                        0x080001b3   Thumb Code     0  startup_stm32f103xb.o(.text)
    USBWakeUp_IRQHandler                     0x080001b3   Thumb Code     0  startup_stm32f103xb.o(.text)
    USB_HP_CAN1_TX_IRQHandler                0x080001b3   Thumb Code     0  startup_stm32f103xb.o(.text)
    WWDG_IRQHandler                          0x080001b3   Thumb Code     0  startup_stm32f103xb.o(.text)
    __user_initial_stackheap                 0x080001b5   Thumb Code     0  startup_stm32f103xb.o(.text)
    __2sprintf                               0x080001d9   Thumb Code    34  noretval__2sprintf.o(.text)
    __printf                                 0x08000201   Thumb Code   104  __printf.o(.text)
    _printf_int_dec                          0x08000269   Thumb Code   104  _printf_dec.o(.text)
    _printf_int_hex                          0x080002e1   Thumb Code    84  _printf_hex_int.o(.text)
    _printf_longlong_hex                     0x080002e1   Thumb Code     0  _printf_hex_int.o(.text)
    strlen                                   0x08000339   Thumb Code    62  strlen.o(.text)
    __aeabi_memcpy                           0x08000377   Thumb Code     0  rt_memcpy_v6.o(.text)
    __rt_memcpy                              0x08000377   Thumb Code   138  rt_memcpy_v6.o(.text)
    _memcpy_lastbytes                        0x080003dd   Thumb Code     0  rt_memcpy_v6.o(.text)
    __use_two_region_memory                  0x08000401   Thumb Code     2  heapauxi.o(.text)
    __rt_heap_escrow$2region                 0x08000403   Thumb Code     2  heapauxi.o(.text)
    __rt_heap_expand$2region                 0x08000405   Thumb Code     2  heapauxi.o(.text)
    _printf_int_common                       0x08000407   Thumb Code   178  _printf_intcommon.o(.text)
    _printf_char_common                      0x080004c3   Thumb Code    32  _printf_char_common.o(.text)
    _sputc                                   0x080004e9   Thumb Code    10  _sputc.o(.text)
    __aeabi_memcpy4                          0x080004f3   Thumb Code     0  rt_memcpy_w.o(.text)
    __aeabi_memcpy8                          0x080004f3   Thumb Code     0  rt_memcpy_w.o(.text)
    __rt_memcpy_w                            0x080004f3   Thumb Code   100  rt_memcpy_w.o(.text)
    _memcpy_lastbytes_aligned                0x0800053b   Thumb Code     0  rt_memcpy_w.o(.text)
    __user_setup_stackheap                   0x08000557   Thumb Code    74  sys_stackheap_outer.o(.text)
    exit                                     0x080005a1   Thumb Code    18  exit.o(.text)
    __user_libspace                          0x080005b5   Thumb Code     8  libspace.o(.text)
    __user_perproc_libspace                  0x080005b5   Thumb Code     0  libspace.o(.text)
    __user_perthread_libspace                0x080005b5   Thumb Code     0  libspace.o(.text)
    _sys_exit                                0x080005bd   Thumb Code     8  sys_exit.o(.text)
    __I$use$semihosting                      0x080005c9   Thumb Code     0  use_no_semi.o(.text)
    __use_no_semihosting_swi                 0x080005c9   Thumb Code     2  use_no_semi.o(.text)
    __semihosting_library_function           0x080005cb   Thumb Code     0  indicate_semi.o(.text)
    BusFault_Handler                         0x080005cd   Thumb Code     2  stm32f1xx_it.o(.text.BusFault_Handler)
    CAN1_SCE_IRQHandler                      0x080005d1   Thumb Code    16  stm32f1xx_it.o(.text.CAN1_SCE_IRQHandler)
    CAN1_Send_Message                        0x080005e1   Thumb Code   116  can.o(.text.CAN1_Send_Message)
    DebugMon_Handler                         0x08000655   Thumb Code     2  stm32f1xx_it.o(.text.DebugMon_Handler)
    Error_Handler                            0x08000659   Thumb Code    10  main.o(.text.Error_Handler)
    Get_Module_Address                       0x08000665   Thumb Code    52  pins.o(.text.Get_Module_Address)
    HAL_CAN_ActivateNotification             0x08000699   Thumb Code    38  stm32f1xx_hal_can.o(.text.HAL_CAN_ActivateNotification)
    HAL_CAN_AddTxMessage                     0x080006c1   Thumb Code   164  stm32f1xx_hal_can.o(.text.HAL_CAN_AddTxMessage)
    HAL_CAN_ConfigFilter                     0x08000765   Thumb Code   232  stm32f1xx_hal_can.o(.text.HAL_CAN_ConfigFilter)
    HAL_CAN_ErrorCallback                    0x0800084d   Thumb Code    56  can.o(.text.HAL_CAN_ErrorCallback)
    HAL_CAN_GetError                         0x08000895   Thumb Code     4  stm32f1xx_hal_can.o(.text.HAL_CAN_GetError)
    HAL_CAN_GetRxMessage                     0x08000899   Thumb Code   284  stm32f1xx_hal_can.o(.text.HAL_CAN_GetRxMessage)
    HAL_CAN_GetTxMailboxesFreeLevel          0x080009b5   Thumb Code    40  stm32f1xx_hal_can.o(.text.HAL_CAN_GetTxMailboxesFreeLevel)
    HAL_CAN_IRQHandler                       0x080009dd   Thumb Code   570  stm32f1xx_hal_can.o(.text.HAL_CAN_IRQHandler)
    HAL_CAN_Init                             0x08000c19   Thumb Code   244  stm32f1xx_hal_can.o(.text.HAL_CAN_Init)
    HAL_CAN_MspInit                          0x08000d0d   Thumb Code   158  can.o(.text.HAL_CAN_MspInit)
    HAL_CAN_RxFifo0FullCallback              0x08000dad   Thumb Code    74  can.o(.text.HAL_CAN_RxFifo0FullCallback)
    HAL_CAN_RxFifo0MsgPendingCallback        0x08000df9   Thumb Code    36  can.o(.text.HAL_CAN_RxFifo0MsgPendingCallback)
    HAL_CAN_RxFifo1FullCallback              0x08000e1d   Thumb Code    74  can.o(.text.HAL_CAN_RxFifo1FullCallback)
    HAL_CAN_RxFifo1MsgPendingCallback        0x08000e69   Thumb Code    36  can.o(.text.HAL_CAN_RxFifo1MsgPendingCallback)
    HAL_CAN_SleepCallback                    0x08000e8d   Thumb Code     2  stm32f1xx_hal_can.o(.text.HAL_CAN_SleepCallback)
    HAL_CAN_Start                            0x08000e91   Thumb Code    90  stm32f1xx_hal_can.o(.text.HAL_CAN_Start)
    HAL_CAN_TxMailbox0AbortCallback          0x08000eed   Thumb Code     2  stm32f1xx_hal_can.o(.text.HAL_CAN_TxMailbox0AbortCallback)
    HAL_CAN_TxMailbox0CompleteCallback       0x08000ef1   Thumb Code     2  stm32f1xx_hal_can.o(.text.HAL_CAN_TxMailbox0CompleteCallback)
    HAL_CAN_TxMailbox1AbortCallback          0x08000ef5   Thumb Code     2  stm32f1xx_hal_can.o(.text.HAL_CAN_TxMailbox1AbortCallback)
    HAL_CAN_TxMailbox1CompleteCallback       0x08000ef9   Thumb Code     2  stm32f1xx_hal_can.o(.text.HAL_CAN_TxMailbox1CompleteCallback)
    HAL_CAN_TxMailbox2AbortCallback          0x08000efd   Thumb Code     2  stm32f1xx_hal_can.o(.text.HAL_CAN_TxMailbox2AbortCallback)
    HAL_CAN_TxMailbox2CompleteCallback       0x08000f01   Thumb Code     2  stm32f1xx_hal_can.o(.text.HAL_CAN_TxMailbox2CompleteCallback)
    HAL_CAN_WakeUpFromRxMsgCallback          0x08000f05   Thumb Code     2  stm32f1xx_hal_can.o(.text.HAL_CAN_WakeUpFromRxMsgCallback)
    HAL_Delay                                0x08000f09   Thumb Code    40  stm32f1xx_hal.o(.text.HAL_Delay)
    HAL_GPIO_Init                            0x08000f31   Thumb Code   506  stm32f1xx_hal_gpio.o(.text.HAL_GPIO_Init)
    HAL_GetTick                              0x0800112d   Thumb Code    12  stm32f1xx_hal.o(.text.HAL_GetTick)
    HAL_GetTickFreq                          0x08001139   Thumb Code    12  stm32f1xx_hal.o(.text.HAL_GetTickFreq)
    HAL_IncTick                              0x08001145   Thumb Code    26  stm32f1xx_hal.o(.text.HAL_IncTick)
    HAL_Init                                 0x08001161   Thumb Code    38  stm32f1xx_hal.o(.text.HAL_Init)
    HAL_InitTick                             0x08001189   Thumb Code    80  stm32f1xx_hal.o(.text.HAL_InitTick)
    HAL_MspInit                              0x080011d9   Thumb Code    66  stm32f1xx_hal_msp.o(.text.HAL_MspInit)
    HAL_NVIC_EnableIRQ                       0x0800121d   Thumb Code     8  stm32f1xx_hal_cortex.o(.text.HAL_NVIC_EnableIRQ)
    HAL_NVIC_SetPriority                     0x08001225   Thumb Code    30  stm32f1xx_hal_cortex.o(.text.HAL_NVIC_SetPriority)
    HAL_NVIC_SetPriorityGrouping             0x08001245   Thumb Code     8  stm32f1xx_hal_cortex.o(.text.HAL_NVIC_SetPriorityGrouping)
    HAL_SYSTICK_Config                       0x0800124d   Thumb Code     8  stm32f1xx_hal_cortex.o(.text.HAL_SYSTICK_Config)
    HardFault_Handler                        0x08001255   Thumb Code     2  stm32f1xx_it.o(.text.HardFault_Handler)
    LL_GPIO_Init                             0x080012f1   Thumb Code   134  stm32f1xx_ll_gpio.o(.text.LL_GPIO_Init)
    LL_RCC_GetSystemClocksFreq               0x08001509   Thumb Code    34  stm32f1xx_ll_rcc.o(.text.LL_RCC_GetSystemClocksFreq)
    LL_SetSystemCoreClock                    0x0800162d   Thumb Code    12  stm32f1xx_ll_utils.o(.text.LL_SetSystemCoreClock)
    LL_USART_Init                            0x080016a5   Thumb Code   136  stm32f1xx_ll_usart.o(.text.LL_USART_Init)
    MX_CAN_Init                              0x080017bd   Thumb Code   180  can.o(.text.MX_CAN_Init)
    MX_GPIO_Init                             0x08001871   Thumb Code    22  gpio.o(.text.MX_GPIO_Init)
    MX_IWDG_Init                             0x08001889   Thumb Code    34  iwdg.o(.text.MX_IWDG_Init)
    MX_USART3_UART_Init                      0x080018ad   Thumb Code   150  usart.o(.text.MX_USART3_UART_Init)
    MemManage_Handler                        0x08001945   Thumb Code     2  stm32f1xx_it.o(.text.MemManage_Handler)
    NMI_Handler                              0x08001949   Thumb Code     2  stm32f1xx_it.o(.text.NMI_Handler)
    PendSV_Handler                           0x0800197d   Thumb Code     2  stm32f1xx_it.o(.text.PendSV_Handler)
    Pins_Address_Init                        0x08001981   Thumb Code    92  pins.o(.text.Pins_Address_Init)
    Pins_LEDs_Init                           0x080019dd   Thumb Code    84  pins.o(.text.Pins_LEDs_Init)
    RCC_GetHCLKClockFreq                     0x08001a31   Thumb Code    28  stm32f1xx_ll_rcc.o(.text.RCC_GetHCLKClockFreq)
    RCC_GetPCLK1ClockFreq                    0x08001a4d   Thumb Code    26  stm32f1xx_ll_rcc.o(.text.RCC_GetPCLK1ClockFreq)
    RCC_GetPCLK2ClockFreq                    0x08001a69   Thumb Code    26  stm32f1xx_ll_rcc.o(.text.RCC_GetPCLK2ClockFreq)
    RCC_GetSystemClockFreq                   0x08001a85   Thumb Code    24  stm32f1xx_ll_rcc.o(.text.RCC_GetSystemClockFreq)
    RCC_PLL_GetFreqDomain_SYS                0x08001a9d   Thumb Code    54  stm32f1xx_ll_rcc.o(.text.RCC_PLL_GetFreqDomain_SYS)
    RS232_CharReception_Callback             0x08001ad5   Thumb Code    60  usart.o(.text.RS232_CharReception_Callback)
    RS232_Init                               0x08001b11   Thumb Code   184  usart.o(.text.RS232_Init)
    RS232_PutByte                            0x08001bc9   Thumb Code    18  usart.o(.text.RS232_PutByte)
    RS232_PutString                          0x08001bdd   Thumb Code    28  usart.o(.text.RS232_PutString)
    SVC_Handler                              0x08001c35   Thumb Code     2  stm32f1xx_it.o(.text.SVC_Handler)
    Send_Message_C2                          0x08001c39   Thumb Code   112  can.o(.text.Send_Message_C2)
    SysTick_Handler                          0x08001ced   Thumb Code     8  stm32f1xx_it.o(.text.SysTick_Handler)
    SystemClock_Config                       0x08001cf5   Thumb Code   108  main.o(.text.SystemClock_Config)
    SystemInit                               0x08001d61   Thumb Code     2  system_stm32f1xx.o(.text.SystemInit)
    TaskCAN                                  0x08001d65   Thumb Code     8  can.o(.text.TaskCAN)
    TaskCommUPS                              0x08001d6d   Thumb Code   400  megatec.o(.text.TaskCommUPS)
    Task_Control_LEDs                        0x08001efd   Thumb Code    48  pins.o(.text.Task_Control_LEDs)
    UART3_PutByte                            0x08001fc1   Thumb Code    18  usart.o(.text.UART3_PutByte)
    UART3_PutString                          0x08001fd5   Thumb Code    28  usart.o(.text.UART3_PutString)
    UPS_PROTOCOL_Create                      0x08001ff1   Thumb Code    66  megatec.o(.text.UPS_PROTOCOL_Create)
    UPS_PROTOCOL_Process                     0x08002035   Thumb Code   188  megatec.o(.text.UPS_PROTOCOL_Process)
    UPS_PROTOCOL_Reset                       0x080020f1   Thumb Code    10  megatec.o(.text.UPS_PROTOCOL_Reset)
    USART1_IRQHandler                        0x080020fd   Thumb Code    26  stm32f1xx_it.o(.text.USART1_IRQHandler)
    USB_LP_CAN1_RX0_IRQHandler               0x08002119   Thumb Code    16  stm32f1xx_it.o(.text.USB_LP_CAN1_RX0_IRQHandler)
    UartGetc                                 0x08002129   Thumb Code    56  usart.o(.text.UartGetc)
    UartRxClear                              0x08002161   Thumb Code    26  usart.o(.text.UartRxClear)
    UsageFault_Handler                       0x0800217d   Thumb Code     2  stm32f1xx_it.o(.text.UsageFault_Handler)
    delay_ms                                 0x08002225   Thumb Code   100  lib_delay.o(.text.delay_ms)
    main                                     0x08002289   Thumb Code   106  main.o(.text.main)
    AHBPrescTable                            0x0800236c   Data          16  system_stm32f1xx.o(.rodata.AHBPrescTable)
    APBPrescTable                            0x0800237c   Data           8  system_stm32f1xx.o(.rodata.APBPrescTable)
    status                                   0x08002394   Data           4  megatec.o(.rodata.status)
    Region$$Table$$Base                      0x08002398   Number         0  anon$$obj.o(Region$$Table)
    Region$$Table$$Limit                     0x080023b8   Number         0  anon$$obj.o(Region$$Table)
    SystemCoreClock                          0x20000000   Data           4  system_stm32f1xx.o(.data.SystemCoreClock)
    g_MyFlags                                0x20000004   Data           4  main.o(.data.g_MyFlags)
    uwTickFreq                               0x20000009   Data           1  stm32f1xx_hal.o(.data.uwTickFreq)
    uwTickPrio                               0x2000000c   Data           4  stm32f1xx_hal.o(.data.uwTickPrio)
    __libspace_start                         0x20000010   Data          96  libspace.o(.bss)
    __temporary_stack_top$libspace           0x20000070   Data           0  libspace.o(.bss)
    MyModuleAddress                          0x200000b4   Data           4  can.o(.bss.MyModuleAddress)
    buffer_TX_UART3                          0x2000019b   Data          35  usart.o(.bss.buffer_TX_UART3)
    hcan                                     0x200001c0   Data          40  can.o(.bss.hcan)
    msg_flags                                0x20000328   Data           4  megatec.o(.bss.msg_flags)
    uwTick                                   0x20000330   Data           4  stm32f1xx_hal.o(.bss.uwTick)



==============================================================================

Memory Map of the image

  Image Entry point : 0x080000ed

  Load Region LR_IROM1 (Base: 0x08000000, Size: 0x000023c8, Max: 0x00020000, ABSOLUTE)

    Execution Region ER_IROM1 (Exec base: 0x08000000, Load base: 0x08000000, Size: 0x000023b8, Max: 0x00020000, ABSOLUTE)

    Exec Addr    Load Addr    Size         Type   Attr      Idx    E Section Name        Object

    0x08000000   0x08000000   0x000000ec   Data   RO            3    RESET               startup_stm32f103xb.o
    0x080000ec   0x080000ec   0x00000008   Code   RO         1150  * !!!main             c_w.l(__main.o)
    0x080000f4   0x080000f4   0x00000034   Code   RO         1324    !!!scatter          c_w.l(__scatter.o)
    0x08000128   0x08000128   0x0000001a   Code   RO         1326    !!handler_copy      c_w.l(__scatter_copy.o)
    0x08000142   0x08000142   0x00000002   PAD
    0x08000144   0x08000144   0x0000001c   Code   RO         1328    !!handler_zi        c_w.l(__scatter_zi.o)
    0x08000160   0x08000160   0x00000000   Code   RO         1141    .ARM.Collect$$_printf_percent$$00000000  c_w.l(_printf_percent.o)
    0x08000160   0x08000160   0x00000006   Code   RO         1140    .ARM.Collect$$_printf_percent$$0000000A  c_w.l(_printf_u.o)
    0x08000166   0x08000166   0x00000006   Code   RO         1139    .ARM.Collect$$_printf_percent$$0000000C  c_w.l(_printf_x.o)
    0x0800016c   0x0800016c   0x00000004   Code   RO         1159    .ARM.Collect$$_printf_percent$$00000017  c_w.l(_printf_percent_end.o)
    0x08000170   0x08000170   0x00000002   Code   RO         1188    .ARM.Collect$$libinit$$00000000  c_w.l(libinit.o)
    0x08000172   0x08000172   0x00000000   Code   RO         1195    .ARM.Collect$$libinit$$00000002  c_w.l(libinit2.o)
    0x08000172   0x08000172   0x00000000   Code   RO         1197    .ARM.Collect$$libinit$$00000004  c_w.l(libinit2.o)
    0x08000172   0x08000172   0x00000000   Code   RO         1200    .ARM.Collect$$libinit$$0000000A  c_w.l(libinit2.o)
    0x08000172   0x08000172   0x00000000   Code   RO         1202    .ARM.Collect$$libinit$$0000000C  c_w.l(libinit2.o)
    0x08000172   0x08000172   0x00000000   Code   RO         1204    .ARM.Collect$$libinit$$0000000E  c_w.l(libinit2.o)
    0x08000172   0x08000172   0x00000000   Code   RO         1207    .ARM.Collect$$libinit$$00000011  c_w.l(libinit2.o)
    0x08000172   0x08000172   0x00000000   Code   RO         1209    .ARM.Collect$$libinit$$00000013  c_w.l(libinit2.o)
    0x08000172   0x08000172   0x00000000   Code   RO         1211    .ARM.Collect$$libinit$$00000015  c_w.l(libinit2.o)
    0x08000172   0x08000172   0x00000000   Code   RO         1213    .ARM.Collect$$libinit$$00000017  c_w.l(libinit2.o)
    0x08000172   0x08000172   0x00000000   Code   RO         1215    .ARM.Collect$$libinit$$00000019  c_w.l(libinit2.o)
    0x08000172   0x08000172   0x00000000   Code   RO         1217    .ARM.Collect$$libinit$$0000001B  c_w.l(libinit2.o)
    0x08000172   0x08000172   0x00000000   Code   RO         1219    .ARM.Collect$$libinit$$0000001D  c_w.l(libinit2.o)
    0x08000172   0x08000172   0x00000000   Code   RO         1221    .ARM.Collect$$libinit$$0000001F  c_w.l(libinit2.o)
    0x08000172   0x08000172   0x00000000   Code   RO         1223    .ARM.Collect$$libinit$$00000021  c_w.l(libinit2.o)
    0x08000172   0x08000172   0x00000000   Code   RO         1225    .ARM.Collect$$libinit$$00000023  c_w.l(libinit2.o)
    0x08000172   0x08000172   0x00000000   Code   RO         1227    .ARM.Collect$$libinit$$00000025  c_w.l(libinit2.o)
    0x08000172   0x08000172   0x00000000   Code   RO         1231    .ARM.Collect$$libinit$$0000002C  c_w.l(libinit2.o)
    0x08000172   0x08000172   0x00000000   Code   RO         1233    .ARM.Collect$$libinit$$0000002E  c_w.l(libinit2.o)
    0x08000172   0x08000172   0x00000000   Code   RO         1235    .ARM.Collect$$libinit$$00000030  c_w.l(libinit2.o)
    0x08000172   0x08000172   0x00000000   Code   RO         1237    .ARM.Collect$$libinit$$00000032  c_w.l(libinit2.o)
    0x08000172   0x08000172   0x00000002   Code   RO         1238    .ARM.Collect$$libinit$$00000033  c_w.l(libinit2.o)
    0x08000174   0x08000174   0x00000002   Code   RO         1260    .ARM.Collect$$libshutdown$$00000000  c_w.l(libshutdown.o)
    0x08000176   0x08000176   0x00000000   Code   RO         1275    .ARM.Collect$$libshutdown$$00000002  c_w.l(libshutdown2.o)
    0x08000176   0x08000176   0x00000000   Code   RO         1277    .ARM.Collect$$libshutdown$$00000004  c_w.l(libshutdown2.o)
    0x08000176   0x08000176   0x00000000   Code   RO         1280    .ARM.Collect$$libshutdown$$00000007  c_w.l(libshutdown2.o)
    0x08000176   0x08000176   0x00000000   Code   RO         1283    .ARM.Collect$$libshutdown$$0000000A  c_w.l(libshutdown2.o)
    0x08000176   0x08000176   0x00000000   Code   RO         1285    .ARM.Collect$$libshutdown$$0000000C  c_w.l(libshutdown2.o)
    0x08000176   0x08000176   0x00000000   Code   RO         1288    .ARM.Collect$$libshutdown$$0000000F  c_w.l(libshutdown2.o)
    0x08000176   0x08000176   0x00000002   Code   RO         1289    .ARM.Collect$$libshutdown$$00000010  c_w.l(libshutdown2.o)
    0x08000178   0x08000178   0x00000000   Code   RO         1152    .ARM.Collect$$rtentry$$00000000  c_w.l(__rtentry.o)
    0x08000178   0x08000178   0x00000000   Code   RO         1163    .ARM.Collect$$rtentry$$00000002  c_w.l(__rtentry2.o)
    0x08000178   0x08000178   0x00000006   Code   RO         1175    .ARM.Collect$$rtentry$$00000004  c_w.l(__rtentry4.o)
    0x0800017e   0x0800017e   0x00000000   Code   RO         1165    .ARM.Collect$$rtentry$$00000009  c_w.l(__rtentry2.o)
    0x0800017e   0x0800017e   0x00000004   Code   RO         1166    .ARM.Collect$$rtentry$$0000000A  c_w.l(__rtentry2.o)
    0x08000182   0x08000182   0x00000000   Code   RO         1168    .ARM.Collect$$rtentry$$0000000C  c_w.l(__rtentry2.o)
    0x08000182   0x08000182   0x00000008   Code   RO         1169    .ARM.Collect$$rtentry$$0000000D  c_w.l(__rtentry2.o)
    0x0800018a   0x0800018a   0x00000002   Code   RO         1192    .ARM.Collect$$rtexit$$00000000  c_w.l(rtexit.o)
    0x0800018c   0x0800018c   0x00000000   Code   RO         1240    .ARM.Collect$$rtexit$$00000002  c_w.l(rtexit2.o)
    0x0800018c   0x0800018c   0x00000004   Code   RO         1241    .ARM.Collect$$rtexit$$00000003  c_w.l(rtexit2.o)
    0x08000190   0x08000190   0x00000006   Code   RO         1242    .ARM.Collect$$rtexit$$00000004  c_w.l(rtexit2.o)
    0x08000196   0x08000196   0x00000002   PAD
    0x08000198   0x08000198   0x00000040   Code   RO            4    .text               startup_stm32f103xb.o
    0x080001d8   0x080001d8   0x00000028   Code   RO         1092    .text               c_w.l(noretval__2sprintf.o)
    0x08000200   0x08000200   0x00000068   Code   RO         1094    .text               c_w.l(__printf.o)
    0x08000268   0x08000268   0x00000078   Code   RO         1096    .text               c_w.l(_printf_dec.o)
    0x080002e0   0x080002e0   0x00000058   Code   RO         1101    .text               c_w.l(_printf_hex_int.o)
    0x08000338   0x08000338   0x0000003e   Code   RO         1142    .text               c_w.l(strlen.o)
    0x08000376   0x08000376   0x0000008a   Code   RO         1144    .text               c_w.l(rt_memcpy_v6.o)
    0x08000400   0x08000400   0x00000006   Code   RO         1148    .text               c_w.l(heapauxi.o)
    0x08000406   0x08000406   0x000000b2   Code   RO         1153    .text               c_w.l(_printf_intcommon.o)
    0x080004b8   0x080004b8   0x00000030   Code   RO         1155    .text               c_w.l(_printf_char_common.o)
    0x080004e8   0x080004e8   0x0000000a   Code   RO         1157    .text               c_w.l(_sputc.o)
    0x080004f2   0x080004f2   0x00000064   Code   RO         1160    .text               c_w.l(rt_memcpy_w.o)
    0x08000556   0x08000556   0x0000004a   Code   RO         1179    .text               c_w.l(sys_stackheap_outer.o)
    0x080005a0   0x080005a0   0x00000012   Code   RO         1181    .text               c_w.l(exit.o)
    0x080005b2   0x080005b2   0x00000002   PAD
    0x080005b4   0x080005b4   0x00000008   Code   RO         1189    .text               c_w.l(libspace.o)
    0x080005bc   0x080005bc   0x0000000c   Code   RO         1250    .text               c_w.l(sys_exit.o)
    0x080005c8   0x080005c8   0x00000002   Code   RO         1265    .text               c_w.l(use_no_semi.o)
    0x080005ca   0x080005ca   0x00000000   Code   RO         1267    .text               c_w.l(indicate_semi.o)
    0x080005ca   0x080005ca   0x00000002   PAD
    0x080005cc   0x080005cc   0x00000002   Code   RO          307    .text.BusFault_Handler  stm32f1xx_it.o
    0x080005ce   0x080005ce   0x00000002   PAD
    0x080005d0   0x080005d0   0x00000010   Code   RO          321    .text.CAN1_SCE_IRQHandler  stm32f1xx_it.o
    0x080005e0   0x080005e0   0x00000074   Code   RO          199    .text.CAN1_Send_Message  can.o
    0x08000654   0x08000654   0x00000002   Code   RO          313    .text.DebugMon_Handler  stm32f1xx_it.o
    0x08000656   0x08000656   0x00000002   PAD
    0x08000658   0x08000658   0x0000000a   Code   RO          153    .text.Error_Handler  main.o
    0x08000662   0x08000662   0x00000002   PAD
    0x08000664   0x08000664   0x00000034   Code   RO           98    .text.Get_Module_Address  pins.o
    0x08000698   0x08000698   0x00000026   Code   RO          419    .text.HAL_CAN_ActivateNotification  stm32f1xx_hal_can.o
    0x080006be   0x080006be   0x00000002   PAD
    0x080006c0   0x080006c0   0x000000a4   Code   RO          405    .text.HAL_CAN_AddTxMessage  stm32f1xx_hal_can.o
    0x08000764   0x08000764   0x000000e8   Code   RO          395    .text.HAL_CAN_ConfigFilter  stm32f1xx_hal_can.o
    0x0800084c   0x0800084c   0x00000048   Code   RO          191    .text.HAL_CAN_ErrorCallback  can.o
    0x08000894   0x08000894   0x00000004   Code   RO          453    .text.HAL_CAN_GetError  stm32f1xx_hal_can.o
    0x08000898   0x08000898   0x0000011c   Code   RO          415    .text.HAL_CAN_GetRxMessage  stm32f1xx_hal_can.o
    0x080009b4   0x080009b4   0x00000028   Code   RO          409    .text.HAL_CAN_GetTxMailboxesFreeLevel  stm32f1xx_hal_can.o
    0x080009dc   0x080009dc   0x0000023a   Code   RO          423    .text.HAL_CAN_IRQHandler  stm32f1xx_hal_can.o
    0x08000c16   0x08000c16   0x00000002   PAD
    0x08000c18   0x08000c18   0x000000f4   Code   RO          385    .text.HAL_CAN_Init  stm32f1xx_hal_can.o
    0x08000d0c   0x08000d0c   0x0000009e   Code   RO          179    .text.HAL_CAN_MspInit  can.o
    0x08000daa   0x08000daa   0x00000002   PAD
    0x08000dac   0x08000dac   0x0000004a   Code   RO          185    .text.HAL_CAN_RxFifo0FullCallback  can.o
    0x08000df6   0x08000df6   0x00000002   PAD
    0x08000df8   0x08000df8   0x00000024   Code   RO          183    .text.HAL_CAN_RxFifo0MsgPendingCallback  can.o
    0x08000e1c   0x08000e1c   0x0000004a   Code   RO          189    .text.HAL_CAN_RxFifo1FullCallback  can.o
    0x08000e66   0x08000e66   0x00000002   PAD
    0x08000e68   0x08000e68   0x00000024   Code   RO          187    .text.HAL_CAN_RxFifo1MsgPendingCallback  can.o
    0x08000e8c   0x08000e8c   0x00000002   Code   RO          445    .text.HAL_CAN_SleepCallback  stm32f1xx_hal_can.o
    0x08000e8e   0x08000e8e   0x00000002   PAD
    0x08000e90   0x08000e90   0x0000005a   Code   RO          397    .text.HAL_CAN_Start  stm32f1xx_hal_can.o
    0x08000eea   0x08000eea   0x00000002   PAD
    0x08000eec   0x08000eec   0x00000002   Code   RO          427    .text.HAL_CAN_TxMailbox0AbortCallback  stm32f1xx_hal_can.o
    0x08000eee   0x08000eee   0x00000002   PAD
    0x08000ef0   0x08000ef0   0x00000002   Code   RO          425    .text.HAL_CAN_TxMailbox0CompleteCallback  stm32f1xx_hal_can.o
    0x08000ef2   0x08000ef2   0x00000002   PAD
    0x08000ef4   0x08000ef4   0x00000002   Code   RO          431    .text.HAL_CAN_TxMailbox1AbortCallback  stm32f1xx_hal_can.o
    0x08000ef6   0x08000ef6   0x00000002   PAD
    0x08000ef8   0x08000ef8   0x00000002   Code   RO          429    .text.HAL_CAN_TxMailbox1CompleteCallback  stm32f1xx_hal_can.o
    0x08000efa   0x08000efa   0x00000002   PAD
    0x08000efc   0x08000efc   0x00000002   Code   RO          435    .text.HAL_CAN_TxMailbox2AbortCallback  stm32f1xx_hal_can.o
    0x08000efe   0x08000efe   0x00000002   PAD
    0x08000f00   0x08000f00   0x00000002   Code   RO          433    .text.HAL_CAN_TxMailbox2CompleteCallback  stm32f1xx_hal_can.o
    0x08000f02   0x08000f02   0x00000002   PAD
    0x08000f04   0x08000f04   0x00000002   Code   RO          447    .text.HAL_CAN_WakeUpFromRxMsgCallback  stm32f1xx_hal_can.o
    0x08000f06   0x08000f06   0x00000002   PAD
    0x08000f08   0x08000f08   0x00000028   Code   RO          635    .text.HAL_Delay     stm32f1xx_hal.o
    0x08000f30   0x08000f30   0x000001fa   Code   RO          728    .text.HAL_GPIO_Init  stm32f1xx_hal_gpio.o
    0x0800112a   0x0800112a   0x00000002   PAD
    0x0800112c   0x0800112c   0x0000000c   Code   RO          627    .text.HAL_GetTick   stm32f1xx_hal.o
    0x08001138   0x08001138   0x0000000c   Code   RO          633    .text.HAL_GetTickFreq  stm32f1xx_hal.o
    0x08001144   0x08001144   0x0000001a   Code   RO          625    .text.HAL_IncTick   stm32f1xx_hal.o
    0x0800115e   0x0800115e   0x00000002   PAD
    0x08001160   0x08001160   0x00000026   Code   RO          615    .text.HAL_Init      stm32f1xx_hal.o
    0x08001186   0x08001186   0x00000002   PAD
    0x08001188   0x08001188   0x00000050   Code   RO          617    .text.HAL_InitTick  stm32f1xx_hal.o
    0x080011d8   0x080011d8   0x00000042   Code   RO          336    .text.HAL_MspInit   stm32f1xx_hal_msp.o
    0x0800121a   0x0800121a   0x00000002   PAD
    0x0800121c   0x0800121c   0x00000008   Code   RO          798    .text.HAL_NVIC_EnableIRQ  stm32f1xx_hal_cortex.o
    0x08001224   0x08001224   0x0000001e   Code   RO          790    .text.HAL_NVIC_SetPriority  stm32f1xx_hal_cortex.o
    0x08001242   0x08001242   0x00000002   PAD
    0x08001244   0x08001244   0x00000008   Code   RO          786    .text.HAL_NVIC_SetPriorityGrouping  stm32f1xx_hal_cortex.o
    0x0800124c   0x0800124c   0x00000008   Code   RO          810    .text.HAL_SYSTICK_Config  stm32f1xx_hal_cortex.o
    0x08001254   0x08001254   0x00000002   Code   RO          303    .text.HardFault_Handler  stm32f1xx_it.o
    0x08001256   0x08001256   0x00000002   PAD
    0x08001258   0x08001258   0x00000020   Code   RO          266    .text.LL_APB1_GRP1_EnableClock  usart.o
    0x08001278   0x08001278   0x0000001c   Code   RO           94    .text.LL_APB2_GRP1_EnableClock  pins.o
    0x08001294   0x08001294   0x0000001c   Code   RO          167    .text.LL_APB2_GRP1_EnableClock  gpio.o
    0x080012b0   0x080012b0   0x0000001c   Code   RO          244    .text.LL_APB2_GRP1_EnableClock  usart.o
    0x080012cc   0x080012cc   0x00000010   Code   RO          127    .text.LL_FLASH_GetLatency  main.o
    0x080012dc   0x080012dc   0x00000014   Code   RO          125    .text.LL_FLASH_SetLatency  main.o
    0x080012f0   0x080012f0   0x00000086   Code   RO          365    .text.LL_GPIO_Init  stm32f1xx_ll_gpio.o
    0x08001376   0x08001376   0x00000002   PAD
    0x08001378   0x08001378   0x00000012   Code   RO          100    .text.LL_GPIO_IsInputPinSet  pins.o
    0x0800138a   0x0800138a   0x00000002   PAD
    0x0800138c   0x0800138c   0x00000010   Code   RO          104    .text.LL_GPIO_ResetOutputPin  pins.o
    0x0800139c   0x0800139c   0x00000010   Code   RO          106    .text.LL_GPIO_SetOutputPin  pins.o
    0x080013ac   0x080013ac   0x00000028   Code   RO          369    .text.LL_GPIO_SetPinMode  stm32f1xx_ll_gpio.o
    0x080013d4   0x080013d4   0x00000028   Code   RO          373    .text.LL_GPIO_SetPinOutputType  stm32f1xx_ll_gpio.o
    0x080013fc   0x080013fc   0x0000001a   Code   RO          367    .text.LL_GPIO_SetPinPull  stm32f1xx_ll_gpio.o
    0x08001416   0x08001416   0x00000002   PAD
    0x08001418   0x08001418   0x00000028   Code   RO          371    .text.LL_GPIO_SetPinSpeed  stm32f1xx_ll_gpio.o
    0x08001440   0x08001440   0x00000010   Code   RO          223    .text.LL_IWDG_Enable  iwdg.o
    0x08001450   0x08001450   0x00000010   Code   RO          225    .text.LL_IWDG_EnableWriteAccess  iwdg.o
    0x08001460   0x08001460   0x00000016   Code   RO          231    .text.LL_IWDG_IsReady  iwdg.o
    0x08001476   0x08001476   0x00000002   PAD
    0x08001478   0x08001478   0x00000010   Code   RO          123    .text.LL_IWDG_ReloadCounter  main.o
    0x08001488   0x08001488   0x00000010   Code   RO          233    .text.LL_IWDG_ReloadCounter  iwdg.o
    0x08001498   0x08001498   0x0000000e   Code   RO          227    .text.LL_IWDG_SetPrescaler  iwdg.o
    0x080014a6   0x080014a6   0x00000002   PAD
    0x080014a8   0x080014a8   0x00000010   Code   RO          229    .text.LL_IWDG_SetReloadCounter  iwdg.o
    0x080014b8   0x080014b8   0x00000010   Code   RO          501    .text.LL_RCC_GetAHBPrescaler  stm32f1xx_ll_rcc.o
    0x080014c8   0x080014c8   0x00000010   Code   RO          503    .text.LL_RCC_GetAPB1Prescaler  stm32f1xx_ll_rcc.o
    0x080014d8   0x080014d8   0x00000010   Code   RO          505    .text.LL_RCC_GetAPB2Prescaler  stm32f1xx_ll_rcc.o
    0x080014e8   0x080014e8   0x00000010   Code   RO          151    .text.LL_RCC_GetSysClkSource  main.o
    0x080014f8   0x080014f8   0x00000010   Code   RO          473    .text.LL_RCC_GetSysClkSource  stm32f1xx_ll_rcc.o
    0x08001508   0x08001508   0x00000022   Code   RO          481    .text.LL_RCC_GetSystemClocksFreq  stm32f1xx_ll_rcc.o
    0x0800152a   0x0800152a   0x00000002   PAD
    0x0800152c   0x0800152c   0x00000012   Code   RO          129    .text.LL_RCC_HSE_Enable  main.o
    0x0800153e   0x0800153e   0x00000002   PAD
    0x08001540   0x08001540   0x00000010   Code   RO          131    .text.LL_RCC_HSE_IsReady  main.o
    0x08001550   0x08001550   0x00000012   Code   RO          133    .text.LL_RCC_LSI_Enable  main.o
    0x08001562   0x08001562   0x00000002   PAD
    0x08001564   0x08001564   0x00000010   Code   RO          135    .text.LL_RCC_LSI_IsReady  main.o
    0x08001574   0x08001574   0x00000014   Code   RO          137    .text.LL_RCC_PLL_ConfigDomain_SYS  main.o
    0x08001588   0x08001588   0x00000012   Code   RO          139    .text.LL_RCC_PLL_Enable  main.o
    0x0800159a   0x0800159a   0x00000002   PAD
    0x0800159c   0x0800159c   0x00000010   Code   RO          507    .text.LL_RCC_PLL_GetMainSource  stm32f1xx_ll_rcc.o
    0x080015ac   0x080015ac   0x00000010   Code   RO          511    .text.LL_RCC_PLL_GetMultiplicator  stm32f1xx_ll_rcc.o
    0x080015bc   0x080015bc   0x00000010   Code   RO          509    .text.LL_RCC_PLL_GetPrediv  stm32f1xx_ll_rcc.o
    0x080015cc   0x080015cc   0x00000010   Code   RO          141    .text.LL_RCC_PLL_IsReady  main.o
    0x080015dc   0x080015dc   0x00000012   Code   RO          143    .text.LL_RCC_SetAHBPrescaler  main.o
    0x080015ee   0x080015ee   0x00000002   PAD
    0x080015f0   0x080015f0   0x00000014   Code   RO          145    .text.LL_RCC_SetAPB1Prescaler  main.o
    0x08001604   0x08001604   0x00000012   Code   RO          147    .text.LL_RCC_SetAPB2Prescaler  main.o
    0x08001616   0x08001616   0x00000002   PAD
    0x08001618   0x08001618   0x00000014   Code   RO          149    .text.LL_RCC_SetSysClkSource  main.o
    0x0800162c   0x0800162c   0x0000000c   Code   RO          527    .text.LL_SetSystemCoreClock  stm32f1xx_ll_utils.o
    0x08001638   0x08001638   0x00000010   Code   RO          258    .text.LL_USART_ClearFlag_RXNE  usart.o
    0x08001648   0x08001648   0x00000012   Code   RO          254    .text.LL_USART_ConfigAsyncMode  usart.o
    0x0800165a   0x0800165a   0x00000002   PAD
    0x0800165c   0x0800165c   0x00000012   Code   RO          284    .text.LL_USART_DisableIT_RXNE  usart.o
    0x0800166e   0x0800166e   0x00000002   PAD
    0x08001670   0x08001670   0x0000000a   Code   RO          256    .text.LL_USART_Enable  usart.o
    0x0800167a   0x0800167a   0x00000002   PAD
    0x0800167c   0x0800167c   0x00000012   Code   RO          262    .text.LL_USART_EnableIT_ERROR  usart.o
    0x0800168e   0x0800168e   0x00000002   PAD
    0x08001690   0x08001690   0x00000012   Code   RO          260    .text.LL_USART_EnableIT_RXNE  usart.o
    0x080016a2   0x080016a2   0x00000002   PAD
    0x080016a4   0x080016a4   0x00000088   Code   RO         1011    .text.LL_USART_Init  stm32f1xx_ll_usart.o
    0x0800172c   0x0800172c   0x00000010   Code   RO          325    .text.LL_USART_IsActiveFlag_RXNE  stm32f1xx_it.o
    0x0800173c   0x0800173c   0x00000008   Code   RO         1013    .text.LL_USART_IsEnabled  stm32f1xx_ll_usart.o
    0x08001744   0x08001744   0x00000010   Code   RO          327    .text.LL_USART_IsEnabledIT_RXNE  stm32f1xx_it.o
    0x08001754   0x08001754   0x0000000e   Code   RO          276    .text.LL_USART_ReceiveData8  usart.o
    0x08001762   0x08001762   0x00000002   PAD
    0x08001764   0x08001764   0x00000040   Code   RO         1019    .text.LL_USART_SetBaudRate  stm32f1xx_ll_usart.o
    0x080017a4   0x080017a4   0x0000000c   Code   RO         1017    .text.LL_USART_SetHWFlowCtrl  stm32f1xx_ll_usart.o
    0x080017b0   0x080017b0   0x0000000c   Code   RO         1015    .text.LL_USART_SetStopBitsLength  stm32f1xx_ll_usart.o
    0x080017bc   0x080017bc   0x000000b4   Code   RO          177    .text.MX_CAN_Init   can.o
    0x08001870   0x08001870   0x00000016   Code   RO          165    .text.MX_GPIO_Init  gpio.o
    0x08001886   0x08001886   0x00000002   PAD
    0x08001888   0x08001888   0x00000022   Code   RO          221    .text.MX_IWDG_Init  iwdg.o
    0x080018aa   0x080018aa   0x00000002   PAD
    0x080018ac   0x080018ac   0x00000096   Code   RO          264    .text.MX_USART3_UART_Init  usart.o
    0x08001942   0x08001942   0x00000002   PAD
    0x08001944   0x08001944   0x00000002   Code   RO          305    .text.MemManage_Handler  stm32f1xx_it.o
    0x08001946   0x08001946   0x00000002   PAD
    0x08001948   0x08001948   0x00000002   Code   RO          301    .text.NMI_Handler   stm32f1xx_it.o
    0x0800194a   0x0800194a   0x00000002   PAD
    0x0800194c   0x0800194c   0x00000004   Code   RO          248    .text.NVIC_EncodePriority  usart.o
    0x08001950   0x08001950   0x0000002c   Code   RO          796    .text.NVIC_EncodePriority  stm32f1xx_hal_cortex.o
    0x0800197c   0x0800197c   0x00000002   Code   RO          315    .text.PendSV_Handler  stm32f1xx_it.o
    0x0800197e   0x0800197e   0x00000002   PAD
    0x08001980   0x08001980   0x0000005c   Code   RO           96    .text.Pins_Address_Init  pins.o
    0x080019dc   0x080019dc   0x00000054   Code   RO           92    .text.Pins_LEDs_Init  pins.o
    0x08001a30   0x08001a30   0x0000001c   Code   RO          485    .text.RCC_GetHCLKClockFreq  stm32f1xx_ll_rcc.o
    0x08001a4c   0x08001a4c   0x0000001a   Code   RO          487    .text.RCC_GetPCLK1ClockFreq  stm32f1xx_ll_rcc.o
    0x08001a66   0x08001a66   0x00000002   PAD
    0x08001a68   0x08001a68   0x0000001a   Code   RO          489    .text.RCC_GetPCLK2ClockFreq  stm32f1xx_ll_rcc.o
    0x08001a82   0x08001a82   0x00000002   PAD
    0x08001a84   0x08001a84   0x00000018   Code   RO          483    .text.RCC_GetSystemClockFreq  stm32f1xx_ll_rcc.o
    0x08001a9c   0x08001a9c   0x00000036   Code   RO          495    .text.RCC_PLL_GetFreqDomain_SYS  stm32f1xx_ll_rcc.o
    0x08001ad2   0x08001ad2   0x00000002   PAD
    0x08001ad4   0x08001ad4   0x0000003c   Code   RO          274    .text.RS232_CharReception_Callback  usart.o
    0x08001b10   0x08001b10   0x000000b8   Code   RO          268    .text.RS232_Init    usart.o
    0x08001bc8   0x08001bc8   0x00000012   Code   RO          270    .text.RS232_PutByte  usart.o
    0x08001bda   0x08001bda   0x00000002   PAD
    0x08001bdc   0x08001bdc   0x0000001c   Code   RO          272    .text.RS232_PutString  usart.o
    0x08001bf8   0x08001bf8   0x0000003c   Code   RO          201    .text.ReadMsgCAN    can.o
    0x08001c34   0x08001c34   0x00000002   Code   RO          311    .text.SVC_Handler   stm32f1xx_it.o
    0x08001c36   0x08001c36   0x00000002   PAD
    0x08001c38   0x08001c38   0x00000084   Code   RO          197    .text.Send_Message_C2  can.o
    0x08001cbc   0x08001cbc   0x0000002e   Code   RO          812    .text.SysTick_Config  stm32f1xx_hal_cortex.o
    0x08001cea   0x08001cea   0x00000002   PAD
    0x08001cec   0x08001cec   0x00000008   Code   RO          317    .text.SysTick_Handler  stm32f1xx_it.o
    0x08001cf4   0x08001cf4   0x0000006c   Code   RO          121    .text.SystemClock_Config  main.o
    0x08001d60   0x08001d60   0x00000002   Code   RO         1074    .text.SystemInit    system_stm32f1xx.o
    0x08001d62   0x08001d62   0x00000002   PAD
    0x08001d64   0x08001d64   0x00000008   Code   RO          193    .text.TaskCAN       can.o
    0x08001d6c   0x08001d6c   0x00000190   Code   RO           64    .text.TaskCommUPS   megatec.o
    0x08001efc   0x08001efc   0x00000030   Code   RO          102    .text.Task_Control_LEDs  pins.o
    0x08001f2c   0x08001f2c   0x00000092   Code   RO          195    .text.Task_ProcCANRequests_And_CheckCANCondition  can.o
    0x08001fbe   0x08001fbe   0x00000002   PAD
    0x08001fc0   0x08001fc0   0x00000012   Code   RO          286    .text.UART3_PutByte  usart.o
    0x08001fd2   0x08001fd2   0x00000002   PAD
    0x08001fd4   0x08001fd4   0x0000001c   Code   RO          288    .text.UART3_PutString  usart.o
    0x08001ff0   0x08001ff0   0x00000042   Code   RO           68    .text.UPS_PROTOCOL_Create  megatec.o
    0x08002032   0x08002032   0x00000002   PAD
    0x08002034   0x08002034   0x000000bc   Code   RO           66    .text.UPS_PROTOCOL_Process  megatec.o
    0x080020f0   0x080020f0   0x0000000a   Code   RO           70    .text.UPS_PROTOCOL_Reset  megatec.o
    0x080020fa   0x080020fa   0x00000002   PAD
    0x080020fc   0x080020fc   0x0000001a   Code   RO          323    .text.USART1_IRQHandler  stm32f1xx_it.o
    0x08002116   0x08002116   0x00000002   PAD
    0x08002118   0x08002118   0x00000010   Code   RO          319    .text.USB_LP_CAN1_RX0_IRQHandler  stm32f1xx_it.o
    0x08002128   0x08002128   0x00000038   Code   RO          278    .text.UartGetc      usart.o
    0x08002160   0x08002160   0x0000001a   Code   RO          282    .text.UartRxClear   usart.o
    0x0800217a   0x0800217a   0x00000002   PAD
    0x0800217c   0x0800217c   0x00000002   Code   RO          309    .text.UsageFault_Handler  stm32f1xx_it.o
    0x0800217e   0x0800217e   0x00000002   PAD
    0x08002180   0x08002180   0x0000000e   Code   RO          252    .text.__NVIC_EnableIRQ  usart.o
    0x0800218e   0x0800218e   0x00000002   PAD
    0x08002190   0x08002190   0x00000020   Code   RO          800    .text.__NVIC_EnableIRQ  stm32f1xx_hal_cortex.o
    0x080021b0   0x080021b0   0x00000010   Code   RO          250    .text.__NVIC_GetPriorityGrouping  usart.o
    0x080021c0   0x080021c0   0x00000010   Code   RO          792    .text.__NVIC_GetPriorityGrouping  stm32f1xx_hal_cortex.o
    0x080021d0   0x080021d0   0x0000000e   Code   RO          246    .text.__NVIC_SetPriority  usart.o
    0x080021de   0x080021de   0x00000002   PAD
    0x080021e0   0x080021e0   0x00000022   Code   RO          794    .text.__NVIC_SetPriority  stm32f1xx_hal_cortex.o
    0x08002202   0x08002202   0x00000002   PAD
    0x08002204   0x08002204   0x00000020   Code   RO          788    .text.__NVIC_SetPriorityGrouping  stm32f1xx_hal_cortex.o
    0x08002224   0x08002224   0x00000064   Code   RO           37    .text.delay_ms      lib_delay.o
    0x08002288   0x08002288   0x0000006a   Code   RO          119    .text.main          main.o
    0x080022f2   0x080022f2   0x00000028   Data   RO         1102    .constdata          c_w.l(_printf_hex_int.o)
    0x0800231a   0x0800231a   0x00000002   PAD
    0x0800231c   0x0800231c   0x00000028   Data   RO          110    .rodata..L__const.Get_Module_Address.pins  pins.o
    0x08002344   0x08002344   0x00000028   Data   RO          109    .rodata..L__const.Pins_Address_Init.pins  pins.o
    0x0800236c   0x0800236c   0x00000010   Data   RO         1079    .rodata.AHBPrescTable  system_stm32f1xx.o
    0x0800237c   0x0800237c   0x00000008   Data   RO         1080    .rodata.APBPrescTable  system_stm32f1xx.o
    0x08002384   0x08002384   0x00000010   Data   RO          108    .rodata.cst16       pins.o
    0x08002394   0x08002394   0x00000004   Data   RO           74    .rodata.status      megatec.o
    0x08002398   0x08002398   0x00000020   Data   RO         1323    Region$$Table       anon$$obj.o


    Execution Region RW_IRAM1 (Exec base: 0x20000000, Load base: 0x080023b8, Size: 0x00000938, Max: 0x00005000, ABSOLUTE)

    Exec Addr    Load Addr    Size         Type   Attr      Idx    E Section Name        Object

    0x20000000   0x080023b8   0x00000004   Data   RW         1078    .data.SystemCoreClock  system_stm32f1xx.o
    0x20000004   0x080023bc   0x00000004   Data   RW          155    .data.g_MyFlags     main.o
    0x20000008   0x080023c0   0x00000001   Data   RW           78    .data.state         megatec.o
    0x20000009   0x080023c1   0x00000001   Data   RW          666    .data.uwTickFreq    stm32f1xx_hal.o
    0x2000000a   0x080023c2   0x00000002   PAD
    0x2000000c   0x080023c4   0x00000004   Data   RW          665    .data.uwTickPrio    stm32f1xx_hal.o
    0x20000010        -       0x00000060   Zero   RW         1190    .bss                c_w.l(libspace.o)
    0x20000070        -       0x00000009   Zero   RW          205    .bss.CAN1_RX        can.o
    0x20000079   0x080023c8   0x00000003   PAD
    0x2000007c        -       0x0000001c   Zero   RW          207    .bss.CAN_RxHeader   can.o
    0x20000098        -       0x00000018   Zero   RW          209    .bss.CAN_TxHeader   can.o
    0x200000b0        -       0x00000004   Zero   RW          206    .bss.ID_C2          can.o
    0x200000b4        -       0x00000004   Zero   RW          203    .bss.MyModuleAddress  can.o
    0x200000b8        -       0x00000004   Zero   RW           75    .bss.TaskCommUPS.ticks  megatec.o
    0x200000bc        -       0x00000004   Zero   RW           76    .bss.TaskCommUPS.ups_h  megatec.o
    0x200000c0        -       0x00000068   Zero   RW           77    .bss.TaskCommUPS.ups_msg_items  megatec.o
    0x20000128        -       0x00000004   Zero   RW          212    .bss.Task_ProcCANRequests_And_CheckCANCondition.last_c2_tx_ticks  can.o
    0x2000012c        -       0x00000001   Zero   RW          211    .bss.Task_ProcCANRequests_And_CheckCANCondition.need_init  can.o
    0x2000012d   0x080023c8   0x00000003   PAD
    0x20000130        -       0x00000004   Zero   RW          210    .bss.TxMailbox      can.o
    0x20000134        -       0x00000001   Zero   RW           81    .bss.UPS_PROTOCOL_Create.need_init  megatec.o
    0x20000135        -       0x00000066   Zero   RW          290    .bss.UPS_rx_data    usart.o
    0x2000019b        -       0x00000023   Zero   RW          292    .bss.buffer_TX_UART3  usart.o
    0x200001be   0x080023c8   0x00000002   PAD
    0x200001c0        -       0x00000028   Zero   RW          204    .bss.hcan           can.o
    0x200001e8        -       0x00000001   Zero   RW           83    .bss.m_Handle_In_Use.0  megatec.o
    0x200001e9   0x080023c8   0x00000003   PAD
    0x200001ec        -       0x0000013c   Zero   RW           82    .bss.m_UPS_PROTOCOL_Instances  megatec.o
    0x20000328        -       0x00000004   Zero   RW           80    .bss.msg_flags      megatec.o
    0x2000032c        -       0x00000001   Zero   RW           79    .bss.result         megatec.o
    0x2000032d   0x080023c8   0x00000003   PAD
    0x20000330        -       0x00000004   Zero   RW          667    .bss.uwTick         stm32f1xx_hal.o
    0x20000334   0x080023c8   0x00000004   PAD
    0x20000338        -       0x00000200   Zero   RW            2    HEAP                startup_stm32f103xb.o
    0x20000538        -       0x00000400   Zero   RW            1    STACK               startup_stm32f103xb.o


==============================================================================

Image component sizes


      Code (inc. data)   RO Data    RW Data    ZI Data      Debug   Object Name

      1092         36          0          0        118       8700   can.o
        50          0          0          0          0       1133   gpio.o
       134          0          0          0          0       1512   iwdg.o
       100          0          0          0          0       5697   lib_delay.o
       490          0          0          4          0       3554   main.o
       664          6          4          1        435       3553   megatec.o
       354          0         96          0          0       3173   pins.o
        64         26        236          0       1536        772   startup_stm32f103xb.o
       208          0          0          5          4       5714   stm32f1xx_hal.o
      1682          6          0          0          0      13104   stm32f1xx_hal_can.o
       258          0          0          0          0       8689   stm32f1xx_hal_cortex.o
       506         20          0          0          0       4645   stm32f1xx_hal_gpio.o
        66          0          0          0          0       1174   stm32f1xx_hal_msp.o
       114          0          0          0          0       2346   stm32f1xx_it.o
       280          0          0          0          0       3428   stm32f1xx_ll_gpio.o
       304          0          0          0          0       4985   stm32f1xx_ll_rcc.o
       232          0          0          0          0       4797   stm32f1xx_ll_usart.o
        12          0          0          0          0       7193   stm32f1xx_ll_utils.o
         2          0         24          4          0       1600   system_stm32f1xx.o
       788          0          0          0        137       8089   usart.o

    ----------------------------------------------------------------------
      7526         94        392         16       2248      93858   Object Totals
         0          0         32          0          0          0   (incl. Generated)
       126          0          0          2         18          0   (incl. Padding)

    ----------------------------------------------------------------------

      Code (inc. data)   RO Data    RW Data    ZI Data      Debug   Library Member Name

         8          0          0          0          0         68   __main.o
       104          0          0          0          0         84   __printf.o
         0          0          0          0          0          0   __rtentry.o
        12          0          0          0          0          0   __rtentry2.o
         6          0          0          0          0          0   __rtentry4.o
        52          8          0          0          0          0   __scatter.o
        26          0          0          0          0          0   __scatter_copy.o
        28          0          0          0          0          0   __scatter_zi.o
        48          6          0          0          0         96   _printf_char_common.o
       120         16          0          0          0         92   _printf_dec.o
        88          4         40          0          0         88   _printf_hex_int.o
       178          0          0          0          0         88   _printf_intcommon.o
         0          0          0          0          0          0   _printf_percent.o
         4          0          0          0          0          0   _printf_percent_end.o
         6          0          0          0          0          0   _printf_u.o
         6          0          0          0          0          0   _printf_x.o
        10          0          0          0          0         68   _sputc.o
        18          0          0          0          0         80   exit.o
         6          0          0          0          0        152   heapauxi.o
         0          0          0          0          0          0   indicate_semi.o
         2          0          0          0          0          0   libinit.o
         2          0          0          0          0          0   libinit2.o
         2          0          0          0          0          0   libshutdown.o
         2          0          0          0          0          0   libshutdown2.o
         8          4          0          0         96         68   libspace.o
        40          6          0          0          0         84   noretval__2sprintf.o
       138          0          0          0          0         68   rt_memcpy_v6.o
       100          0          0          0          0         80   rt_memcpy_w.o
         2          0          0          0          0          0   rtexit.o
        10          0          0          0          0          0   rtexit2.o
        62          0          0          0          0         76   strlen.o
        12          4          0          0          0         68   sys_exit.o
        74          0          0          0          0         80   sys_stackheap_outer.o
         2          0          0          0          0         68   use_no_semi.o

    ----------------------------------------------------------------------
      1184         48         42          0         96       1408   Library Totals
         8          0          2          0          0          0   (incl. Padding)

    ----------------------------------------------------------------------

      Code (inc. data)   RO Data    RW Data    ZI Data      Debug   Library Name

      1176         48         40          0         96       1408   c_w.l

    ----------------------------------------------------------------------
      1184         48         42          0         96       1408   Library Totals

    ----------------------------------------------------------------------

==============================================================================


      Code (inc. data)   RO Data    RW Data    ZI Data      Debug   

      8710        142        434         16       2344      94278   Grand Totals
      8710        142        434         16       2344      94278   ELF Image Totals
      8710        142        434         16          0          0   ROM Totals

==============================================================================

    Total RO  Size (Code + RO Data)                 9144 (   8.93kB)
    Total RW  Size (RW Data + ZI Data)              2360 (   2.30kB)
    Total ROM Size (Code + RO Data + RW Data)       9160 (   8.95kB)

==============================================================================

