Component: ARM Compiler 6.16 Tool: armlink [5dfeaa00]

==============================================================================

Section Cross References

    startup_stm32f103xb.o(STACK) refers (Special) to heapauxi.o(.text) for __use_two_region_memory
    startup_stm32f103xb.o(HEAP) refers (Special) to heapauxi.o(.text) for __use_two_region_memory
    startup_stm32f103xb.o(RESET) refers (Special) to heapauxi.o(.text) for __use_two_region_memory
    startup_stm32f103xb.o(RESET) refers to startup_stm32f103xb.o(STACK) for __initial_sp
    startup_stm32f103xb.o(RESET) refers to startup_stm32f103xb.o(.text) for Reset_Handler
    startup_stm32f103xb.o(RESET) refers to stm32f1xx_it.o(.text.NMI_Handler) for NMI_Handler
    startup_stm32f103xb.o(RESET) refers to stm32f1xx_it.o(.text.HardFault_Handler) for HardFault_Handler
    startup_stm32f103xb.o(RESET) refers to stm32f1xx_it.o(.text.MemManage_Handler) for MemManage_Handler
    startup_stm32f103xb.o(RESET) refers to stm32f1xx_it.o(.text.BusFault_Handler) for BusFault_Handler
    startup_stm32f103xb.o(RESET) refers to stm32f1xx_it.o(.text.UsageFault_Handler) for UsageFault_Handler
    startup_stm32f103xb.o(RESET) refers to stm32f1xx_it.o(.text.SVC_Handler) for SVC_Handler
    startup_stm32f103xb.o(RESET) refers to stm32f1xx_it.o(.text.DebugMon_Handler) for DebugMon_Handler
    startup_stm32f103xb.o(RESET) refers to stm32f1xx_it.o(.text.PendSV_Handler) for PendSV_Handler
    startup_stm32f103xb.o(RESET) refers to stm32f1xx_it.o(.text.SysTick_Handler) for SysTick_Handler
    startup_stm32f103xb.o(RESET) refers to stm32f1xx_it.o(.text.USB_LP_CAN1_RX0_IRQHandler) for USB_LP_CAN1_RX0_IRQHandler
    startup_stm32f103xb.o(RESET) refers to stm32f1xx_it.o(.text.CAN1_SCE_IRQHandler) for CAN1_SCE_IRQHandler
    startup_stm32f103xb.o(RESET) refers to stm32f1xx_it.o(.text.USART1_IRQHandler) for USART1_IRQHandler
    startup_stm32f103xb.o(.text) refers (Special) to heapauxi.o(.text) for __use_two_region_memory
    startup_stm32f103xb.o(.text) refers to system_stm32f1xx.o(.text.SystemInit) for SystemInit
    startup_stm32f103xb.o(.text) refers to __main.o(!!!main) for __main
    startup_stm32f103xb.o(.text) refers to startup_stm32f103xb.o(HEAP) for Heap_Mem
    startup_stm32f103xb.o(.text) refers to startup_stm32f103xb.o(STACK) for Stack_Mem
    lcd1602.o(.text.WriteByte_I2C_LCD) refers to i2c.o(.bss.hi2c2) for hi2c2
    lcd1602.o(.text.WriteByte_I2C_LCD) refers to stm32f1xx_hal_i2c.o(.text.HAL_I2C_Master_Transmit) for HAL_I2C_Master_Transmit
    lcd1602.o(.ARM.exidx.text.WriteByte_I2C_LCD) refers to lcd1602.o(.text.WriteByte_I2C_LCD) for [Anonymous Symbol]
    lcd1602.o(.text.sendhalfbyte) refers to lcd1602.o(.bss.portlcd) for portlcd
    lcd1602.o(.text.sendhalfbyte) refers to lcd1602.o(.text.WriteByte_I2C_LCD) for WriteByte_I2C_LCD
    lcd1602.o(.text.sendhalfbyte) refers to lib_delay.o(.text.delay_us) for delay_us
    lcd1602.o(.ARM.exidx.text.sendhalfbyte) refers to lcd1602.o(.text.sendhalfbyte) for [Anonymous Symbol]
    lcd1602.o(.text.sendbyte) refers to lcd1602.o(.bss.portlcd) for portlcd
    lcd1602.o(.text.sendbyte) refers to lcd1602.o(.text.WriteByte_I2C_LCD) for WriteByte_I2C_LCD
    lcd1602.o(.text.sendbyte) refers to lcd1602.o(.text.sendhalfbyte) for sendhalfbyte
    lcd1602.o(.ARM.exidx.text.sendbyte) refers to lcd1602.o(.text.sendbyte) for [Anonymous Symbol]
    lcd1602.o(.text.LCD_SetPos) refers to lcd1602.o(.text.sendbyte) for sendbyte
    lcd1602.o(.ARM.exidx.text.LCD_SetPos) refers to lcd1602.o(.text.LCD_SetPos) for [Anonymous Symbol]
    lcd1602.o(.text.LCD_String) refers to lcd1602.o(.text.sendbyte) for sendbyte
    lcd1602.o(.ARM.exidx.text.LCD_String) refers to lcd1602.o(.text.LCD_String) for [Anonymous Symbol]
    lcd1602.o(.text.LCD_ini) refers to lcd1602.o(.text.WriteByte_I2C_LCD) for WriteByte_I2C_LCD
    lcd1602.o(.text.LCD_ini) refers to lcd1602.o(.bss.portlcd) for portlcd
    lcd1602.o(.text.LCD_ini) refers to lib_delay.o(.text.delay_us) for delay_us
    lcd1602.o(.text.LCD_ini) refers to lcd1602.o(.text.sendhalfbyte) for sendhalfbyte
    lcd1602.o(.text.LCD_ini) refers to lcd1602.o(.text.sendbyte) for sendbyte
    lcd1602.o(.ARM.exidx.text.LCD_ini) refers to lcd1602.o(.text.LCD_ini) for [Anonymous Symbol]
    lcd1602.o(.text.clear_LCD1602) refers to lcd1602.o(.text.LCD_SetPos) for LCD_SetPos
    lcd1602.o(.text.clear_LCD1602) refers to lcd1602.o(.text.LCD_String) for LCD_String
    lcd1602.o(.ARM.exidx.text.clear_LCD1602) refers to lcd1602.o(.text.clear_LCD1602) for [Anonymous Symbol]
    lib_delay.o(.text.GetClocksFreq) refers to stm32f1xx_ll_rcc.o(.text.LL_RCC_GetSystemClocksFreq) for LL_RCC_GetSystemClocksFreq
    lib_delay.o(.ARM.exidx.text.GetClocksFreq) refers to lib_delay.o(.text.GetClocksFreq) for [Anonymous Symbol]
    lib_delay.o(.ARM.exidx.text.delay_ms) refers to lib_delay.o(.text.delay_ms) for [Anonymous Symbol]
[...]
    ../clib/armsys.c                         0x00000000   Number         0  argv_veneer.o ABSOLUTE
    ../clib/armsys.c                         0x00000000   Number         0  _get_argv_nomalloc.o ABSOLUTE
    ../clib/armsys.c                         0x00000000   Number         0  no_argv.o ABSOLUTE
    ../clib/heapalloc.c                      0x00000000   Number         0  hrguard.o ABSOLUTE
    ../clib/heapaux.c                        0x00000000   Number         0  heapauxi.o ABSOLUTE
    ../clib/libinit.s                        0x00000000   Number         0  libinit.o ABSOLUTE
    ../clib/libinit.s                        0x00000000   Number         0  libinit2.o ABSOLUTE
    ../clib/libinit.s                        0x00000000   Number         0  libshutdown.o ABSOLUTE
    ../clib/libinit.s                        0x00000000   Number         0  libshutdown2.o ABSOLUTE
    ../clib/memcpset.s                       0x00000000   Number         0  rt_memcpy_v6.o ABSOLUTE
    ../clib/memcpset.s                       0x00000000   Number         0  rt_memclr_w.o ABSOLUTE
    ../clib/memcpset.s                       0x00000000   Number         0  rt_memcpy_w.o ABSOLUTE
    ../clib/signal.c                         0x00000000   Number         0  defsig_rtmem_outer.o ABSOLUTE
    ../clib/signal.c                         0x00000000   Number         0  defsig_rtmem_formal.o ABSOLUTE
    ../clib/signal.c                         0x00000000   Number         0  defsig_exit.o ABSOLUTE
    ../clib/signal.c                         0x00000000   Number         0  defsig_rtmem_inner.o ABSOLUTE
    ../clib/signal.c                         0x00000000   Number         0  __raise.o ABSOLUTE
    ../clib/signal.c                         0x00000000   Number         0  defsig_general.o ABSOLUTE
    ../clib/signal.c                         0x00000000   Number         0  defsig_abrt_inner.o ABSOLUTE
    ../clib/signal.c                         0x00000000   Number         0  defsig_fpe_inner.o ABSOLUTE
    ../clib/signal.c                         0x00000000   Number         0  defsig_rtred_inner.o ABSOLUTE
    ../clib/signal.c                         0x00000000   Number         0  defsig_stak_inner.o ABSOLUTE
    ../clib/signal.c                         0x00000000   Number         0  defsig_pvfn_inner.o ABSOLUTE
    ../clib/signal.c                         0x00000000   Number         0  defsig_cppl_inner.o ABSOLUTE
    ../clib/signal.c                         0x00000000   Number         0  defsig_segv_inner.o ABSOLUTE
    ../clib/signal.c                         0x00000000   Number         0  defsig_other.o ABSOLUTE
    ../clib/signal.s                         0x00000000   Number         0  defsig.o ABSOLUTE
    ../clib/stdlib.c                         0x00000000   Number         0  exit.o ABSOLUTE
    ../clib/string.c                         0x00000000   Number         0  strlen.o ABSOLUTE
    ../fplib/fpinit.s                        0x00000000   Number         0  fpinit.o ABSOLUTE
    ../fplib/fpinit_empty.s                  0x00000000   Number         0  fpinit_empty.o ABSOLUTE
    can.c                                    0x00000000   Number         0  can.o ABSOLUTE
    dc.s                                     0x00000000   Number         0  dc.o ABSOLUTE
    gpio.c                                   0x00000000   Number         0  gpio.o ABSOLUTE
    i2c.c                                    0x00000000   Number         0  i2c.o ABSOLUTE
    lcd1602.c                                0x00000000   Number         0  lcd1602.o ABSOLUTE
    lib_delay.c                              0x00000000   Number         0  lib_delay.o ABSOLUTE
    main.c                                   0x00000000   Number         0  main.o ABSOLUTE
    megatec.c                                0x00000000   Number         0  megatec.o ABSOLUTE
    startup_stm32f103xb.s                    0x00000000   Number         0  startup_stm32f103xb.o ABSOLUTE
    stm32f1xx_hal.c                          0x00000000   Number         0  stm32f1xx_hal.o ABSOLUTE
    stm32f1xx_hal_can.c                      0x00000000   Number         0  stm32f1xx_hal_can.o ABSOLUTE
    stm32f1xx_hal_cortex.c                   0x00000000   Number         0  stm32f1xx_hal_cortex.o ABSOLUTE
    stm32f1xx_hal_dma.c                      0x00000000   Number         0  stm32f1xx_hal_dma.o ABSOLUTE
    stm32f1xx_hal_exti.c                     0x00000000   Number         0  stm32f1xx_hal_exti.o ABSOLUTE
    stm32f1xx_hal_flash.c                    0x00000000   Number         0  stm32f1xx_hal_flash.o ABSOLUTE
    stm32f1xx_hal_flash_ex.c                 0x00000000   Number         0  stm32f1xx_hal_flash_ex.o ABSOLUTE
    stm32f1xx_hal_gpio.c                     0x00000000   Number         0  stm32f1xx_hal_gpio.o ABSOLUTE
    stm32f1xx_hal_gpio_ex.c                  0x00000000   Number         0  stm32f1xx_hal_gpio_ex.o ABSOLUTE
    stm32f1xx_hal_i2c.c                      0x00000000   Number         0  stm32f1xx_hal_i2c.o ABSOLUTE
    stm32f1xx_hal_msp.c                      0x00000000   Number         0  stm32f1xx_hal_msp.o ABSOLUTE
    stm32f1xx_hal_pwr.c                      0x00000000   Number         0  stm32f1xx_hal_pwr.o ABSOLUTE
    stm32f1xx_hal_rcc.c                      0x00000000   Number         0  stm32f1xx_hal_rcc.o ABSOLUTE
    stm32f1xx_hal_rcc_ex.c                   0x00000000   Number         0  stm32f1xx_hal_rcc_ex.o ABSOLUTE
    stm32f1xx_hal_tim.c                      0x00000000   Number         0  stm32f1xx_hal_tim.o ABSOLUTE
    stm32f1xx_hal_tim_ex.c                   0x00000000   Number         0  stm32f1xx_hal_tim_ex.o ABSOLUTE
    stm32f1xx_it.c                           0x00000000   Number         0  stm32f1xx_it.o ABSOLUTE
    stm32f1xx_ll_dma.c                       0x00000000   Number         0  stm32f1xx_ll_dma.o ABSOLUTE
    stm32f1xx_ll_exti.c                      0x00000000   Number         0  stm32f1xx_ll_exti.o ABSOLUTE
    stm32f1xx_ll_gpio.c                      0x00000000   Number         0  stm32f1xx_ll_gpio.o ABSOLUTE
    stm32f1xx_ll_rcc.c                       0x00000000   Number         0  stm32f1xx_ll_rcc.o ABSOLUTE
    stm32f1xx_ll_usart.c                     0x00000000   Number         0  stm32f1xx_ll_usart.o ABSOLUTE
    stm32f1xx_ll_utils.c                     0x00000000   Number         0  stm32f1xx_ll_utils.o ABSOLUTE
    system_stm32f1xx.c                       0x00000000   Number         0  system_stm32f1xx.o ABSOLUTE
    usart.c                                  0x00000000   Number         0  usart.o ABSOLUTE
    RESET                                    0x08000000   Section      236  startup_stm32f103xb.o(RESET)
    !!!main                                  0x080000ec   Section        8  __main.o(!!!main)
    !!!scatter                               0x080000f4   Section       52  __scatter.o(!!!scatter)
    !!handler_copy                           0x08000128   Section       26  __scatter_copy.o(!!handler_copy)
    !!handler_zi                             0x08000144   Section       28  __scatter_zi.o(!!handler_zi)
    .ARM.Collect$$libinit$$00000000          0x08000160   Section        2  libinit.o(.ARM.Collect$$libinit$$00000000)
    .ARM.Collect$$libinit$$00000002          0x08000162   Section        0  libinit2.o(.ARM.Collect$$libinit$$00000002)
    .ARM.Collect$$libinit$$00000004          0x08000162   Section        0  libinit2.o(.ARM.Collect$$libinit$$00000004)
    .ARM.Collect$$libinit$$0000000A          0x08000162   Section        0  libinit2.o(.ARM.Collect$$libinit$$0000000A)
    .ARM.Collect$$libinit$$0000000C          0x08000162   Section        0  libinit2.o(.ARM.Collect$$libinit$$0000000C)
    .ARM.Collect$$libinit$$0000000E          0x08000162   Section        0  libinit2.o(.ARM.Collect$$libinit$$0000000E)
    .ARM.Collect$$libinit$$00000011          0x08000162   Section        0  libinit2.o(.ARM.Collect$$libinit$$00000011)
    .ARM.Collect$$libinit$$00000013          0x08000162   Section        0  libinit2.o(.ARM.Collect$$libinit$$00000013)
    .ARM.Collect$$libinit$$00000015          0x08000162   Section        0  libinit2.o(.ARM.Collect$$libinit$$00000015)
    .ARM.Collect$$libinit$$00000017          0x08000162   Section        0  libinit2.o(.ARM.Collect$$libinit$$00000017)
    .ARM.Collect$$libinit$$00000019          0x08000162   Section        0  libinit2.o(.ARM.Collect$$libinit$$00000019)
    .ARM.Collect$$libinit$$0000001B          0x08000162   Section        0  libinit2.o(.ARM.Collect$$libinit$$0000001B)
    .ARM.Collect$$libinit$$0000001D          0x08000162   Section        0  libinit2.o(.ARM.Collect$$libinit$$0000001D)
    .ARM.Collect$$libinit$$0000001F          0x08000162   Section        0  libinit2.o(.ARM.Collect$$libinit$$0000001F)
    .ARM.Collect$$libinit$$00000021          0x08000162   Section        0  libinit2.o(.ARM.Collect$$libinit$$00000021)
    .ARM.Collect$$libinit$$00000023          0x08000162   Section        0  libinit2.o(.ARM.Collect$$libinit$$00000023)
    .ARM.Collect$$libinit$$00000025          0x08000162   Section        0  libinit2.o(.ARM.Collect$$libinit$$00000025)
    .ARM.Collect$$libinit$$0000002C          0x08000162   Section        0  libinit2.o(.ARM.Collect$$libinit$$0000002C)
    .ARM.Collect$$libinit$$0000002E          0x08000162   Section        0  libinit2.o(.ARM.Collect$$libinit$$0000002E)
    .ARM.Collect$$libinit$$00000030          0x08000162   Section        0  libinit2.o(.ARM.Collect$$libinit$$00000030)
    .ARM.Collect$$libinit$$00000032          0x08000162   Section        0  libinit2.o(.ARM.Collect$$libinit$$00000032)
    .ARM.Collect$$libinit$$00000033          0x08000162   Section        2  libinit2.o(.ARM.Collect$$libinit$$00000033)
    .ARM.Collect$$libshutdown$$00000000      0x08000164   Section        2  libshutdown.o(.ARM.Collect$$libshutdown$$00000000)
    .ARM.Collect$$libshutdown$$00000002      0x08000166   Section        0  libshutdown2.o(.ARM.Collect$$libshutdown$$00000002)
    .ARM.Collect$$libshutdown$$00000004      0x08000166   Section        0  libshutdown2.o(.ARM.Collect$$libshutdown$$00000004)
    .ARM.Collect$$libshutdown$$00000007      0x08000166   Section        0  libshutdown2.o(.ARM.Collect$$libshutdown$$00000007)
    .ARM.Collect$$libshutdown$$0000000A      0x08000166   Section        0  libshutdown2.o(.ARM.Collect$$libshutdown$$0000000A)
    .ARM.Collect$$libshutdown$$0000000C      0x08000166   Section        0  libshutdown2.o(.ARM.Collect$$libshutdown$$0000000C)
    .ARM.Collect$$libshutdown$$0000000F      0x08000166   Section        0  libshutdown2.o(.ARM.Collect$$libshutdown$$0000000F)
    .ARM.Collect$$libshutdown$$00000010      0x08000166   Section        2  libshutdown2.o(.ARM.Collect$$libshutdown$$00000010)
    .ARM.Collect$$rtentry$$00000000          0x08000168   Section        0  __rtentry.o(.ARM.Collect$$rtentry$$00000000)
    .ARM.Collect$$rtentry$$00000002          0x08000168   Section        0  __rtentry2.o(.ARM.Collect$$rtentry$$00000002)
    .ARM.Collect$$rtentry$$00000004          0x08000168   Section        6  __rtentry4.o(.ARM.Collect$$rtentry$$00000004)
    .ARM.Collect$$rtentry$$00000009          0x0800016e   Section        0  __rtentry2.o(.ARM.Collect$$rtentry$$00000009)
    .ARM.Collect$$rtentry$$0000000A          0x0800016e   Section        4  __rtentry2.o(.ARM.Collect$$rtentry$$0000000A)
    .ARM.Collect$$rtentry$$0000000C          0x08000172   Section        0  __rtentry2.o(.ARM.Collect$$rtentry$$0000000C)
    .ARM.Collect$$rtentry$$0000000D          0x08000172   Section        8  __rtentry2.o(.ARM.Collect$$rtentry$$0000000D)
    .ARM.Collect$$rtexit$$00000000           0x0800017a   Section        2  rtexit.o(.ARM.Collect$$rtexit$$00000000)
    .ARM.Collect$$rtexit$$00000002           0x0800017c   Section        0  rtexit2.o(.ARM.Collect$$rtexit$$00000002)
    .ARM.Collect$$rtexit$$00000003           0x0800017c   Section        4  rtexit2.o(.ARM.Collect$$rtexit$$00000003)
    .ARM.Collect$$rtexit$$00000004           0x08000180   Section        6  rtexit2.o(.ARM.Collect$$rtexit$$00000004)
    .text                                    0x08000188   Section       64  startup_stm32f103xb.o(.text)
    .text                                    0x080001c8   Section        0  strlen.o(.text)
    .text                                    0x08000206   Section      138  rt_memcpy_v6.o(.text)
    .text                                    0x08000290   Section        0  heapauxi.o(.text)
    .text                                    0x08000296   Section      100  rt_memcpy_w.o(.text)
    .text                                    0x080002fa   Section       74  sys_stackheap_outer.o(.text)
    .text                                    0x08000344   Section        0  exit.o(.text)
    .text                                    0x08000358   Section        8  libspace.o(.text)
    .text                                    0x08000360   Section        0  sys_exit.o(.text)
    .text                                    0x0800036c   Section        2  use_no_semi.o(.text)
    .text                                    0x0800036e   Section        0  indicate_semi.o(.text)
    [Anonymous Symbol]                       0x08000370   Section        0  stm32f1xx_it.o(.text.BusFault_Handler)
    [Anonymous Symbol]                       0x08000374   Section        0  stm32f1xx_it.o(.text.CAN1_SCE_IRQHandler)
    [Anonymous Symbol]                       0x08000384   Section        0  stm32f1xx_it.o(.text.DebugMon_Handler)
    [Anonymous Symbol]                       0x08000388   Section        0  main.o(.text.Error_Handler)
    [Anonymous Symbol]                       0x08000394   Section        0  stm32f1xx_hal_can.o(.text.HAL_CAN_ActivateNotification)
    [Anonymous Symbol]                       0x080003bc   Section        0  stm32f1xx_hal_can.o(.text.HAL_CAN_ConfigFilter)
    [Anonymous Symbol]                       0x080004a4   Section        0  can.o(.text.HAL_CAN_ErrorCallback)
    [Anonymous Symbol]                       0x080004ac   Section        0  stm32f1xx_hal_can.o(.text.HAL_CAN_GetError)
    [Anonymous Symbol]                       0x080004b0   Section        0  stm32f1xx_hal_can.o(.text.HAL_CAN_GetRxMessage)
    [Anonymous Symbol]                       0x080005cc   Section        0  stm32f1xx_hal_can.o(.text.HAL_CAN_IRQHandler)
    [Anonymous Symbol]                       0x08000808   Section        0  stm32f1xx_hal_can.o(.text.HAL_CAN_Init)
    [Anonymous Symbol]                       0x080008fc   Section        0  can.o(.text.HAL_CAN_MspInit)
    [Anonymous Symbol]                       0x0800099c   Section        0  can.o(.text.HAL_CAN_RxFifo0FullCallback)
    [Anonymous Symbol]                       0x080009a0   Section        0  can.o(.text.HAL_CAN_RxFifo0MsgPendingCallback)
    [Anonymous Symbol]                       0x080009e0   Section        0  can.o(.text.HAL_CAN_RxFifo1FullCallback)
    [Anonymous Symbol]                       0x080009e4   Section        0  can.o(.text.HAL_CAN_RxFifo1MsgPendingCallback)
    [Anonymous Symbol]                       0x08000a24   Section        0  stm32f1xx_hal_can.o(.text.HAL_CAN_SleepCallback)
    [Anonymous Symbol]                       0x08000a28   Section        0  stm32f1xx_hal_can.o(.text.HAL_CAN_Start)
    [Anonymous Symbol]                       0x08000a84   Section        0  stm32f1xx_hal_can.o(.text.HAL_CAN_TxMailbox0AbortCallback)
    [Anonymous Symbol]                       0x08000a88   Section        0  stm32f1xx_hal_can.o(.text.HAL_CAN_TxMailbox0CompleteCallback)
    [Anonymous Symbol]                       0x08000a8c   Section        0  stm32f1xx_hal_can.o(.text.HAL_CAN_TxMailbox1AbortCallback)
    [Anonymous Symbol]                       0x08000a90   Section        0  stm32f1xx_hal_can.o(.text.HAL_CAN_TxMailbox1CompleteCallback)
    [Anonymous Symbol]                       0x08000a94   Section        0  stm32f1xx_hal_can.o(.text.HAL_CAN_TxMailbox2AbortCallback)
    [Anonymous Symbol]                       0x08000a98   Section        0  stm32f1xx_hal_can.o(.text.HAL_CAN_TxMailbox2CompleteCallback)
    [Anonymous Symbol]                       0x08000a9c   Section        0  stm32f1xx_hal_can.o(.text.HAL_CAN_WakeUpFromRxMsgCallback)
    [Anonymous Symbol]                       0x08000aa0   Section        0  stm32f1xx_hal_gpio.o(.text.HAL_GPIO_Init)
    [Anonymous Symbol]                       0x08000c9c   Section        0  stm32f1xx_hal.o(.text.HAL_GetTick)
    [Anonymous Symbol]                       0x08000ca8   Section        0  stm32f1xx_hal.o(.text.HAL_GetTickFreq)
    [Anonymous Symbol]                       0x08000cb4   Section        0  stm32f1xx_hal_i2c.o(.text.HAL_I2C_Init)
    [Anonymous Symbol]                       0x08000e4c   Section        0  i2c.o(.text.HAL_I2C_MspInit)
    [Anonymous Symbol]                       0x08000eb8   Section        0  stm32f1xx_hal.o(.text.HAL_IncTick)
    [Anonymous Symbol]                       0x08000ed4   Section        0  stm32f1xx_hal.o(.text.HAL_Init)
    [Anonymous Symbol]                       0x08000efc   Section        0  stm32f1xx_hal.o(.text.HAL_InitTick)
    [Anonymous Symbol]                       0x08000f4c   Section        0  stm32f1xx_hal_msp.o(.text.HAL_MspInit)
    [Anonymous Symbol]                       0x08000f90   Section        0  stm32f1xx_hal_cortex.o(.text.HAL_NVIC_EnableIRQ)
    [Anonymous Symbol]                       0x08000f98   Section        0  stm32f1xx_hal_cortex.o(.text.HAL_NVIC_SetPriority)
    [Anonymous Symbol]                       0x08000fb8   Section        0  stm32f1xx_hal_cortex.o(.text.HAL_NVIC_SetPriorityGrouping)
    [Anonymous Symbol]                       0x08000fc0   Section        0  stm32f1xx_hal_rcc.o(.text.HAL_RCC_GetHCLKFreq)
    [Anonymous Symbol]                       0x08000fcc   Section        0  stm32f1xx_hal_rcc.o(.text.HAL_RCC_GetPCLK1Freq)
    [Anonymous Symbol]                       0x08000ff0   Section        0  stm32f1xx_hal_cortex.o(.text.HAL_SYSTICK_Config)
    [Anonymous Symbol]                       0x08000ff8   Section        0  stm32f1xx_it.o(.text.HardFault_Handler)
    LL_APB2_GRP1_EnableClock                 0x08000ffd   Thumb Code    28  gpio.o(.text.LL_APB2_GRP1_EnableClock)
    [Anonymous Symbol]                       0x08000ffc   Section        0  gpio.o(.text.LL_APB2_GRP1_EnableClock)
    LL_APB2_GRP1_EnableClock                 0x08001019   Thumb Code    28  usart.o(.text.LL_APB2_GRP1_EnableClock)
    [Anonymous Symbol]                       0x08001018   Section        0  usart.o(.text.LL_APB2_GRP1_EnableClock)
    LL_FLASH_GetLatency                      0x08001035   Thumb Code    16  main.o(.text.LL_FLASH_GetLatency)
    [Anonymous Symbol]                       0x08001034   Section        0  main.o(.text.LL_FLASH_GetLatency)
    LL_FLASH_SetLatency                      0x08001045   Thumb Code    20  main.o(.text.LL_FLASH_SetLatency)
    [Anonymous Symbol]                       0x08001044   Section        0  main.o(.text.LL_FLASH_SetLatency)
    [Anonymous Symbol]                       0x08001058   Section        0  stm32f1xx_ll_gpio.o(.text.LL_GPIO_Init)
    LL_GPIO_ResetOutputPin                   0x080010e1   Thumb Code    14  gpio.o(.text.LL_GPIO_ResetOutputPin)
    [Anonymous Symbol]                       0x080010e0   Section        0  gpio.o(.text.LL_GPIO_ResetOutputPin)
    LL_GPIO_SetPinMode                       0x080010f1   Thumb Code    40  stm32f1xx_ll_gpio.o(.text.LL_GPIO_SetPinMode)
    [Anonymous Symbol]                       0x080010f0   Section        0  stm32f1xx_ll_gpio.o(.text.LL_GPIO_SetPinMode)
    LL_GPIO_SetPinOutputType                 0x08001119   Thumb Code    40  stm32f1xx_ll_gpio.o(.text.LL_GPIO_SetPinOutputType)
    [Anonymous Symbol]                       0x08001118   Section        0  stm32f1xx_ll_gpio.o(.text.LL_GPIO_SetPinOutputType)
    LL_GPIO_SetPinPull                       0x08001141   Thumb Code    26  stm32f1xx_ll_gpio.o(.text.LL_GPIO_SetPinPull)
    [Anonymous Symbol]                       0x08001140   Section        0  stm32f1xx_ll_gpio.o(.text.LL_GPIO_SetPinPull)
    LL_GPIO_SetPinSpeed                      0x0800115d   Thumb Code    40  stm32f1xx_ll_gpio.o(.text.LL_GPIO_SetPinSpeed)
    [Anonymous Symbol]                       0x0800115c   Section        0  stm32f1xx_ll_gpio.o(.text.LL_GPIO_SetPinSpeed)
    LL_RCC_GetAHBPrescaler                   0x08001185   Thumb Code    16  stm32f1xx_ll_rcc.o(.text.LL_RCC_GetAHBPrescaler)
    [Anonymous Symbol]                       0x08001184   Section        0  stm32f1xx_ll_rcc.o(.text.LL_RCC_GetAHBPrescaler)
    LL_RCC_GetAPB1Prescaler                  0x08001195   Thumb Code    16  stm32f1xx_ll_rcc.o(.text.LL_RCC_GetAPB1Prescaler)
    [Anonymous Symbol]                       0x08001194   Section        0  stm32f1xx_ll_rcc.o(.text.LL_RCC_GetAPB1Prescaler)
    LL_RCC_GetAPB2Prescaler                  0x080011a5   Thumb Code    16  stm32f1xx_ll_rcc.o(.text.LL_RCC_GetAPB2Prescaler)
    [Anonymous Symbol]                       0x080011a4   Section        0  stm32f1xx_ll_rcc.o(.text.LL_RCC_GetAPB2Prescaler)
    LL_RCC_GetSysClkSource                   0x080011b5   Thumb Code    16  main.o(.text.LL_RCC_GetSysClkSource)
    [Anonymous Symbol]                       0x080011b4   Section        0  main.o(.text.LL_RCC_GetSysClkSource)
    LL_RCC_GetSysClkSource                   0x080011c5   Thumb Code    16  stm32f1xx_ll_rcc.o(.text.LL_RCC_GetSysClkSource)
    [Anonymous Symbol]                       0x080011c4   Section        0  stm32f1xx_ll_rcc.o(.text.LL_RCC_GetSysClkSource)
    [Anonymous Symbol]                       0x080011d4   Section        0  stm32f1xx_ll_rcc.o(.text.LL_RCC_GetSystemClocksFreq)
    LL_RCC_HSE_Enable                        0x080011f9   Thumb Code    18  main.o(.text.LL_RCC_HSE_Enable)
    [Anonymous Symbol]                       0x080011f8   Section        0  main.o(.text.LL_RCC_HSE_Enable)
    LL_RCC_HSE_IsReady                       0x0800120d   Thumb Code    16  main.o(.text.LL_RCC_HSE_IsReady)
    [Anonymous Symbol]                       0x0800120c   Section        0  main.o(.text.LL_RCC_HSE_IsReady)
    LL_RCC_PLL_ConfigDomain_SYS              0x0800121d   Thumb Code    20  main.o(.text.LL_RCC_PLL_ConfigDomain_SYS)
    [Anonymous Symbol]                       0x0800121c   Section        0  main.o(.text.LL_RCC_PLL_ConfigDomain_SYS)
    LL_RCC_PLL_Enable                        0x08001231   Thumb Code    18  main.o(.text.LL_RCC_PLL_Enable)
    [Anonymous Symbol]                       0x08001230   Section        0  main.o(.text.LL_RCC_PLL_Enable)
    LL_RCC_PLL_GetMainSource                 0x08001245   Thumb Code    16  stm32f1xx_ll_rcc.o(.text.LL_RCC_PLL_GetMainSource)
    [Anonymous Symbol]                       0x08001244   Section        0  stm32f1xx_ll_rcc.o(.text.LL_RCC_PLL_GetMainSource)
    LL_RCC_PLL_GetMultiplicator              0x08001255   Thumb Code    16  stm32f1xx_ll_rcc.o(.text.LL_RCC_PLL_GetMultiplicator)
    [Anonymous Symbol]                       0x08001254   Section        0  stm32f1xx_ll_rcc.o(.text.LL_RCC_PLL_GetMultiplicator)
    LL_RCC_PLL_GetPrediv                     0x08001265   Thumb Code    16  stm32f1xx_ll_rcc.o(.text.LL_RCC_PLL_GetPrediv)
    [Anonymous Symbol]                       0x08001264   Section        0  stm32f1xx_ll_rcc.o(.text.LL_RCC_PLL_GetPrediv)
    LL_RCC_PLL_IsReady                       0x08001275   Thumb Code    16  main.o(.text.LL_RCC_PLL_IsReady)
    [Anonymous Symbol]                       0x08001274   Section        0  main.o(.text.LL_RCC_PLL_IsReady)
    LL_RCC_SetAHBPrescaler                   0x08001285   Thumb Code    18  main.o(.text.LL_RCC_SetAHBPrescaler)
    [Anonymous Symbol]                       0x08001284   Section        0  main.o(.text.LL_RCC_SetAHBPrescaler)
    LL_RCC_SetAPB1Prescaler                  0x08001299   Thumb Code    20  main.o(.text.LL_RCC_SetAPB1Prescaler)
    [Anonymous Symbol]                       0x08001298   Section        0  main.o(.text.LL_RCC_SetAPB1Prescaler)
    LL_RCC_SetAPB2Prescaler                  0x080012ad   Thumb Code    18  main.o(.text.LL_RCC_SetAPB2Prescaler)
    [Anonymous Symbol]                       0x080012ac   Section        0  main.o(.text.LL_RCC_SetAPB2Prescaler)
    LL_RCC_SetSysClkSource                   0x080012c1   Thumb Code    20  main.o(.text.LL_RCC_SetSysClkSource)
    [Anonymous Symbol]                       0x080012c0   Section        0  main.o(.text.LL_RCC_SetSysClkSource)
    [Anonymous Symbol]                       0x080012d4   Section        0  stm32f1xx_ll_utils.o(.text.LL_SetSystemCoreClock)
    LL_USART_ClearFlag_RXNE                  0x080012e1   Thumb Code    16  usart.o(.text.LL_USART_ClearFlag_RXNE)
    [Anonymous Symbol]                       0x080012e0   Section        0  usart.o(.text.LL_USART_ClearFlag_RXNE)
    LL_USART_ConfigAsyncMode                 0x080012f1   Thumb Code    26  usart.o(.text.LL_USART_ConfigAsyncMode)
    [Anonymous Symbol]                       0x080012f0   Section        0  usart.o(.text.LL_USART_ConfigAsyncMode)
    LL_USART_DisableIT_RXNE                  0x0800130d   Thumb Code    18  usart.o(.text.LL_USART_DisableIT_RXNE)
    [Anonymous Symbol]                       0x0800130c   Section        0  usart.o(.text.LL_USART_DisableIT_RXNE)
    LL_USART_Enable                          0x08001321   Thumb Code    18  usart.o(.text.LL_USART_Enable)
    [Anonymous Symbol]                       0x08001320   Section        0  usart.o(.text.LL_USART_Enable)
    LL_USART_EnableIT_ERROR                  0x08001335   Thumb Code    18  usart.o(.text.LL_USART_EnableIT_ERROR)
    [Anonymous Symbol]                       0x08001334   Section        0  usart.o(.text.LL_USART_EnableIT_ERROR)
    LL_USART_EnableIT_RXNE                   0x08001349   Thumb Code    18  usart.o(.text.LL_USART_EnableIT_RXNE)
    [Anonymous Symbol]                       0x08001348   Section        0  usart.o(.text.LL_USART_EnableIT_RXNE)
    [Anonymous Symbol]                       0x0800135c   Section        0  stm32f1xx_ll_usart.o(.text.LL_USART_Init)
    LL_USART_IsActiveFlag_RXNE               0x080013e5   Thumb Code    16  stm32f1xx_it.o(.text.LL_USART_IsActiveFlag_RXNE)
    [Anonymous Symbol]                       0x080013e4   Section        0  stm32f1xx_it.o(.text.LL_USART_IsActiveFlag_RXNE)
    LL_USART_IsEnabled                       0x080013f5   Thumb Code     8  stm32f1xx_ll_usart.o(.text.LL_USART_IsEnabled)
    [Anonymous Symbol]                       0x080013f4   Section        0  stm32f1xx_ll_usart.o(.text.LL_USART_IsEnabled)
    LL_USART_IsEnabledIT_RXNE                0x080013fd   Thumb Code    16  stm32f1xx_it.o(.text.LL_USART_IsEnabledIT_RXNE)
    [Anonymous Symbol]                       0x080013fc   Section        0  stm32f1xx_it.o(.text.LL_USART_IsEnabledIT_RXNE)
    LL_USART_ReceiveData8                    0x0800140d   Thumb Code    14  usart.o(.text.LL_USART_ReceiveData8)
    [Anonymous Symbol]                       0x0800140c   Section        0  usart.o(.text.LL_USART_ReceiveData8)
    LL_USART_SetBaudRate                     0x0800141d   Thumb Code    64  stm32f1xx_ll_usart.o(.text.LL_USART_SetBaudRate)
    [Anonymous Symbol]                       0x0800141c   Section        0  stm32f1xx_ll_usart.o(.text.LL_USART_SetBaudRate)
    LL_USART_SetHWFlowCtrl                   0x0800145d   Thumb Code    12  stm32f1xx_ll_usart.o(.text.LL_USART_SetHWFlowCtrl)
    [Anonymous Symbol]                       0x0800145c   Section        0  stm32f1xx_ll_usart.o(.text.LL_USART_SetHWFlowCtrl)
    LL_USART_SetStopBitsLength               0x08001469   Thumb Code    12  stm32f1xx_ll_usart.o(.text.LL_USART_SetStopBitsLength)
    [Anonymous Symbol]                       0x08001468   Section        0  stm32f1xx_ll_usart.o(.text.LL_USART_SetStopBitsLength)
    [Anonymous Symbol]                       0x08001474   Section        0  can.o(.text.MX_CAN_Init)
    [Anonymous Symbol]                       0x08001504   Section        0  gpio.o(.text.MX_GPIO_Init)
    [Anonymous Symbol]                       0x0800154c   Section        0  i2c.o(.text.MX_I2C2_Init)
    [Anonymous Symbol]                       0x0800158c   Section        0  usart.o(.text.MX_USART1_UART_Init)
    [Anonymous Symbol]                       0x0800163c   Section        0  stm32f1xx_it.o(.text.MemManage_Handler)
    [Anonymous Symbol]                       0x08001640   Section        0  stm32f1xx_it.o(.text.NMI_Handler)
    NVIC_EncodePriority                      0x08001645   Thumb Code     4  usart.o(.text.NVIC_EncodePriority)
    [Anonymous Symbol]                       0x08001644   Section        0  usart.o(.text.NVIC_EncodePriority)
    NVIC_EncodePriority                      0x08001649   Thumb Code    44  stm32f1xx_hal_cortex.o(.text.NVIC_EncodePriority)
    [Anonymous Symbol]                       0x08001648   Section        0  stm32f1xx_hal_cortex.o(.text.NVIC_EncodePriority)
    [Anonymous Symbol]                       0x08001674   Section        0  stm32f1xx_it.o(.text.PendSV_Handler)
    [Anonymous Symbol]                       0x08001678   Section        0  stm32f1xx_ll_rcc.o(.text.RCC_GetHCLKClockFreq)
    [Anonymous Symbol]                       0x08001694   Section        0  stm32f1xx_ll_rcc.o(.text.RCC_GetPCLK1ClockFreq)
    [Anonymous Symbol]                       0x080016b0   Section        0  stm32f1xx_ll_rcc.o(.text.RCC_GetPCLK2ClockFreq)
    [Anonymous Symbol]                       0x080016cc   Section        0  stm32f1xx_ll_rcc.o(.text.RCC_GetSystemClockFreq)
    [Anonymous Symbol]                       0x080016e4   Section        0  stm32f1xx_ll_rcc.o(.text.RCC_PLL_GetFreqDomain_SYS)
    [Anonymous Symbol]                       0x0800171c   Section        0  usart.o(.text.RS232_CharReception_Callback)
    [Anonymous Symbol]                       0x08001744   Section        0  usart.o(.text.RS232_PutByte)
    [Anonymous Symbol]                       0x08001758   Section        0  usart.o(.text.RS232_PutString)
    [Anonymous Symbol]                       0x08001774   Section        0  stm32f1xx_it.o(.text.SVC_Handler)
    SysTick_Config                           0x08001779   Thumb Code    46  stm32f1xx_hal_cortex.o(.text.SysTick_Config)
    [Anonymous Symbol]                       0x08001778   Section        0  stm32f1xx_hal_cortex.o(.text.SysTick_Config)
    [Anonymous Symbol]                       0x080017a8   Section        0  stm32f1xx_it.o(.text.SysTick_Handler)
    [Anonymous Symbol]                       0x080017b0   Section        0  main.o(.text.SystemClock_Config)
    [Anonymous Symbol]                       0x08001810   Section        0  system_stm32f1xx.o(.text.SystemInit)
    [Anonymous Symbol]                       0x08001814   Section        0  megatec.o(.text.TaskCommUPS)
    [Anonymous Symbol]                       0x08001950   Section        0  megatec.o(.text.UPS_PROTOCOL_Create)
    [Anonymous Symbol]                       0x080019a4   Section        0  megatec.o(.text.UPS_PROTOCOL_Process)
    [Anonymous Symbol]                       0x08001a3c   Section        0  megatec.o(.text.UPS_PROTOCOL_Reset)
    [Anonymous Symbol]                       0x08001a48   Section        0  stm32f1xx_it.o(.text.USART1_IRQHandler)
    [Anonymous Symbol]                       0x08001a64   Section        0  stm32f1xx_it.o(.text.USB_LP_CAN1_RX0_IRQHandler)
    [Anonymous Symbol]                       0x08001a74   Section        0  usart.o(.text.UartGetc)
    [Anonymous Symbol]                       0x08001a94   Section        0  usart.o(.text.UartRxClear)
    [Anonymous Symbol]                       0x08001ab0   Section        0  stm32f1xx_it.o(.text.UsageFault_Handler)
    __NVIC_EnableIRQ                         0x08001ab5   Thumb Code    14  usart.o(.text.__NVIC_EnableIRQ)
    [Anonymous Symbol]                       0x08001ab4   Section        0  usart.o(.text.__NVIC_EnableIRQ)
    __NVIC_EnableIRQ                         0x08001ac5   Thumb Code    32  stm32f1xx_hal_cortex.o(.text.__NVIC_EnableIRQ)
    [Anonymous Symbol]                       0x08001ac4   Section        0  stm32f1xx_hal_cortex.o(.text.__NVIC_EnableIRQ)
    __NVIC_GetPriorityGrouping               0x08001ae5   Thumb Code    16  usart.o(.text.__NVIC_GetPriorityGrouping)
    [Anonymous Symbol]                       0x08001ae4   Section        0  usart.o(.text.__NVIC_GetPriorityGrouping)
    __NVIC_GetPriorityGrouping               0x08001af5   Thumb Code    16  stm32f1xx_hal_cortex.o(.text.__NVIC_GetPriorityGrouping)
    [Anonymous Symbol]                       0x08001af4   Section        0  stm32f1xx_hal_cortex.o(.text.__NVIC_GetPriorityGrouping)
    __NVIC_SetPriority                       0x08001b05   Thumb Code    14  usart.o(.text.__NVIC_SetPriority)
    [Anonymous Symbol]                       0x08001b04   Section        0  usart.o(.text.__NVIC_SetPriority)
    __NVIC_SetPriority                       0x08001b15   Thumb Code    34  stm32f1xx_hal_cortex.o(.text.__NVIC_SetPriority)
    [Anonymous Symbol]                       0x08001b14   Section        0  stm32f1xx_hal_cortex.o(.text.__NVIC_SetPriority)
    __NVIC_SetPriorityGrouping               0x08001b39   Thumb Code    32  stm32f1xx_hal_cortex.o(.text.__NVIC_SetPriorityGrouping)
    [Anonymous Symbol]                       0x08001b38   Section        0  stm32f1xx_hal_cortex.o(.text.__NVIC_SetPriorityGrouping)
    [Anonymous Symbol]                       0x08001b58   Section        0  main.o(.text.main)
    state                                    0x20000008   Data           1  megatec.o(.data.state)
    [Anonymous Symbol]                       0x20000008   Section        0  megatec.o(.data.state)
    .bss                                     0x20000010   Section       96  libspace.o(.bss)
    CAN1_RX                                  0x20000070   Data           9  can.o(.bss.CAN1_RX)
    [Anonymous Symbol]                       0x20000070   Section        0  can.o(.bss.CAN1_RX)
    CAN_RxHeader                             0x2000007c   Data          28  can.o(.bss.CAN_RxHeader)
    [Anonymous Symbol]                       0x2000007c   Section        0  can.o(.bss.CAN_RxHeader)
    TaskCommUPS.ticks                        0x20000098   Data           4  megatec.o(.bss.TaskCommUPS.ticks)
    [Anonymous Symbol]                       0x20000098   Section        0  megatec.o(.bss.TaskCommUPS.ticks)
    TaskCommUPS.ups_h                        0x2000009c   Data           4  megatec.o(.bss.TaskCommUPS.ups_h)
    [Anonymous Symbol]                       0x2000009c   Section        0  megatec.o(.bss.TaskCommUPS.ups_h)
    UPS_PROTOCOL_Create.need_init            0x200000a0   Data           1  megatec.o(.bss.UPS_PROTOCOL_Create.need_init)
    [Anonymous Symbol]                       0x200000a0   Section        0  megatec.o(.bss.UPS_PROTOCOL_Create.need_init)
    UPS_rx_data                              0x200000a1   Data         202  usart.o(.bss.UPS_rx_data)
    [Anonymous Symbol]                       0x200000a1   Section        0  usart.o(.bss.UPS_rx_data)
    m_Handle_In_Use.0                        0x200001e8   Data           1  megatec.o(.bss.m_Handle_In_Use.0)
    [Anonymous Symbol]                       0x200001e8   Section        0  megatec.o(.bss.m_Handle_In_Use.0)
    m_UPS_PROTOCOL_Instances                 0x200001ec   Data         268  megatec.o(.bss.m_UPS_PROTOCOL_Instances)
    [Anonymous Symbol]                       0x200001ec   Section        0  megatec.o(.bss.m_UPS_PROTOCOL_Instances)
    Heap_Mem                                 0x20000368   Data         512  startup_stm32f103xb.o(HEAP)
    HEAP                                     0x20000368   Section      512  startup_stm32f103xb.o(HEAP)
    Stack_Mem                                0x20000568   Data        1024  startup_stm32f103xb.o(STACK)
    STACK                                    0x20000568   Section     1024  startup_stm32f103xb.o(STACK)
    __initial_sp                             0x20000968   Data           0  startup_stm32f103xb.o(STACK)

    Global Symbols

    Symbol Name                              Value     Ov Type        Size  Object(Section)

    BuildAttributes$$THM_ISAv4$P$D$K$B$S$PE$A:L22UL41UL21$X:L11$S22US41US21$IEEE1$IW$~IW$USESV6$~STKCKD$USESV7$~SHL$OTIME$ROPI$EBA8$UX$STANDARDLIB$REQ8$PRES8$EABIv2 0x00000000   Number         0  anon$$obj.o ABSOLUTE
    __fp_init_empty                          0x00000000   Number         0  fpinit_empty.o ABSOLUTE
    __ARM_exceptions_init                     - Undefined Weak Reference
    __alloca_initialize                       - Undefined Weak Reference
    __arm_preinit_                            - Undefined Weak Reference
    __cpp_initialize__aeabi_                  - Undefined Weak Reference
    __cxa_finalize                            - Undefined Weak Reference
    __rt_locale                               - Undefined Weak Reference
    __sigvec_lookup                           - Undefined Weak Reference
    _atexit_init                              - Undefined Weak Reference
    _call_atexit_fns                          - Undefined Weak Reference
    _clock_init                               - Undefined Weak Reference
    _fp_trap_init                             - Undefined Weak Reference
    _fp_trap_shutdown                         - Undefined Weak Reference
    _get_lc_collate                           - Undefined Weak Reference
    _get_lc_ctype                             - Undefined Weak Reference
    _get_lc_monetary                          - Undefined Weak Reference
    _get_lc_numeric                           - Undefined Weak Reference
    _get_lc_time                              - Undefined Weak Reference
    _getenv_init                              - Undefined Weak Reference
    _handle_redirection                       - Undefined Weak Reference
    _init_alloc                               - Undefined Weak Reference
    _init_user_alloc                          - Undefined Weak Reference
    _initio                                   - Undefined Weak Reference
    _rand_init                                - Undefined Weak Reference
    _signal_finish                            - Undefined Weak Reference
    _signal_init                              - Undefined Weak Reference
    _terminate_alloc                          - Undefined Weak Reference
    _terminate_user_alloc                     - Undefined Weak Reference
    _terminateio                              - Undefined Weak Reference
    __Vectors_Size                           0x000000ec   Number         0  startup_stm32f103xb.o ABSOLUTE
    __Vectors                                0x08000000   Data           4  startup_stm32f103xb.o(RESET)
    __Vectors_End                            0x080000ec   Data           0  startup_stm32f103xb.o(RESET)
    __main                                   0x080000ed   Thumb Code     8  __main.o(!!!main)
    __scatterload                            0x080000f5   Thumb Code     0  __scatter.o(!!!scatter)
    __scatterload_rt2                        0x080000f5   Thumb Code    44  __scatter.o(!!!scatter)
    __scatterload_rt2_thumb_only             0x080000f5   Thumb Code     0  __scatter.o(!!!scatter)
    __scatterload_null                       0x08000103   Thumb Code     0  __scatter.o(!!!scatter)
    __scatterload_copy                       0x08000129   Thumb Code    26  __scatter_copy.o(!!handler_copy)
    __scatterload_zeroinit                   0x08000145   Thumb Code    28  __scatter_zi.o(!!handler_zi)
    __rt_lib_init                            0x08000161   Thumb Code     0  libinit.o(.ARM.Collect$$libinit$$00000000)
    __rt_lib_init_alloca_1                   0x08000163   Thumb Code     0  libinit2.o(.ARM.Collect$$libinit$$0000002E)
    __rt_lib_init_argv_1                     0x08000163   Thumb Code     0  libinit2.o(.ARM.Collect$$libinit$$0000002C)
    __rt_lib_init_atexit_1                   0x08000163   Thumb Code     0  libinit2.o(.ARM.Collect$$libinit$$0000001B)
    __rt_lib_init_clock_1                    0x08000163   Thumb Code     0  libinit2.o(.ARM.Collect$$libinit$$00000021)
    __rt_lib_init_cpp_1                      0x08000163   Thumb Code     0  libinit2.o(.ARM.Collect$$libinit$$00000032)
    __rt_lib_init_exceptions_1               0x08000163   Thumb Code     0  libinit2.o(.ARM.Collect$$libinit$$00000030)
    __rt_lib_init_fp_1                       0x08000163   Thumb Code     0  libinit2.o(.ARM.Collect$$libinit$$00000002)
    __rt_lib_init_fp_trap_1                  0x08000163   Thumb Code     0  libinit2.o(.ARM.Collect$$libinit$$0000001F)
    __rt_lib_init_getenv_1                   0x08000163   Thumb Code     0  libinit2.o(.ARM.Collect$$libinit$$00000023)
    __rt_lib_init_heap_1                     0x08000163   Thumb Code     0  libinit2.o(.ARM.Collect$$libinit$$0000000A)
    __rt_lib_init_lc_collate_1               0x08000163   Thumb Code     0  libinit2.o(.ARM.Collect$$libinit$$00000011)
    __rt_lib_init_lc_ctype_1                 0x08000163   Thumb Code     0  libinit2.o(.ARM.Collect$$libinit$$00000013)
    __rt_lib_init_lc_monetary_1              0x08000163   Thumb Code     0  libinit2.o(.ARM.Collect$$libinit$$00000015)
    __rt_lib_init_lc_numeric_1               0x08000163   Thumb Code     0  libinit2.o(.ARM.Collect$$libinit$$00000017)
    __rt_lib_init_lc_time_1                  0x08000163   Thumb Code     0  libinit2.o(.ARM.Collect$$libinit$$00000019)
    __rt_lib_init_preinit_1                  0x08000163   Thumb Code     0  libinit2.o(.ARM.Collect$$libinit$$00000004)
    __rt_lib_init_rand_1                     0x08000163   Thumb Code     0  libinit2.o(.ARM.Collect$$libinit$$0000000E)
    __rt_lib_init_return                     0x08000163   Thumb Code     0  libinit2.o(.ARM.Collect$$libinit$$00000033)
    __rt_lib_init_signal_1                   0x08000163   Thumb Code     0  libinit2.o(.ARM.Collect$$libinit$$0000001D)
    __rt_lib_init_stdio_1                    0x08000163   Thumb Code     0  libinit2.o(.ARM.Collect$$libinit$$00000025)
    __rt_lib_init_user_alloc_1               0x08000163   Thumb Code     0  libinit2.o(.ARM.Collect$$libinit$$0000000C)
    __rt_lib_shutdown                        0x08000165   Thumb Code     0  libshutdown.o(.ARM.Collect$$libshutdown$$00000000)
    __rt_lib_shutdown_cpp_1                  0x08000167   Thumb Code     0  libshutdown2.o(.ARM.Collect$$libshutdown$$00000002)
    __rt_lib_shutdown_fp_trap_1              0x08000167   Thumb Code     0  libshutdown2.o(.ARM.Collect$$libshutdown$$00000007)
    __rt_lib_shutdown_heap_1                 0x08000167   Thumb Code     0  libshutdown2.o(.ARM.Collect$$libshutdown$$0000000F)
    __rt_lib_shutdown_return                 0x08000167   Thumb Code     0  libshutdown2.o(.ARM.Collect$$libshutdown$$00000010)
    __rt_lib_shutdown_signal_1               0x08000167   Thumb Code     0  libshutdown2.o(.ARM.Collect$$libshutdown$$0000000A)
    __rt_lib_shutdown_stdio_1                0x08000167   Thumb Code     0  libshutdown2.o(.ARM.Collect$$libshutdown$$00000004)
    __rt_lib_shutdown_user_alloc_1           0x08000167   Thumb Code     0  libshutdown2.o(.ARM.Collect$$libshutdown$$0000000C)
    __rt_entry                               0x08000169   Thumb Code     0  __rtentry.o(.ARM.Collect$$rtentry$$00000000)
    __rt_entry_presh_1                       0x08000169   Thumb Code     0  __rtentry2.o(.ARM.Collect$$rtentry$$00000002)
    __rt_entry_sh                            0x08000169   Thumb Code     0  __rtentry4.o(.ARM.Collect$$rtentry$$00000004)
    __rt_entry_li                            0x0800016f   Thumb Code     0  __rtentry2.o(.ARM.Collect$$rtentry$$0000000A)
    __rt_entry_postsh_1                      0x0800016f   Thumb Code     0  __rtentry2.o(.ARM.Collect$$rtentry$$00000009)
    __rt_entry_main                          0x08000173   Thumb Code     0  __rtentry2.o(.ARM.Collect$$rtentry$$0000000D)
    __rt_entry_postli_1                      0x08000173   Thumb Code     0  __rtentry2.o(.ARM.Collect$$rtentry$$0000000C)
    __rt_exit                                0x0800017b   Thumb Code     0  rtexit.o(.ARM.Collect$$rtexit$$00000000)
    __rt_exit_ls                             0x0800017d   Thumb Code     0  rtexit2.o(.ARM.Collect$$rtexit$$00000003)
    __rt_exit_prels_1                        0x0800017d   Thumb Code     0  rtexit2.o(.ARM.Collect$$rtexit$$00000002)
    __rt_exit_exit                           0x08000181   Thumb Code     0  rtexit2.o(.ARM.Collect$$rtexit$$00000004)
    Reset_Handler                            0x08000189   Thumb Code     8  startup_stm32f103xb.o(.text)
    ADC1_2_IRQHandler                        0x080001a3   Thumb Code     0  startup_stm32f103xb.o(.text)
    CAN1_RX1_IRQHandler                      0x080001a3   Thumb Code     0  startup_stm32f103xb.o(.text)
    DMA1_Channel1_IRQHandler                 0x080001a3   Thumb Code     0  startup_stm32f103xb.o(.text)
    DMA1_Channel2_IRQHandler                 0x080001a3   Thumb Code     0  startup_stm32f103xb.o(.text)
    DMA1_Channel3_IRQHandler                 0x080001a3   Thumb Code     0  startup_stm32f103xb.o(.text)
    DMA1_Channel4_IRQHandler                 0x080001a3   Thumb Code     0  startup_stm32f103xb.o(.text)
    DMA1_Channel5_IRQHandler                 0x080001a3   Thumb Code     0  startup_stm32f103xb.o(.text)
    DMA1_Channel6_IRQHandler                 0x080001a3   Thumb Code     0  startup_stm32f103xb.o(.text)
    DMA1_Channel7_IRQHandler                 0x080001a3   Thumb Code     0  startup_stm32f103xb.o(.text)
    EXTI0_IRQHandler                         0x080001a3   Thumb Code     0  startup_stm32f103xb.o(.text)
    EXTI15_10_IRQHandler                     0x080001a3   Thumb Code     0  startup_stm32f103xb.o(.text)
    EXTI1_IRQHandler                         0x080001a3   Thumb Code     0  startup_stm32f103xb.o(.text)
    EXTI2_IRQHandler                         0x080001a3   Thumb Code     0  startup_stm32f103xb.o(.text)
    EXTI3_IRQHandler                         0x080001a3   Thumb Code     0  startup_stm32f103xb.o(.text)
    EXTI4_IRQHandler                         0x080001a3   Thumb Code     0  startup_stm32f103xb.o(.text)
    EXTI9_5_IRQHandler                       0x080001a3   Thumb Code     0  startup_stm32f103xb.o(.text)
    FLASH_IRQHandler                         0x080001a3   Thumb Code     0  startup_stm32f103xb.o(.text)
    I2C1_ER_IRQHandler                       0x080001a3   Thumb Code     0  startup_stm32f103xb.o(.text)
    I2C1_EV_IRQHandler                       0x080001a3   Thumb Code     0  startup_stm32f103xb.o(.text)
    I2C2_ER_IRQHandler                       0x080001a3   Thumb Code     0  startup_stm32f103xb.o(.text)
    I2C2_EV_IRQHandler                       0x080001a3   Thumb Code     0  startup_stm32f103xb.o(.text)
    PVD_IRQHandler                           0x080001a3   Thumb Code     0  startup_stm32f103xb.o(.text)
    RCC_IRQHandler                           0x080001a3   Thumb Code     0  startup_stm32f103xb.o(.text)
    RTC_Alarm_IRQHandler                     0x080001a3   Thumb Code     0  startup_stm32f103xb.o(.text)
    RTC_IRQHandler                           0x080001a3   Thumb Code     0  startup_stm32f103xb.o(.text)
    SPI1_IRQHandler                          0x080001a3   Thumb Code     0  startup_stm32f103xb.o(.text)
    SPI2_IRQHandler                          0x080001a3   Thumb Code     0  startup_stm32f103xb.o(.text)
    TAMPER_IRQHandler                        0x080001a3   Thumb Code     0  startup_stm32f103xb.o(.text)
    TIM1_BRK_IRQHandler                      0x080001a3   Thumb Code     0  startup_stm32f103xb.o(.text)
    TIM1_CC_IRQHandler                       0x080001a3   Thumb Code     0  startup_stm32f103xb.o(.text)
    TIM1_TRG_COM_IRQHandler                  0x080001a3   Thumb Code     0  startup_stm32f103xb.o(.text)
    TIM1_UP_IRQHandler                       0x080001a3   Thumb Code     0  startup_stm32f103xb.o(.text)
    TIM2_IRQHandler                          0x080001a3   Thumb Code     0  startup_stm32f103xb.o(.text)
    TIM3_IRQHandler                          0x080001a3   Thumb Code     0  startup_stm32f103xb.o(.text)
    TIM4_IRQHandler                          0x080001a3   Thumb Code     0  startup_stm32f103xb.o(.text)
    USART2_IRQHandler                        0x080001a3   Thumb Code     0  startup_stm32f103xb.o(.text)
    USART3_IRQHandler                        0x080001a3   Thumb Code     0  startup_stm32f103xb.o(.text)
    USBWakeUp_IRQHandler                     0x080001a3   Thumb Code     0  startup_stm32f103xb.o(.text)
    USB_HP_CAN1_TX_IRQHandler                0x080001a3   Thumb Code     0  startup_stm32f103xb.o(.text)
    WWDG_IRQHandler                          0x080001a3   Thumb Code     0  startup_stm32f103xb.o(.text)
    __user_initial_stackheap                 0x080001a5   Thumb Code     0  startup_stm32f103xb.o(.text)
    strlen                                   0x080001c9   Thumb Code    62  strlen.o(.text)
    __aeabi_memcpy                           0x08000207   Thumb Code     0  rt_memcpy_v6.o(.text)
    __rt_memcpy                              0x08000207   Thumb Code   138  rt_memcpy_v6.o(.text)
    _memcpy_lastbytes                        0x0800026d   Thumb Code     0  rt_memcpy_v6.o(.text)
    __use_two_region_memory                  0x08000291   Thumb Code     2  heapauxi.o(.text)
    __rt_heap_escrow$2region                 0x08000293   Thumb Code     2  heapauxi.o(.text)
    __rt_heap_expand$2region                 0x08000295   Thumb Code     2  heapauxi.o(.text)
    __aeabi_memcpy4                          0x08000297   Thumb Code     0  rt_memcpy_w.o(.text)
    __aeabi_memcpy8                          0x08000297   Thumb Code     0  rt_memcpy_w.o(.text)
    __rt_memcpy_w                            0x08000297   Thumb Code   100  rt_memcpy_w.o(.text)
    _memcpy_lastbytes_aligned                0x080002df   Thumb Code     0  rt_memcpy_w.o(.text)
    __user_setup_stackheap                   0x080002fb   Thumb Code    74  sys_stackheap_outer.o(.text)
    exit                                     0x08000345   Thumb Code    18  exit.o(.text)
    __user_libspace                          0x08000359   Thumb Code     8  libspace.o(.text)
    __user_perproc_libspace                  0x08000359   Thumb Code     0  libspace.o(.text)
    __user_perthread_libspace                0x08000359   Thumb Code     0  libspace.o(.text)
    _sys_exit                                0x08000361   Thumb Code     8  sys_exit.o(.text)
    __I$use$semihosting                      0x0800036d   Thumb Code     0  use_no_semi.o(.text)
    __use_no_semihosting_swi                 0x0800036d   Thumb Code     2  use_no_semi.o(.text)
    __semihosting_library_function           0x0800036f   Thumb Code     0  indicate_semi.o(.text)
    BusFault_Handler                         0x08000371   Thumb Code     2  stm32f1xx_it.o(.text.BusFault_Handler)
    CAN1_SCE_IRQHandler                      0x08000375   Thumb Code    16  stm32f1xx_it.o(.text.CAN1_SCE_IRQHandler)
    DebugMon_Handler                         0x08000385   Thumb Code     2  stm32f1xx_it.o(.text.DebugMon_Handler)
    Error_Handler                            0x08000389   Thumb Code    10  main.o(.text.Error_Handler)
    HAL_CAN_ActivateNotification             0x08000395   Thumb Code    38  stm32f1xx_hal_can.o(.text.HAL_CAN_ActivateNotification)
    HAL_CAN_ConfigFilter                     0x080003bd   Thumb Code   232  stm32f1xx_hal_can.o(.text.HAL_CAN_ConfigFilter)
    HAL_CAN_ErrorCallback                    0x080004a5   Thumb Code     8  can.o(.text.HAL_CAN_ErrorCallback)
    HAL_CAN_GetError                         0x080004ad   Thumb Code     4  stm32f1xx_hal_can.o(.text.HAL_CAN_GetError)
    HAL_CAN_GetRxMessage                     0x080004b1   Thumb Code   284  stm32f1xx_hal_can.o(.text.HAL_CAN_GetRxMessage)
    HAL_CAN_IRQHandler                       0x080005cd   Thumb Code   570  stm32f1xx_hal_can.o(.text.HAL_CAN_IRQHandler)
    HAL_CAN_Init                             0x08000809   Thumb Code   244  stm32f1xx_hal_can.o(.text.HAL_CAN_Init)
    HAL_CAN_MspInit                          0x080008fd   Thumb Code   158  can.o(.text.HAL_CAN_MspInit)
    HAL_CAN_RxFifo0FullCallback              0x0800099d   Thumb Code     2  can.o(.text.HAL_CAN_RxFifo0FullCallback)
    HAL_CAN_RxFifo0MsgPendingCallback        0x080009a1   Thumb Code    62  can.o(.text.HAL_CAN_RxFifo0MsgPendingCallback)
    HAL_CAN_RxFifo1FullCallback              0x080009e1   Thumb Code     2  can.o(.text.HAL_CAN_RxFifo1FullCallback)
    HAL_CAN_RxFifo1MsgPendingCallback        0x080009e5   Thumb Code    62  can.o(.text.HAL_CAN_RxFifo1MsgPendingCallback)
    HAL_CAN_SleepCallback                    0x08000a25   Thumb Code     2  stm32f1xx_hal_can.o(.text.HAL_CAN_SleepCallback)
    HAL_CAN_Start                            0x08000a29   Thumb Code    90  stm32f1xx_hal_can.o(.text.HAL_CAN_Start)
    HAL_CAN_TxMailbox0AbortCallback          0x08000a85   Thumb Code     2  stm32f1xx_hal_can.o(.text.HAL_CAN_TxMailbox0AbortCallback)
    HAL_CAN_TxMailbox0CompleteCallback       0x08000a89   Thumb Code     2  stm32f1xx_hal_can.o(.text.HAL_CAN_TxMailbox0CompleteCallback)
    HAL_CAN_TxMailbox1AbortCallback          0x08000a8d   Thumb Code     2  stm32f1xx_hal_can.o(.text.HAL_CAN_TxMailbox1AbortCallback)
    HAL_CAN_TxMailbox1CompleteCallback       0x08000a91   Thumb Code     2  stm32f1xx_hal_can.o(.text.HAL_CAN_TxMailbox1CompleteCallback)
    HAL_CAN_TxMailbox2AbortCallback          0x08000a95   Thumb Code     2  stm32f1xx_hal_can.o(.text.HAL_CAN_TxMailbox2AbortCallback)
    HAL_CAN_TxMailbox2CompleteCallback       0x08000a99   Thumb Code     2  stm32f1xx_hal_can.o(.text.HAL_CAN_TxMailbox2CompleteCallback)
    HAL_CAN_WakeUpFromRxMsgCallback          0x08000a9d   Thumb Code     2  stm32f1xx_hal_can.o(.text.HAL_CAN_WakeUpFromRxMsgCallback)
    HAL_GPIO_Init                            0x08000aa1   Thumb Code   506  stm32f1xx_hal_gpio.o(.text.HAL_GPIO_Init)
    HAL_GetTick                              0x08000c9d   Thumb Code    12  stm32f1xx_hal.o(.text.HAL_GetTick)
    HAL_GetTickFreq                          0x08000ca9   Thumb Code    12  stm32f1xx_hal.o(.text.HAL_GetTickFreq)
    HAL_I2C_Init                             0x08000cb5   Thumb Code   408  stm32f1xx_hal_i2c.o(.text.HAL_I2C_Init)
    HAL_I2C_MspInit                          0x08000e4d   Thumb Code   106  i2c.o(.text.HAL_I2C_MspInit)
    HAL_IncTick                              0x08000eb9   Thumb Code    26  stm32f1xx_hal.o(.text.HAL_IncTick)
    HAL_Init                                 0x08000ed5   Thumb Code    38  stm32f1xx_hal.o(.text.HAL_Init)
    HAL_InitTick                             0x08000efd   Thumb Code    80  stm32f1xx_hal.o(.text.HAL_InitTick)
    HAL_MspInit                              0x08000f4d   Thumb Code    66  stm32f1xx_hal_msp.o(.text.HAL_MspInit)
    HAL_NVIC_EnableIRQ                       0x08000f91   Thumb Code     8  stm32f1xx_hal_cortex.o(.text.HAL_NVIC_EnableIRQ)
    HAL_NVIC_SetPriority                     0x08000f99   Thumb Code    30  stm32f1xx_hal_cortex.o(.text.HAL_NVIC_SetPriority)
    HAL_NVIC_SetPriorityGrouping             0x08000fb9   Thumb Code     8  stm32f1xx_hal_cortex.o(.text.HAL_NVIC_SetPriorityGrouping)
    HAL_RCC_GetHCLKFreq                      0x08000fc1   Thumb Code    12  stm32f1xx_hal_rcc.o(.text.HAL_RCC_GetHCLKFreq)
    HAL_RCC_GetPCLK1Freq                     0x08000fcd   Thumb Code    34  stm32f1xx_hal_rcc.o(.text.HAL_RCC_GetPCLK1Freq)
    HAL_SYSTICK_Config                       0x08000ff1   Thumb Code     8  stm32f1xx_hal_cortex.o(.text.HAL_SYSTICK_Config)
    HardFault_Handler                        0x08000ff9   Thumb Code     2  stm32f1xx_it.o(.text.HardFault_Handler)
    LL_GPIO_Init                             0x08001059   Thumb Code   134  stm32f1xx_ll_gpio.o(.text.LL_GPIO_Init)
    LL_RCC_GetSystemClocksFreq               0x080011d5   Thumb Code    34  stm32f1xx_ll_rcc.o(.text.LL_RCC_GetSystemClocksFreq)
    LL_SetSystemCoreClock                    0x080012d5   Thumb Code    12  stm32f1xx_ll_utils.o(.text.LL_SetSystemCoreClock)
    LL_USART_Init                            0x0800135d   Thumb Code   136  stm32f1xx_ll_usart.o(.text.LL_USART_Init)
    MX_CAN_Init                              0x08001475   Thumb Code   144  can.o(.text.MX_CAN_Init)
    MX_GPIO_Init                             0x08001505   Thumb Code    72  gpio.o(.text.MX_GPIO_Init)
    MX_I2C2_Init                             0x0800154d   Thumb Code    62  i2c.o(.text.MX_I2C2_Init)
    MX_USART1_UART_Init                      0x0800158d   Thumb Code   174  usart.o(.text.MX_USART1_UART_Init)
    MemManage_Handler                        0x0800163d   Thumb Code     2  stm32f1xx_it.o(.text.MemManage_Handler)
    NMI_Handler                              0x08001641   Thumb Code     2  stm32f1xx_it.o(.text.NMI_Handler)
    PendSV_Handler                           0x08001675   Thumb Code     2  stm32f1xx_it.o(.text.PendSV_Handler)
    RCC_GetHCLKClockFreq                     0x08001679   Thumb Code    28  stm32f1xx_ll_rcc.o(.text.RCC_GetHCLKClockFreq)
    RCC_GetPCLK1ClockFreq                    0x08001695   Thumb Code    26  stm32f1xx_ll_rcc.o(.text.RCC_GetPCLK1ClockFreq)
    RCC_GetPCLK2ClockFreq                    0x080016b1   Thumb Code    26  stm32f1xx_ll_rcc.o(.text.RCC_GetPCLK2ClockFreq)
    RCC_GetSystemClockFreq                   0x080016cd   Thumb Code    24  stm32f1xx_ll_rcc.o(.text.RCC_GetSystemClockFreq)
    RCC_PLL_GetFreqDomain_SYS                0x080016e5   Thumb Code    54  stm32f1xx_ll_rcc.o(.text.RCC_PLL_GetFreqDomain_SYS)
    RS232_CharReception_Callback             0x0800171d   Thumb Code    40  usart.o(.text.RS232_CharReception_Callback)
    RS232_PutByte                            0x08001745   Thumb Code    18  usart.o(.text.RS232_PutByte)
    RS232_PutString                          0x08001759   Thumb Code    28  usart.o(.text.RS232_PutString)
    SVC_Handler                              0x08001775   Thumb Code     2  stm32f1xx_it.o(.text.SVC_Handler)
    SysTick_Handler                          0x080017a9   Thumb Code     8  stm32f1xx_it.o(.text.SysTick_Handler)
    SystemClock_Config                       0x080017b1   Thumb Code    96  main.o(.text.SystemClock_Config)
    SystemInit                               0x08001811   Thumb Code     2  system_stm32f1xx.o(.text.SystemInit)
    TaskCommUPS                              0x08001815   Thumb Code   316  megatec.o(.text.TaskCommUPS)
    UPS_PROTOCOL_Create                      0x08001951   Thumb Code    82  megatec.o(.text.UPS_PROTOCOL_Create)
    UPS_PROTOCOL_Process                     0x080019a5   Thumb Code   152  megatec.o(.text.UPS_PROTOCOL_Process)
    UPS_PROTOCOL_Reset                       0x08001a3d   Thumb Code    10  megatec.o(.text.UPS_PROTOCOL_Reset)
    USART1_IRQHandler                        0x08001a49   Thumb Code    26  stm32f1xx_it.o(.text.USART1_IRQHandler)
    USB_LP_CAN1_RX0_IRQHandler               0x08001a65   Thumb Code    16  stm32f1xx_it.o(.text.USB_LP_CAN1_RX0_IRQHandler)
    UartGetc                                 0x08001a75   Thumb Code    30  usart.o(.text.UartGetc)
    UartRxClear                              0x08001a95   Thumb Code    26  usart.o(.text.UartRxClear)
    UsageFault_Handler                       0x08001ab1   Thumb Code     2  stm32f1xx_it.o(.text.UsageFault_Handler)
    main                                     0x08001b59   Thumb Code    46  main.o(.text.main)
    AHBPrescTable                            0x08001b86   Data          16  system_stm32f1xx.o(.rodata.AHBPrescTable)
    APBPrescTable                            0x08001b96   Data           8  system_stm32f1xx.o(.rodata.APBPrescTable)
    status                                   0x08001b9e   Data           4  megatec.o(.rodata.status)
    Region$$Table$$Base                      0x08001ba4   Number         0  anon$$obj.o(Region$$Table)
    Region$$Table$$Limit                     0x08001bc4   Number         0  anon$$obj.o(Region$$Table)
    SystemCoreClock                          0x20000000   Data           4  system_stm32f1xx.o(.data.SystemCoreClock)
    g_MyFlags                                0x20000004   Data           4  main.o(.data.g_MyFlags)
    uwTickFreq                               0x20000009   Data           1  stm32f1xx_hal.o(.data.uwTickFreq)
    uwTickPrio                               0x2000000c   Data           4  stm32f1xx_hal.o(.data.uwTickPrio)
    __libspace_start                         0x20000010   Data          96  libspace.o(.bss)
    __temporary_stack_top$libspace           0x20000070   Data           0  libspace.o(.bss)
    hcan                                     0x2000016c   Data          40  can.o(.bss.hcan)
    hi2c2                                    0x20000194   Data          84  i2c.o(.bss.hi2c2)
    msg_flags                                0x200002f8   Data           4  megatec.o(.bss.msg_flags)
    ups_msg_items                            0x200002fc   Data         104  megatec.o(.bss.ups_msg_items)
    uwTick                                   0x20000364   Data           4  stm32f1xx_hal.o(.bss.uwTick)



==============================================================================

Memory Map of the image

  Image Entry point : 0x080000ed

  Load Region LR_IROM1 (Base: 0x08000000, Size: 0x00001bd8, Max: 0x00020000, ABSOLUTE)

    Execution Region ER_IROM1 (Exec base: 0x08000000, Load base: 0x08000000, Size: 0x00001bc4, Max: 0x00020000, ABSOLUTE)

    Exec Addr    Load Addr    Size         Type   Attr      Idx    E Section Name        Object

    0x08000000   0x08000000   0x000000ec   Data   RO            3    RESET               startup_stm32f103xb.o
    0x080000ec   0x080000ec   0x00000008   Code   RO         1207  * !!!main             c_w.l(__main.o)
    0x080000f4   0x080000f4   0x00000034   Code   RO         1372    !!!scatter          c_w.l(__scatter.o)
    0x08000128   0x08000128   0x0000001a   Code   RO         1374    !!handler_copy      c_w.l(__scatter_copy.o)
    0x08000142   0x08000142   0x00000002   PAD
    0x08000144   0x08000144   0x0000001c   Code   RO         1376    !!handler_zi        c_w.l(__scatter_zi.o)
    0x08000160   0x08000160   0x00000002   Code   RO         1236    .ARM.Collect$$libinit$$00000000  c_w.l(libinit.o)
    0x08000162   0x08000162   0x00000000   Code   RO         1243    .ARM.Collect$$libinit$$00000002  c_w.l(libinit2.o)
    0x08000162   0x08000162   0x00000000   Code   RO         1245    .ARM.Collect$$libinit$$00000004  c_w.l(libinit2.o)
    0x08000162   0x08000162   0x00000000   Code   RO         1248    .ARM.Collect$$libinit$$0000000A  c_w.l(libinit2.o)
    0x08000162   0x08000162   0x00000000   Code   RO         1250    .ARM.Collect$$libinit$$0000000C  c_w.l(libinit2.o)
    0x08000162   0x08000162   0x00000000   Code   RO         1252    .ARM.Collect$$libinit$$0000000E  c_w.l(libinit2.o)
    0x08000162   0x08000162   0x00000000   Code   RO         1255    .ARM.Collect$$libinit$$00000011  c_w.l(libinit2.o)
    0x08000162   0x08000162   0x00000000   Code   RO         1257    .ARM.Collect$$libinit$$00000013  c_w.l(libinit2.o)
    0x08000162   0x08000162   0x00000000   Code   RO         1259    .ARM.Collect$$libinit$$00000015  c_w.l(libinit2.o)
    0x08000162   0x08000162   0x00000000   Code   RO         1261    .ARM.Collect$$libinit$$00000017  c_w.l(libinit2.o)
    0x08000162   0x08000162   0x00000000   Code   RO         1263    .ARM.Collect$$libinit$$00000019  c_w.l(libinit2.o)
    0x08000162   0x08000162   0x00000000   Code   RO         1265    .ARM.Collect$$libinit$$0000001B  c_w.l(libinit2.o)
    0x08000162   0x08000162   0x00000000   Code   RO         1267    .ARM.Collect$$libinit$$0000001D  c_w.l(libinit2.o)
    0x08000162   0x08000162   0x00000000   Code   RO         1269    .ARM.Collect$$libinit$$0000001F  c_w.l(libinit2.o)
    0x08000162   0x08000162   0x00000000   Code   RO         1271    .ARM.Collect$$libinit$$00000021  c_w.l(libinit2.o)
    0x08000162   0x08000162   0x00000000   Code   RO         1273    .ARM.Collect$$libinit$$00000023  c_w.l(libinit2.o)
    0x08000162   0x08000162   0x00000000   Code   RO         1275    .ARM.Collect$$libinit$$00000025  c_w.l(libinit2.o)
    0x08000162   0x08000162   0x00000000   Code   RO         1279    .ARM.Collect$$libinit$$0000002C  c_w.l(libinit2.o)
    0x08000162   0x08000162   0x00000000   Code   RO         1281    .ARM.Collect$$libinit$$0000002E  c_w.l(libinit2.o)
    0x08000162   0x08000162   0x00000000   Code   RO         1283    .ARM.Collect$$libinit$$00000030  c_w.l(libinit2.o)
    0x08000162   0x08000162   0x00000000   Code   RO         1285    .ARM.Collect$$libinit$$00000032  c_w.l(libinit2.o)
    0x08000162   0x08000162   0x00000002   Code   RO         1286    .ARM.Collect$$libinit$$00000033  c_w.l(libinit2.o)
    0x08000164   0x08000164   0x00000002   Code   RO         1308    .ARM.Collect$$libshutdown$$00000000  c_w.l(libshutdown.o)
    0x08000166   0x08000166   0x00000000   Code   RO         1323    .ARM.Collect$$libshutdown$$00000002  c_w.l(libshutdown2.o)
    0x08000166   0x08000166   0x00000000   Code   RO         1325    .ARM.Collect$$libshutdown$$00000004  c_w.l(libshutdown2.o)
    0x08000166   0x08000166   0x00000000   Code   RO         1328    .ARM.Collect$$libshutdown$$00000007  c_w.l(libshutdown2.o)
    0x08000166   0x08000166   0x00000000   Code   RO         1331    .ARM.Collect$$libshutdown$$0000000A  c_w.l(libshutdown2.o)
    0x08000166   0x08000166   0x00000000   Code   RO         1333    .ARM.Collect$$libshutdown$$0000000C  c_w.l(libshutdown2.o)
    0x08000166   0x08000166   0x00000000   Code   RO         1336    .ARM.Collect$$libshutdown$$0000000F  c_w.l(libshutdown2.o)
    0x08000166   0x08000166   0x00000002   Code   RO         1337    .ARM.Collect$$libshutdown$$00000010  c_w.l(libshutdown2.o)
    0x08000168   0x08000168   0x00000000   Code   RO         1209    .ARM.Collect$$rtentry$$00000000  c_w.l(__rtentry.o)
    0x08000168   0x08000168   0x00000000   Code   RO         1213    .ARM.Collect$$rtentry$$00000002  c_w.l(__rtentry2.o)
    0x08000168   0x08000168   0x00000006   Code   RO         1225    .ARM.Collect$$rtentry$$00000004  c_w.l(__rtentry4.o)
    0x0800016e   0x0800016e   0x00000000   Code   RO         1215    .ARM.Collect$$rtentry$$00000009  c_w.l(__rtentry2.o)
    0x0800016e   0x0800016e   0x00000004   Code   RO         1216    .ARM.Collect$$rtentry$$0000000A  c_w.l(__rtentry2.o)
    0x08000172   0x08000172   0x00000000   Code   RO         1218    .ARM.Collect$$rtentry$$0000000C  c_w.l(__rtentry2.o)
    0x08000172   0x08000172   0x00000008   Code   RO         1219    .ARM.Collect$$rtentry$$0000000D  c_w.l(__rtentry2.o)
    0x0800017a   0x0800017a   0x00000002   Code   RO         1240    .ARM.Collect$$rtexit$$00000000  c_w.l(rtexit.o)
    0x0800017c   0x0800017c   0x00000000   Code   RO         1288    .ARM.Collect$$rtexit$$00000002  c_w.l(rtexit2.o)
    0x0800017c   0x0800017c   0x00000004   Code   RO         1289    .ARM.Collect$$rtexit$$00000003  c_w.l(rtexit2.o)
    0x08000180   0x08000180   0x00000006   Code   RO         1290    .ARM.Collect$$rtexit$$00000004  c_w.l(rtexit2.o)
    0x08000186   0x08000186   0x00000002   PAD
    0x08000188   0x08000188   0x00000040   Code   RO            4    .text               startup_stm32f103xb.o
    0x080001c8   0x080001c8   0x0000003e   Code   RO         1199    .text               c_w.l(strlen.o)
    0x08000206   0x08000206   0x0000008a   Code   RO         1201    .text               c_w.l(rt_memcpy_v6.o)
    0x08000290   0x08000290   0x00000006   Code   RO         1205    .text               c_w.l(heapauxi.o)
    0x08000296   0x08000296   0x00000064   Code   RO         1210    .text               c_w.l(rt_memcpy_w.o)
    0x080002fa   0x080002fa   0x0000004a   Code   RO         1227    .text               c_w.l(sys_stackheap_outer.o)
    0x08000344   0x08000344   0x00000012   Code   RO         1229    .text               c_w.l(exit.o)
    0x08000356   0x08000356   0x00000002   PAD
    0x08000358   0x08000358   0x00000008   Code   RO         1237    .text               c_w.l(libspace.o)
    0x08000360   0x08000360   0x0000000c   Code   RO         1298    .text               c_w.l(sys_exit.o)
    0x0800036c   0x0800036c   0x00000002   Code   RO         1313    .text               c_w.l(use_no_semi.o)
    0x0800036e   0x0800036e   0x00000000   Code   RO         1315    .text               c_w.l(indicate_semi.o)
    0x0800036e   0x0800036e   0x00000002   PAD
    0x08000370   0x08000370   0x00000002   Code   RO          246    .text.BusFault_Handler  stm32f1xx_it.o
    0x08000372   0x08000372   0x00000002   PAD
    0x08000374   0x08000374   0x00000010   Code   RO          260    .text.CAN1_SCE_IRQHandler  stm32f1xx_it.o
    0x08000384   0x08000384   0x00000002   Code   RO          252    .text.DebugMon_Handler  stm32f1xx_it.o
    0x08000386   0x08000386   0x00000002   PAD
    0x08000388   0x08000388   0x0000000a   Code   RO          119    .text.Error_Handler  main.o
    0x08000392   0x08000392   0x00000002   PAD
    0x08000394   0x08000394   0x00000026   Code   RO          358    .text.HAL_CAN_ActivateNotification  stm32f1xx_hal_can.o
    0x080003ba   0x080003ba   0x00000002   PAD
    0x080003bc   0x080003bc   0x000000e8   Code   RO          334    .text.HAL_CAN_ConfigFilter  stm32f1xx_hal_can.o
    0x080004a4   0x080004a4   0x00000008   Code   RO          158    .text.HAL_CAN_ErrorCallback  can.o
    0x080004ac   0x080004ac   0x00000004   Code   RO          392    .text.HAL_CAN_GetError  stm32f1xx_hal_can.o
    0x080004b0   0x080004b0   0x0000011c   Code   RO          354    .text.HAL_CAN_GetRxMessage  stm32f1xx_hal_can.o
    0x080005cc   0x080005cc   0x0000023a   Code   RO          362    .text.HAL_CAN_IRQHandler  stm32f1xx_hal_can.o
    0x08000806   0x08000806   0x00000002   PAD
    0x08000808   0x08000808   0x000000f4   Code   RO          324    .text.HAL_CAN_Init  stm32f1xx_hal_can.o
    0x080008fc   0x080008fc   0x0000009e   Code   RO          146    .text.HAL_CAN_MspInit  can.o
    0x0800099a   0x0800099a   0x00000002   PAD
    0x0800099c   0x0800099c   0x00000002   Code   RO          152    .text.HAL_CAN_RxFifo0FullCallback  can.o
    0x0800099e   0x0800099e   0x00000002   PAD
    0x080009a0   0x080009a0   0x0000003e   Code   RO          150    .text.HAL_CAN_RxFifo0MsgPendingCallback  can.o
    0x080009de   0x080009de   0x00000002   PAD
    0x080009e0   0x080009e0   0x00000002   Code   RO          156    .text.HAL_CAN_RxFifo1FullCallback  can.o
    0x080009e2   0x080009e2   0x00000002   PAD
    0x080009e4   0x080009e4   0x0000003e   Code   RO          154    .text.HAL_CAN_RxFifo1MsgPendingCallback  can.o
    0x08000a22   0x08000a22   0x00000002   PAD
    0x08000a24   0x08000a24   0x00000002   Code   RO          384    .text.HAL_CAN_SleepCallback  stm32f1xx_hal_can.o
    0x08000a26   0x08000a26   0x00000002   PAD
    0x08000a28   0x08000a28   0x0000005a   Code   RO          336    .text.HAL_CAN_Start  stm32f1xx_hal_can.o
    0x08000a82   0x08000a82   0x00000002   PAD
    0x08000a84   0x08000a84   0x00000002   Code   RO          366    .text.HAL_CAN_TxMailbox0AbortCallback  stm32f1xx_hal_can.o
    0x08000a86   0x08000a86   0x00000002   PAD
    0x08000a88   0x08000a88   0x00000002   Code   RO          364    .text.HAL_CAN_TxMailbox0CompleteCallback  stm32f1xx_hal_can.o
    0x08000a8a   0x08000a8a   0x00000002   PAD
    0x08000a8c   0x08000a8c   0x00000002   Code   RO          370    .text.HAL_CAN_TxMailbox1AbortCallback  stm32f1xx_hal_can.o
    0x08000a8e   0x08000a8e   0x00000002   PAD
    0x08000a90   0x08000a90   0x00000002   Code   RO          368    .text.HAL_CAN_TxMailbox1CompleteCallback  stm32f1xx_hal_can.o
    0x08000a92   0x08000a92   0x00000002   PAD
    0x08000a94   0x08000a94   0x00000002   Code   RO          374    .text.HAL_CAN_TxMailbox2AbortCallback  stm32f1xx_hal_can.o
    0x08000a96   0x08000a96   0x00000002   PAD
    0x08000a98   0x08000a98   0x00000002   Code   RO          372    .text.HAL_CAN_TxMailbox2CompleteCallback  stm32f1xx_hal_can.o
    0x08000a9a   0x08000a9a   0x00000002   PAD
    0x08000a9c   0x08000a9c   0x00000002   Code   RO          386    .text.HAL_CAN_WakeUpFromRxMsgCallback  stm32f1xx_hal_can.o
    0x08000a9e   0x08000a9e   0x00000002   PAD
    0x08000aa0   0x08000aa0   0x000001fa   Code   RO          667    .text.HAL_GPIO_Init  stm32f1xx_hal_gpio.o
    0x08000c9a   0x08000c9a   0x00000002   PAD
    0x08000c9c   0x08000c9c   0x0000000c   Code   RO          566    .text.HAL_GetTick   stm32f1xx_hal.o
    0x08000ca8   0x08000ca8   0x0000000c   Code   RO          572    .text.HAL_GetTickFreq  stm32f1xx_hal.o
    0x08000cb4   0x08000cb4   0x00000198   Code   RO          938    .text.HAL_I2C_Init  stm32f1xx_hal_i2c.o
    0x08000e4c   0x08000e4c   0x0000006a   Code   RO          181    .text.HAL_I2C_MspInit  i2c.o
    0x08000eb6   0x08000eb6   0x00000002   PAD
    0x08000eb8   0x08000eb8   0x0000001a   Code   RO          564    .text.HAL_IncTick   stm32f1xx_hal.o
    0x08000ed2   0x08000ed2   0x00000002   PAD
    0x08000ed4   0x08000ed4   0x00000026   Code   RO          554    .text.HAL_Init      stm32f1xx_hal.o
    0x08000efa   0x08000efa   0x00000002   PAD
    0x08000efc   0x08000efc   0x00000050   Code   RO          556    .text.HAL_InitTick  stm32f1xx_hal.o
    0x08000f4c   0x08000f4c   0x00000042   Code   RO          275    .text.HAL_MspInit   stm32f1xx_hal_msp.o
    0x08000f8e   0x08000f8e   0x00000002   PAD
    0x08000f90   0x08000f90   0x00000008   Code   RO          737    .text.HAL_NVIC_EnableIRQ  stm32f1xx_hal_cortex.o
    0x08000f98   0x08000f98   0x0000001e   Code   RO          729    .text.HAL_NVIC_SetPriority  stm32f1xx_hal_cortex.o
    0x08000fb6   0x08000fb6   0x00000002   PAD
    0x08000fb8   0x08000fb8   0x00000008   Code   RO          725    .text.HAL_NVIC_SetPriorityGrouping  stm32f1xx_hal_cortex.o
    0x08000fc0   0x08000fc0   0x0000000c   Code   RO          631    .text.HAL_RCC_GetHCLKFreq  stm32f1xx_hal_rcc.o
    0x08000fcc   0x08000fcc   0x00000022   Code   RO          633    .text.HAL_RCC_GetPCLK1Freq  stm32f1xx_hal_rcc.o
    0x08000fee   0x08000fee   0x00000002   PAD
    0x08000ff0   0x08000ff0   0x00000008   Code   RO          749    .text.HAL_SYSTICK_Config  stm32f1xx_hal_cortex.o
    0x08000ff8   0x08000ff8   0x00000002   Code   RO          242    .text.HardFault_Handler  stm32f1xx_it.o
    0x08000ffa   0x08000ffa   0x00000002   PAD
    0x08000ffc   0x08000ffc   0x0000001c   Code   RO          132    .text.LL_APB2_GRP1_EnableClock  gpio.o
    0x08001018   0x08001018   0x0000001c   Code   RO          196    .text.LL_APB2_GRP1_EnableClock  usart.o
    0x08001034   0x08001034   0x00000010   Code   RO           97    .text.LL_FLASH_GetLatency  main.o
    0x08001044   0x08001044   0x00000014   Code   RO           95    .text.LL_FLASH_SetLatency  main.o
    0x08001058   0x08001058   0x00000086   Code   RO          304    .text.LL_GPIO_Init  stm32f1xx_ll_gpio.o
    0x080010de   0x080010de   0x00000002   PAD
    0x080010e0   0x080010e0   0x0000000e   Code   RO          134    .text.LL_GPIO_ResetOutputPin  gpio.o
    0x080010ee   0x080010ee   0x00000002   PAD
    0x080010f0   0x080010f0   0x00000028   Code   RO          308    .text.LL_GPIO_SetPinMode  stm32f1xx_ll_gpio.o
    0x08001118   0x08001118   0x00000028   Code   RO          312    .text.LL_GPIO_SetPinOutputType  stm32f1xx_ll_gpio.o
    0x08001140   0x08001140   0x0000001a   Code   RO          306    .text.LL_GPIO_SetPinPull  stm32f1xx_ll_gpio.o
    0x0800115a   0x0800115a   0x00000002   PAD
    0x0800115c   0x0800115c   0x00000028   Code   RO          310    .text.LL_GPIO_SetPinSpeed  stm32f1xx_ll_gpio.o
    0x08001184   0x08001184   0x00000010   Code   RO          440    .text.LL_RCC_GetAHBPrescaler  stm32f1xx_ll_rcc.o
    0x08001194   0x08001194   0x00000010   Code   RO          442    .text.LL_RCC_GetAPB1Prescaler  stm32f1xx_ll_rcc.o
    0x080011a4   0x080011a4   0x00000010   Code   RO          444    .text.LL_RCC_GetAPB2Prescaler  stm32f1xx_ll_rcc.o
    0x080011b4   0x080011b4   0x00000010   Code   RO          117    .text.LL_RCC_GetSysClkSource  main.o
    0x080011c4   0x080011c4   0x00000010   Code   RO          412    .text.LL_RCC_GetSysClkSource  stm32f1xx_ll_rcc.o
    0x080011d4   0x080011d4   0x00000022   Code   RO          420    .text.LL_RCC_GetSystemClocksFreq  stm32f1xx_ll_rcc.o
    0x080011f6   0x080011f6   0x00000002   PAD
    0x080011f8   0x080011f8   0x00000012   Code   RO           99    .text.LL_RCC_HSE_Enable  main.o
    0x0800120a   0x0800120a   0x00000002   PAD
    0x0800120c   0x0800120c   0x00000010   Code   RO          101    .text.LL_RCC_HSE_IsReady  main.o
    0x0800121c   0x0800121c   0x00000014   Code   RO          103    .text.LL_RCC_PLL_ConfigDomain_SYS  main.o
    0x08001230   0x08001230   0x00000012   Code   RO          105    .text.LL_RCC_PLL_Enable  main.o
    0x08001242   0x08001242   0x00000002   PAD
    0x08001244   0x08001244   0x00000010   Code   RO          446    .text.LL_RCC_PLL_GetMainSource  stm32f1xx_ll_rcc.o
    0x08001254   0x08001254   0x00000010   Code   RO          450    .text.LL_RCC_PLL_GetMultiplicator  stm32f1xx_ll_rcc.o
    0x08001264   0x08001264   0x00000010   Code   RO          448    .text.LL_RCC_PLL_GetPrediv  stm32f1xx_ll_rcc.o
    0x08001274   0x08001274   0x00000010   Code   RO          107    .text.LL_RCC_PLL_IsReady  main.o
    0x08001284   0x08001284   0x00000012   Code   RO          109    .text.LL_RCC_SetAHBPrescaler  main.o
    0x08001296   0x08001296   0x00000002   PAD
    0x08001298   0x08001298   0x00000014   Code   RO          111    .text.LL_RCC_SetAPB1Prescaler  main.o
    0x080012ac   0x080012ac   0x00000012   Code   RO          113    .text.LL_RCC_SetAPB2Prescaler  main.o
    0x080012be   0x080012be   0x00000002   PAD
    0x080012c0   0x080012c0   0x00000014   Code   RO          115    .text.LL_RCC_SetSysClkSource  main.o
    0x080012d4   0x080012d4   0x0000000c   Code   RO          466    .text.LL_SetSystemCoreClock  stm32f1xx_ll_utils.o
    0x080012e0   0x080012e0   0x00000010   Code   RO          210    .text.LL_USART_ClearFlag_RXNE  usart.o
    0x080012f0   0x080012f0   0x0000001a   Code   RO          206    .text.LL_USART_ConfigAsyncMode  usart.o
    0x0800130a   0x0800130a   0x00000002   PAD
    0x0800130c   0x0800130c   0x00000012   Code   RO          228    .text.LL_USART_DisableIT_RXNE  usart.o
    0x0800131e   0x0800131e   0x00000002   PAD
    0x08001320   0x08001320   0x00000012   Code   RO          208    .text.LL_USART_Enable  usart.o
    0x08001332   0x08001332   0x00000002   PAD
    0x08001334   0x08001334   0x00000012   Code   RO          214    .text.LL_USART_EnableIT_ERROR  usart.o
    0x08001346   0x08001346   0x00000002   PAD
    0x08001348   0x08001348   0x00000012   Code   RO          212    .text.LL_USART_EnableIT_RXNE  usart.o
    0x0800135a   0x0800135a   0x00000002   PAD
    0x0800135c   0x0800135c   0x00000088   Code   RO         1120    .text.LL_USART_Init  stm32f1xx_ll_usart.o
    0x080013e4   0x080013e4   0x00000010   Code   RO          264    .text.LL_USART_IsActiveFlag_RXNE  stm32f1xx_it.o
    0x080013f4   0x080013f4   0x00000008   Code   RO         1122    .text.LL_USART_IsEnabled  stm32f1xx_ll_usart.o
    0x080013fc   0x080013fc   0x00000010   Code   RO          266    .text.LL_USART_IsEnabledIT_RXNE  stm32f1xx_it.o
    0x0800140c   0x0800140c   0x0000000e   Code   RO          222    .text.LL_USART_ReceiveData8  usart.o
    0x0800141a   0x0800141a   0x00000002   PAD
    0x0800141c   0x0800141c   0x00000040   Code   RO         1128    .text.LL_USART_SetBaudRate  stm32f1xx_ll_usart.o
    0x0800145c   0x0800145c   0x0000000c   Code   RO         1126    .text.LL_USART_SetHWFlowCtrl  stm32f1xx_ll_usart.o
    0x08001468   0x08001468   0x0000000c   Code   RO         1124    .text.LL_USART_SetStopBitsLength  stm32f1xx_ll_usart.o
    0x08001474   0x08001474   0x00000090   Code   RO          144    .text.MX_CAN_Init   can.o
    0x08001504   0x08001504   0x00000048   Code   RO          130    .text.MX_GPIO_Init  gpio.o
    0x0800154c   0x0800154c   0x0000003e   Code   RO          179    .text.MX_I2C2_Init  i2c.o
    0x0800158a   0x0800158a   0x00000002   PAD
    0x0800158c   0x0800158c   0x000000ae   Code   RO          194    .text.MX_USART1_UART_Init  usart.o
    0x0800163a   0x0800163a   0x00000002   PAD
    0x0800163c   0x0800163c   0x00000002   Code   RO          244    .text.MemManage_Handler  stm32f1xx_it.o
    0x0800163e   0x0800163e   0x00000002   PAD
    0x08001640   0x08001640   0x00000002   Code   RO          240    .text.NMI_Handler   stm32f1xx_it.o
    0x08001642   0x08001642   0x00000002   PAD
    0x08001644   0x08001644   0x00000004   Code   RO          200    .text.NVIC_EncodePriority  usart.o
    0x08001648   0x08001648   0x0000002c   Code   RO          735    .text.NVIC_EncodePriority  stm32f1xx_hal_cortex.o
    0x08001674   0x08001674   0x00000002   Code   RO          254    .text.PendSV_Handler  stm32f1xx_it.o
    0x08001676   0x08001676   0x00000002   PAD
    0x08001678   0x08001678   0x0000001c   Code   RO          424    .text.RCC_GetHCLKClockFreq  stm32f1xx_ll_rcc.o
    0x08001694   0x08001694   0x0000001a   Code   RO          426    .text.RCC_GetPCLK1ClockFreq  stm32f1xx_ll_rcc.o
    0x080016ae   0x080016ae   0x00000002   PAD
    0x080016b0   0x080016b0   0x0000001a   Code   RO          428    .text.RCC_GetPCLK2ClockFreq  stm32f1xx_ll_rcc.o
    0x080016ca   0x080016ca   0x00000002   PAD
    0x080016cc   0x080016cc   0x00000018   Code   RO          422    .text.RCC_GetSystemClockFreq  stm32f1xx_ll_rcc.o
    0x080016e4   0x080016e4   0x00000036   Code   RO          434    .text.RCC_PLL_GetFreqDomain_SYS  stm32f1xx_ll_rcc.o
    0x0800171a   0x0800171a   0x00000002   PAD
    0x0800171c   0x0800171c   0x00000028   Code   RO          220    .text.RS232_CharReception_Callback  usart.o
    0x08001744   0x08001744   0x00000012   Code   RO          216    .text.RS232_PutByte  usart.o
    0x08001756   0x08001756   0x00000002   PAD
    0x08001758   0x08001758   0x0000001c   Code   RO          218    .text.RS232_PutString  usart.o
    0x08001774   0x08001774   0x00000002   Code   RO          250    .text.SVC_Handler   stm32f1xx_it.o
    0x08001776   0x08001776   0x00000002   PAD
    0x08001778   0x08001778   0x0000002e   Code   RO          751    .text.SysTick_Config  stm32f1xx_hal_cortex.o
    0x080017a6   0x080017a6   0x00000002   PAD
    0x080017a8   0x080017a8   0x00000008   Code   RO          256    .text.SysTick_Handler  stm32f1xx_it.o
    0x080017b0   0x080017b0   0x00000060   Code   RO           93    .text.SystemClock_Config  main.o
    0x08001810   0x08001810   0x00000002   Code   RO         1183    .text.SystemInit    system_stm32f1xx.o
    0x08001812   0x08001812   0x00000002   PAD
    0x08001814   0x08001814   0x0000013c   Code   RO           64    .text.TaskCommUPS   megatec.o
    0x08001950   0x08001950   0x00000052   Code   RO           68    .text.UPS_PROTOCOL_Create  megatec.o
    0x080019a2   0x080019a2   0x00000002   PAD
    0x080019a4   0x080019a4   0x00000098   Code   RO           66    .text.UPS_PROTOCOL_Process  megatec.o
    0x08001a3c   0x08001a3c   0x0000000a   Code   RO           70    .text.UPS_PROTOCOL_Reset  megatec.o
    0x08001a46   0x08001a46   0x00000002   PAD
    0x08001a48   0x08001a48   0x0000001a   Code   RO          262    .text.USART1_IRQHandler  stm32f1xx_it.o
    0x08001a62   0x08001a62   0x00000002   PAD
    0x08001a64   0x08001a64   0x00000010   Code   RO          258    .text.USB_LP_CAN1_RX0_IRQHandler  stm32f1xx_it.o
    0x08001a74   0x08001a74   0x0000001e   Code   RO          224    .text.UartGetc      usart.o
    0x08001a92   0x08001a92   0x00000002   PAD
    0x08001a94   0x08001a94   0x0000001a   Code   RO          226    .text.UartRxClear   usart.o
    0x08001aae   0x08001aae   0x00000002   PAD
    0x08001ab0   0x08001ab0   0x00000002   Code   RO          248    .text.UsageFault_Handler  stm32f1xx_it.o
    0x08001ab2   0x08001ab2   0x00000002   PAD
    0x08001ab4   0x08001ab4   0x0000000e   Code   RO          204    .text.__NVIC_EnableIRQ  usart.o
    0x08001ac2   0x08001ac2   0x00000002   PAD
    0x08001ac4   0x08001ac4   0x00000020   Code   RO          739    .text.__NVIC_EnableIRQ  stm32f1xx_hal_cortex.o
    0x08001ae4   0x08001ae4   0x00000010   Code   RO          202    .text.__NVIC_GetPriorityGrouping  usart.o
    0x08001af4   0x08001af4   0x00000010   Code   RO          731    .text.__NVIC_GetPriorityGrouping  stm32f1xx_hal_cortex.o
    0x08001b04   0x08001b04   0x0000000e   Code   RO          198    .text.__NVIC_SetPriority  usart.o
    0x08001b12   0x08001b12   0x00000002   PAD
    0x08001b14   0x08001b14   0x00000022   Code   RO          733    .text.__NVIC_SetPriority  stm32f1xx_hal_cortex.o
    0x08001b36   0x08001b36   0x00000002   PAD
    0x08001b38   0x08001b38   0x00000020   Code   RO          727    .text.__NVIC_SetPriorityGrouping  stm32f1xx_hal_cortex.o
    0x08001b58   0x08001b58   0x0000002e   Code   RO           91    .text.main          main.o
    0x08001b86   0x08001b86   0x00000010   Data   RO         1188    .rodata.AHBPrescTable  system_stm32f1xx.o
    0x08001b96   0x08001b96   0x00000008   Data   RO         1189    .rodata.APBPrescTable  system_stm32f1xx.o
    0x08001b9e   0x08001b9e   0x00000004   Data   RO           74    .rodata.status      megatec.o
    0x08001ba2   0x08001ba2   0x00000002   PAD
    0x08001ba4   0x08001ba4   0x00000020   Data   RO         1371    Region$$Table       anon$$obj.o


    Execution Region RW_IRAM1 (Exec base: 0x20000000, Load base: 0x08001bc8, Size: 0x00000968, Max: 0x00005000, ABSOLUTE)

    Exec Addr    Load Addr    Size         Type   Attr      Idx    E Section Name        Object

    0x20000000   0x08001bc8   0x00000004   Data   RW         1187    .data.SystemCoreClock  system_stm32f1xx.o
    0x20000004   0x08001bcc   0x00000004   Data   RW          121    .data.g_MyFlags     main.o
    0x20000008   0x08001bd0   0x00000001   Data   RW           77    .data.state         megatec.o
    0x20000009   0x08001bd1   0x00000001   Data   RW          605    .data.uwTickFreq    stm32f1xx_hal.o
    0x2000000a   0x08001bd2   0x00000002   PAD
    0x2000000c   0x08001bd4   0x00000004   Data   RW          604    .data.uwTickPrio    stm32f1xx_hal.o
    0x20000010        -       0x00000060   Zero   RW         1238    .bss                c_w.l(libspace.o)
    0x20000070        -       0x00000009   Zero   RW          167    .bss.CAN1_RX        can.o
    0x20000079   0x08001bd8   0x00000003   PAD
    0x2000007c        -       0x0000001c   Zero   RW          168    .bss.CAN_RxHeader   can.o
    0x20000098        -       0x00000004   Zero   RW           75    .bss.TaskCommUPS.ticks  megatec.o
    0x2000009c        -       0x00000004   Zero   RW           76    .bss.TaskCommUPS.ups_h  megatec.o
    0x200000a0        -       0x00000001   Zero   RW           80    .bss.UPS_PROTOCOL_Create.need_init  megatec.o
    0x200000a1        -       0x000000ca   Zero   RW          230    .bss.UPS_rx_data    usart.o
    0x2000016b   0x08001bd8   0x00000001   PAD
    0x2000016c        -       0x00000028   Zero   RW          166    .bss.hcan           can.o
    0x20000194        -       0x00000054   Zero   RW          185    .bss.hi2c2          i2c.o
    0x200001e8        -       0x00000001   Zero   RW           82    .bss.m_Handle_In_Use.0  megatec.o
    0x200001e9   0x08001bd8   0x00000003   PAD
    0x200001ec        -       0x0000010c   Zero   RW           81    .bss.m_UPS_PROTOCOL_Instances  megatec.o
    0x200002f8        -       0x00000004   Zero   RW           79    .bss.msg_flags      megatec.o
    0x200002fc        -       0x00000068   Zero   RW           78    .bss.ups_msg_items  megatec.o
    0x20000364        -       0x00000004   Zero   RW          606    .bss.uwTick         stm32f1xx_hal.o
    0x20000368        -       0x00000200   Zero   RW            2    HEAP                startup_stm32f103xb.o
    0x20000568        -       0x00000400   Zero   RW            1    STACK               startup_stm32f103xb.o


==============================================================================

Image component sizes


      Code (inc. data)   RO Data    RW Data    ZI Data      Debug   Object Name

       438          0          0          0         77       7613   can.o
       114          0          0          0          0       1794   gpio.o
       168          0          0          0         84       4312   i2c.o
       368          0          0          4          0       3237   main.o
       560          6          4          1        386       3348   megatec.o
        64         26        236          0       1536        772   startup_stm32f103xb.o
       168          0          0          5          4       5714   stm32f1xx_hal.o
      1478          6          0          0          0      13104   stm32f1xx_hal_can.o
       258          0          0          0          0       8689   stm32f1xx_hal_cortex.o
       506         20          0          0          0       4645   stm32f1xx_hal_gpio.o
       408          0          0          0          0      39551   stm32f1xx_hal_i2c.o
        66          0          0          0          0       1174   stm32f1xx_hal_msp.o
        46          0          0          0          0       7013   stm32f1xx_hal_rcc.o
       114          0          0          0          0       2346   stm32f1xx_it.o
       280          0          0          0          0       3428   stm32f1xx_ll_gpio.o
       304          0          0          0          0       4985   stm32f1xx_ll_rcc.o
       232          0          0          0          0       4797   stm32f1xx_ll_usart.o
        12          0          0          0          0       7193   stm32f1xx_ll_utils.o
         2          0         24          4          0       1600   system_stm32f1xx.o
       520          0          0          0        202       6851   usart.o

    ----------------------------------------------------------------------
      6230         58        298         16       2296     132166   Object Totals
         0          0         32          0          0          0   (incl. Generated)
       124          0          2          2          7          0   (incl. Padding)

    ----------------------------------------------------------------------

      Code (inc. data)   RO Data    RW Data    ZI Data      Debug   Library Member Name

         8          0          0          0          0         68   __main.o
         0          0          0          0          0          0   __rtentry.o
        12          0          0          0          0          0   __rtentry2.o
         6          0          0          0          0          0   __rtentry4.o
        52          8          0          0          0          0   __scatter.o
        26          0          0          0          0          0   __scatter_copy.o
        28          0          0          0          0          0   __scatter_zi.o
        18          0          0          0          0         80   exit.o
         6          0          0          0          0        152   heapauxi.o
         0          0          0          0          0          0   indicate_semi.o
         2          0          0          0          0          0   libinit.o
         2          0          0          0          0          0   libinit2.o
         2          0          0          0          0          0   libshutdown.o
         2          0          0          0          0          0   libshutdown2.o
         8          4          0          0         96         68   libspace.o
       138          0          0          0          0         68   rt_memcpy_v6.o
       100          0          0          0          0         80   rt_memcpy_w.o
         2          0          0          0          0          0   rtexit.o
        10          0          0          0          0          0   rtexit2.o
        62          0          0          0          0         76   strlen.o
        12          4          0          0          0         68   sys_exit.o
        74          0          0          0          0         80   sys_stackheap_outer.o
         2          0          0          0          0         68   use_no_semi.o

    ----------------------------------------------------------------------
       580         16          0          0         96        808   Library Totals
         8          0          0          0          0          0   (incl. Padding)

    ----------------------------------------------------------------------

      Code (inc. data)   RO Data    RW Data    ZI Data      Debug   Library Name

       572         16          0          0         96        808   c_w.l

    ----------------------------------------------------------------------
       580         16          0          0         96        808   Library Totals

    ----------------------------------------------------------------------

==============================================================================


      Code (inc. data)   RO Data    RW Data    ZI Data      Debug   

      6810         74        298         16       2392     132350   Grand Totals
      6810         74        298         16       2392     132350   ELF Image Totals
      6810         74        298         16          0          0   ROM Totals

==============================================================================

    Total RO  Size (Code + RO Data)                 7108 (   6.94kB)
    Total RW  Size (RW Data + ZI Data)              2408 (   2.35kB)
    Total ROM Size (Code + RO Data + RW Data)       7124 (   6.96kB)

==============================================================================

